running develop
running egg_info
creating go2_robot_sdk.egg-info
writing go2_robot_sdk.egg-info/PKG-INFO
writing dependency_links to go2_robot_sdk.egg-info/dependency_links.txt
writing entry points to go2_robot_sdk.egg-info/entry_points.txt
writing requirements to go2_robot_sdk.egg-info/requires.txt
writing top-level names to go2_robot_sdk.egg-info/top_level.txt
writing manifest file 'go2_robot_sdk.egg-info/SOURCES.txt'
reading manifest file 'go2_robot_sdk.egg-info/SOURCES.txt'
writing manifest file 'go2_robot_sdk.egg-info/SOURCES.txt'
running build_ext
Creating /home/htrice/go2_ros2_curr/install/go2_robot_sdk/lib/python3.10/site-packages/go2-robot-sdk.egg-link (link to .)
Installing go2_driver_node script to /home/htrice/go2_ros2_curr/install/go2_robot_sdk/lib/go2_robot_sdk

Installed /home/htrice/go2_ros2_curr/build/go2_robot_sdk
running symlink_data
creating /home/htrice/go2_ros2_curr/install/go2_robot_sdk/share/ament_index
creating /home/htrice/go2_ros2_curr/install/go2_robot_sdk/share/ament_index/resource_index
creating /home/htrice/go2_ros2_curr/install/go2_robot_sdk/share/ament_index/resource_index/packages
symbolically linking /home/htrice/go2_ros2_curr/build/go2_robot_sdk/resource/go2_robot_sdk -> /home/htrice/go2_ros2_curr/install/go2_robot_sdk/share/ament_index/resource_index/packages
symbolically linking /home/htrice/go2_ros2_curr/build/go2_robot_sdk/package.xml -> /home/htrice/go2_ros2_curr/install/go2_robot_sdk/share/go2_robot_sdk
creating /home/htrice/go2_ros2_curr/install/go2_robot_sdk/share/go2_robot_sdk/launch
symbolically linking /home/htrice/go2_ros2_curr/build/go2_robot_sdk/launch/robot.launch.py -> /home/htrice/go2_ros2_curr/install/go2_robot_sdk/share/go2_robot_sdk/launch
symbolically linking /home/htrice/go2_ros2_curr/build/go2_robot_sdk/launch/webrtc_web.launch.py -> /home/htrice/go2_ros2_curr/install/go2_robot_sdk/share/go2_robot_sdk/launch
creating /home/htrice/go2_ros2_curr/install/go2_robot_sdk/share/go2_robot_sdk/urdf
symbolically linking /home/htrice/go2_ros2_curr/build/go2_robot_sdk/urdf/go2_on_steroids.urdf -> /home/htrice/go2_ros2_curr/install/go2_robot_sdk/share/go2_robot_sdk/urdf
symbolically linking /home/htrice/go2_ros2_curr/build/go2_robot_sdk/urdf/go2_with_realsense.urdf -> /home/htrice/go2_ros2_curr/install/go2_robot_sdk/share/go2_robot_sdk/urdf
symbolically linking /home/htrice/go2_ros2_curr/build/go2_robot_sdk/urdf/go2.urdf -> /home/htrice/go2_ros2_curr/install/go2_robot_sdk/share/go2_robot_sdk/urdf
symbolically linking /home/htrice/go2_ros2_curr/build/go2_robot_sdk/urdf/multi_go2.urdf -> /home/htrice/go2_ros2_curr/install/go2_robot_sdk/share/go2_robot_sdk/urdf
creating /home/htrice/go2_ros2_curr/install/go2_robot_sdk/share/go2_robot_sdk/dae
symbolically linking /home/htrice/go2_ros2_curr/build/go2_robot_sdk/dae/calf.dae -> /home/htrice/go2_ros2_curr/install/go2_robot_sdk/share/go2_robot_sdk/dae
symbolically linking /home/htrice/go2_ros2_curr/build/go2_robot_sdk/dae/calf_mirror.dae -> /home/htrice/go2_ros2_curr/install/go2_robot_sdk/share/go2_robot_sdk/dae
symbolically linking /home/htrice/go2_ros2_curr/build/go2_robot_sdk/dae/base.dae -> /home/htrice/go2_ros2_curr/install/go2_robot_sdk/share/go2_robot_sdk/dae
symbolically linking /home/htrice/go2_ros2_curr/build/go2_robot_sdk/dae/thigh_mirror.dae -> /home/htrice/go2_ros2_curr/install/go2_robot_sdk/share/go2_robot_sdk/dae
symbolically linking /home/htrice/go2_ros2_curr/build/go2_robot_sdk/dae/hip.dae -> /home/htrice/go2_ros2_curr/install/go2_robot_sdk/share/go2_robot_sdk/dae
symbolically linking /home/htrice/go2_ros2_curr/build/go2_robot_sdk/dae/thigh.dae -> /home/htrice/go2_ros2_curr/install/go2_robot_sdk/share/go2_robot_sdk/dae
symbolically linking /home/htrice/go2_ros2_curr/build/go2_robot_sdk/dae/foot.dae -> /home/htrice/go2_ros2_curr/install/go2_robot_sdk/share/go2_robot_sdk/dae
creating /home/htrice/go2_ros2_curr/install/go2_robot_sdk/share/go2_robot_sdk/meshes
symbolically linking /home/htrice/go2_ros2_curr/build/go2_robot_sdk/meshes/front_d_camera.STL -> /home/htrice/go2_ros2_curr/install/go2_robot_sdk/share/go2_robot_sdk/meshes
symbolically linking /home/htrice/go2_ros2_curr/build/go2_robot_sdk/meshes/right_d_camera.STL -> /home/htrice/go2_ros2_curr/install/go2_robot_sdk/share/go2_robot_sdk/meshes
symbolically linking /home/htrice/go2_ros2_curr/build/go2_robot_sdk/meshes/base.STL -> /home/htrice/go2_ros2_curr/install/go2_robot_sdk/share/go2_robot_sdk/meshes
symbolically linking /home/htrice/go2_ros2_curr/build/go2_robot_sdk/meshes/left_d_camera.STL -> /home/htrice/go2_ros2_curr/install/go2_robot_sdk/share/go2_robot_sdk/meshes
symbolically linking /home/htrice/go2_ros2_curr/build/go2_robot_sdk/meshes/lidar_link.STL -> /home/htrice/go2_ros2_curr/install/go2_robot_sdk/share/go2_robot_sdk/meshes
creating /home/htrice/go2_ros2_curr/install/go2_robot_sdk/share/go2_robot_sdk/config
symbolically linking /home/htrice/go2_ros2_curr/build/go2_robot_sdk/config/twist_mux.yaml -> /home/htrice/go2_ros2_curr/install/go2_robot_sdk/share/go2_robot_sdk/config
symbolically linking /home/htrice/go2_ros2_curr/build/go2_robot_sdk/config/mapper_params_online_async.yaml -> /home/htrice/go2_ros2_curr/install/go2_robot_sdk/share/go2_robot_sdk/config
symbolically linking /home/htrice/go2_ros2_curr/build/go2_robot_sdk/config/cyclonedds_config.rviz -> /home/htrice/go2_ros2_curr/install/go2_robot_sdk/share/go2_robot_sdk/config
symbolically linking /home/htrice/go2_ros2_curr/build/go2_robot_sdk/config/single_robot_conf.rviz -> /home/htrice/go2_ros2_curr/install/go2_robot_sdk/share/go2_robot_sdk/config
symbolically linking /home/htrice/go2_ros2_curr/build/go2_robot_sdk/config/multi_robot_conf.rviz -> /home/htrice/go2_ros2_curr/install/go2_robot_sdk/share/go2_robot_sdk/config
symbolically linking /home/htrice/go2_ros2_curr/build/go2_robot_sdk/config/nav2_params.yaml -> /home/htrice/go2_ros2_curr/install/go2_robot_sdk/share/go2_robot_sdk/config
symbolically linking /home/htrice/go2_ros2_curr/build/go2_robot_sdk/config/joystick.yaml -> /home/htrice/go2_ros2_curr/install/go2_robot_sdk/share/go2_robot_sdk/config
creating /home/htrice/go2_ros2_curr/install/go2_robot_sdk/share/go2_robot_sdk/calibration
symbolically linking /home/htrice/go2_ros2_curr/build/go2_robot_sdk/calibration/front_camera_720.yaml -> /home/htrice/go2_ros2_curr/install/go2_robot_sdk/share/go2_robot_sdk/calibration
symbolically linking /home/htrice/go2_ros2_curr/build/go2_robot_sdk/calibration/front_camera_1080.yaml -> /home/htrice/go2_ros2_curr/install/go2_robot_sdk/share/go2_robot_sdk/calibration
creating /home/htrice/go2_ros2_curr/install/go2_robot_sdk/share/go2_robot_sdk/external_lib
symbolically linking /home/htrice/go2_ros2_curr/build/go2_robot_sdk/external_lib/libvoxel.wasm -> /home/htrice/go2_ros2_curr/install/go2_robot_sdk/share/go2_robot_sdk/external_lib
creating /home/htrice/go2_ros2_curr/install/go2_robot_sdk/share/go2_robot_sdk/external_lib/aioice
symbolically linking /home/htrice/go2_ros2_curr/build/go2_robot_sdk/external_lib/aioice/src/aioice/turn.py -> /home/htrice/go2_ros2_curr/install/go2_robot_sdk/share/go2_robot_sdk/external_lib/aioice
symbolically linking /home/htrice/go2_ros2_curr/build/go2_robot_sdk/external_lib/aioice/src/aioice/mdns.py -> /home/htrice/go2_ros2_curr/install/go2_robot_sdk/share/go2_robot_sdk/external_lib/aioice
symbolically linking /home/htrice/go2_ros2_curr/build/go2_robot_sdk/external_lib/aioice/src/aioice/utils.py -> /home/htrice/go2_ros2_curr/install/go2_robot_sdk/share/go2_robot_sdk/external_lib/aioice
symbolically linking /home/htrice/go2_ros2_curr/build/go2_robot_sdk/external_lib/aioice/src/aioice/candidate.py -> /home/htrice/go2_ros2_curr/install/go2_robot_sdk/share/go2_robot_sdk/external_lib/aioice
symbolically linking /home/htrice/go2_ros2_curr/build/go2_robot_sdk/external_lib/aioice/src/aioice/ice.py -> /home/htrice/go2_ros2_curr/install/go2_robot_sdk/share/go2_robot_sdk/external_lib/aioice
symbolically linking /home/htrice/go2_ros2_curr/build/go2_robot_sdk/external_lib/aioice/src/aioice/__init__.py -> /home/htrice/go2_ros2_curr/install/go2_robot_sdk/share/go2_robot_sdk/external_lib/aioice
symbolically linking /home/htrice/go2_ros2_curr/build/go2_robot_sdk/external_lib/aioice/src/aioice/stun.py -> /home/htrice/go2_ros2_curr/install/go2_robot_sdk/share/go2_robot_sdk/external_lib/aioice
symbolically linking /home/htrice/go2_ros2_curr/build/go2_robot_sdk/external_lib/aioice/src/aioice/py.typed -> /home/htrice/go2_ros2_curr/install/go2_robot_sdk/share/go2_robot_sdk/external_lib/aioice
