[0.193s] DEBUG:colcon:Command line arguments: ['/usr/bin/colcon', 'build', '--symlink-install']
[0.193s] DEBUG:colcon:Parsed command line arguments: Namespace(log_base=None, log_level=None, verb_name='build', build_base='build', install_base='install', merge_install=False, symlink_install=True, test_result_base=None, continue_on_error=False, executor='parallel', parallel_workers=16, event_handlers=None, ignore_user_meta=False, metas=['./colcon.meta'], base_paths=['.'], packages_ignore=None, packages_ignore_regex=None, paths=None, packages_up_to=None, packages_up_to_regex=None, packages_above=None, packages_above_and_dependencies=None, packages_above_depth=None, packages_select_by_dep=None, packages_skip_by_dep=None, packages_skip_up_to=None, packages_select_build_failed=False, packages_skip_build_finished=False, packages_select_test_failures=False, packages_skip_test_passed=False, packages_select=None, packages_skip=None, packages_select_regex=None, packages_skip_regex=None, packages_start=None, packages_end=None, allow_overriding=[], cmake_args=None, cmake_target=None, cmake_target_skip_unavailable=False, cmake_clean_cache=False, cmake_clean_first=False, cmake_force_configure=False, ament_cmake_args=None, catkin_cmake_args=None, catkin_skip_building_tests=False, verb_parser=<colcon_defaults.argument_parser.defaults.DefaultArgumentsDecorator object at 0x7f3e5a184df0>, verb_extension=<colcon_core.verb.build.BuildVerb object at 0x7f3e5a184820>, main=<bound method BuildVerb.main of <colcon_core.verb.build.BuildVerb object at 0x7f3e5a184820>>)
[0.372s] Level 1:colcon.colcon_core.package_discovery:discover_packages(colcon_meta) check parameters
[0.372s] Level 1:colcon.colcon_core.package_discovery:discover_packages(recursive) check parameters
[0.372s] Level 1:colcon.colcon_core.package_discovery:discover_packages(ignore) check parameters
[0.372s] Level 1:colcon.colcon_core.package_discovery:discover_packages(path) check parameters
[0.372s] Level 1:colcon.colcon_core.package_discovery:discover_packages(colcon_meta) discover
[0.372s] Level 1:colcon.colcon_core.package_discovery:discover_packages(recursive) discover
[0.372s] INFO:colcon.colcon_core.package_discovery:Crawling recursively for packages in '/home/htrice/go2_ros2_curr'
[0.372s] Level 1:colcon.colcon_core.package_identification:_identify(.) by extensions ['ignore', 'ignore_ament_install']
[0.372s] Level 1:colcon.colcon_core.package_identification:_identify(.) by extension 'ignore'
[0.372s] Level 1:colcon.colcon_core.package_identification:_identify(.) by extension 'ignore_ament_install'
[0.372s] Level 1:colcon.colcon_core.package_identification:_identify(.) by extensions ['colcon_pkg']
[0.372s] Level 1:colcon.colcon_core.package_identification:_identify(.) by extension 'colcon_pkg'
[0.372s] Level 1:colcon.colcon_core.package_identification:_identify(.) by extensions ['colcon_meta']
[0.372s] Level 1:colcon.colcon_core.package_identification:_identify(.) by extension 'colcon_meta'
[0.372s] Level 1:colcon.colcon_core.package_identification:_identify(.) by extensions ['ros']
[0.372s] Level 1:colcon.colcon_core.package_identification:_identify(.) by extension 'ros'
[0.381s] Level 1:colcon.colcon_core.package_identification:_identify(.) by extensions ['cmake', 'python']
[0.381s] Level 1:colcon.colcon_core.package_identification:_identify(.) by extension 'cmake'
[0.381s] Level 1:colcon.colcon_core.package_identification:_identify(.) by extension 'python'
[0.381s] Level 1:colcon.colcon_core.package_identification:_identify(.) by extensions ['python_setup_py']
[0.381s] Level 1:colcon.colcon_core.package_identification:_identify(.) by extension 'python_setup_py'
[0.381s] Level 1:colcon.colcon_core.package_identification:_identify(build) by extensions ['ignore', 'ignore_ament_install']
[0.381s] Level 1:colcon.colcon_core.package_identification:_identify(build) by extension 'ignore'
[0.381s] Level 1:colcon.colcon_core.package_identification:_identify(build) ignored
[0.381s] Level 1:colcon.colcon_core.package_identification:_identify(install) by extensions ['ignore', 'ignore_ament_install']
[0.381s] Level 1:colcon.colcon_core.package_identification:_identify(install) by extension 'ignore'
[0.381s] Level 1:colcon.colcon_core.package_identification:_identify(install) ignored
[0.381s] Level 1:colcon.colcon_core.package_identification:_identify(log) by extensions ['ignore', 'ignore_ament_install']
[0.382s] Level 1:colcon.colcon_core.package_identification:_identify(log) by extension 'ignore'
[0.382s] Level 1:colcon.colcon_core.package_identification:_identify(log) ignored
[0.382s] Level 1:colcon.colcon_core.package_identification:_identify(src) by extensions ['ignore', 'ignore_ament_install']
[0.382s] Level 1:colcon.colcon_core.package_identification:_identify(src) by extension 'ignore'
[0.382s] Level 1:colcon.colcon_core.package_identification:_identify(src) by extension 'ignore_ament_install'
[0.382s] Level 1:colcon.colcon_core.package_identification:_identify(src) by extensions ['colcon_pkg']
[0.382s] Level 1:colcon.colcon_core.package_identification:_identify(src) by extension 'colcon_pkg'
[0.382s] Level 1:colcon.colcon_core.package_identification:_identify(src) by extensions ['colcon_meta']
[0.382s] Level 1:colcon.colcon_core.package_identification:_identify(src) by extension 'colcon_meta'
[0.382s] Level 1:colcon.colcon_core.package_identification:_identify(src) by extensions ['ros']
[0.382s] Level 1:colcon.colcon_core.package_identification:_identify(src) by extension 'ros'
[0.382s] Level 1:colcon.colcon_core.package_identification:_identify(src) by extensions ['cmake', 'python']
[0.382s] Level 1:colcon.colcon_core.package_identification:_identify(src) by extension 'cmake'
[0.382s] Level 1:colcon.colcon_core.package_identification:_identify(src) by extension 'python'
[0.382s] Level 1:colcon.colcon_core.package_identification:_identify(src) by extensions ['python_setup_py']
[0.382s] Level 1:colcon.colcon_core.package_identification:_identify(src) by extension 'python_setup_py'
[0.382s] Level 1:colcon.colcon_core.package_identification:_identify(src/coco_detector) by extensions ['ignore', 'ignore_ament_install']
[0.382s] Level 1:colcon.colcon_core.package_identification:_identify(src/coco_detector) by extension 'ignore'
[0.382s] Level 1:colcon.colcon_core.package_identification:_identify(src/coco_detector) by extension 'ignore_ament_install'
[0.382s] Level 1:colcon.colcon_core.package_identification:_identify(src/coco_detector) by extensions ['colcon_pkg']
[0.382s] Level 1:colcon.colcon_core.package_identification:_identify(src/coco_detector) by extension 'colcon_pkg'
[0.382s] Level 1:colcon.colcon_core.package_identification:_identify(src/coco_detector) by extensions ['colcon_meta']
[0.382s] Level 1:colcon.colcon_core.package_identification:_identify(src/coco_detector) by extension 'colcon_meta'
[0.382s] Level 1:colcon.colcon_core.package_identification:_identify(src/coco_detector) by extensions ['ros']
[0.382s] Level 1:colcon.colcon_core.package_identification:_identify(src/coco_detector) by extension 'ros'
[0.384s] DEBUG:colcon.colcon_core.package_identification:Package 'src/coco_detector' with type 'ros.ament_python' and name 'coco_detector'
[0.384s] Level 1:colcon.colcon_core.package_identification:_identify(src/docker) by extensions ['ignore', 'ignore_ament_install']
[0.384s] Level 1:colcon.colcon_core.package_identification:_identify(src/docker) by extension 'ignore'
[0.384s] Level 1:colcon.colcon_core.package_identification:_identify(src/docker) by extension 'ignore_ament_install'
[0.384s] Level 1:colcon.colcon_core.package_identification:_identify(src/docker) by extensions ['colcon_pkg']
[0.384s] Level 1:colcon.colcon_core.package_identification:_identify(src/docker) by extension 'colcon_pkg'
[0.384s] Level 1:colcon.colcon_core.package_identification:_identify(src/docker) by extensions ['colcon_meta']
[0.384s] Level 1:colcon.colcon_core.package_identification:_identify(src/docker) by extension 'colcon_meta'
[0.384s] Level 1:colcon.colcon_core.package_identification:_identify(src/docker) by extensions ['ros']
[0.384s] Level 1:colcon.colcon_core.package_identification:_identify(src/docker) by extension 'ros'
[0.384s] Level 1:colcon.colcon_core.package_identification:_identify(src/docker) by extensions ['cmake', 'python']
[0.384s] Level 1:colcon.colcon_core.package_identification:_identify(src/docker) by extension 'cmake'
[0.385s] Level 1:colcon.colcon_core.package_identification:_identify(src/docker) by extension 'python'
[0.385s] Level 1:colcon.colcon_core.package_identification:_identify(src/docker) by extensions ['python_setup_py']
[0.385s] Level 1:colcon.colcon_core.package_identification:_identify(src/docker) by extension 'python_setup_py'
[0.385s] Level 1:colcon.colcon_core.package_identification:_identify(src/go2_interfaces) by extensions ['ignore', 'ignore_ament_install']
[0.385s] Level 1:colcon.colcon_core.package_identification:_identify(src/go2_interfaces) by extension 'ignore'
[0.385s] Level 1:colcon.colcon_core.package_identification:_identify(src/go2_interfaces) by extension 'ignore_ament_install'
[0.385s] Level 1:colcon.colcon_core.package_identification:_identify(src/go2_interfaces) by extensions ['colcon_pkg']
[0.385s] Level 1:colcon.colcon_core.package_identification:_identify(src/go2_interfaces) by extension 'colcon_pkg'
[0.385s] Level 1:colcon.colcon_core.package_identification:_identify(src/go2_interfaces) by extensions ['colcon_meta']
[0.385s] Level 1:colcon.colcon_core.package_identification:_identify(src/go2_interfaces) by extension 'colcon_meta'
[0.385s] Level 1:colcon.colcon_core.package_identification:_identify(src/go2_interfaces) by extensions ['ros']
[0.385s] Level 1:colcon.colcon_core.package_identification:_identify(src/go2_interfaces) by extension 'ros'
[0.385s] DEBUG:colcon.colcon_core.package_identification:Package 'src/go2_interfaces' with type 'ros.ament_cmake' and name 'go2_interfaces'
[0.385s] Level 1:colcon.colcon_core.package_identification:_identify(src/go2_robot_sdk) by extensions ['ignore', 'ignore_ament_install']
[0.386s] Level 1:colcon.colcon_core.package_identification:_identify(src/go2_robot_sdk) by extension 'ignore'
[0.386s] Level 1:colcon.colcon_core.package_identification:_identify(src/go2_robot_sdk) by extension 'ignore_ament_install'
[0.386s] Level 1:colcon.colcon_core.package_identification:_identify(src/go2_robot_sdk) by extensions ['colcon_pkg']
[0.386s] Level 1:colcon.colcon_core.package_identification:_identify(src/go2_robot_sdk) by extension 'colcon_pkg'
[0.386s] Level 1:colcon.colcon_core.package_identification:_identify(src/go2_robot_sdk) by extensions ['colcon_meta']
[0.386s] Level 1:colcon.colcon_core.package_identification:_identify(src/go2_robot_sdk) by extension 'colcon_meta'
[0.386s] Level 1:colcon.colcon_core.package_identification:_identify(src/go2_robot_sdk) by extensions ['ros']
[0.386s] Level 1:colcon.colcon_core.package_identification:_identify(src/go2_robot_sdk) by extension 'ros'
[0.393s] DEBUG:colcon.colcon_core.package_identification:Package 'src/go2_robot_sdk' with type 'ros.ament_python' and name 'go2_robot_sdk'
[0.393s] Level 1:colcon.colcon_core.package_identification:_identify(src/lidar_processor) by extensions ['ignore', 'ignore_ament_install']
[0.393s] Level 1:colcon.colcon_core.package_identification:_identify(src/lidar_processor) by extension 'ignore'
[0.393s] Level 1:colcon.colcon_core.package_identification:_identify(src/lidar_processor) by extension 'ignore_ament_install'
[0.393s] Level 1:colcon.colcon_core.package_identification:_identify(src/lidar_processor) by extensions ['colcon_pkg']
[0.393s] Level 1:colcon.colcon_core.package_identification:_identify(src/lidar_processor) by extension 'colcon_pkg'
[0.393s] Level 1:colcon.colcon_core.package_identification:_identify(src/lidar_processor) by extensions ['colcon_meta']
[0.393s] Level 1:colcon.colcon_core.package_identification:_identify(src/lidar_processor) by extension 'colcon_meta'
[0.393s] Level 1:colcon.colcon_core.package_identification:_identify(src/lidar_processor) by extensions ['ros']
[0.393s] Level 1:colcon.colcon_core.package_identification:_identify(src/lidar_processor) by extension 'ros'
[0.394s] DEBUG:colcon.colcon_core.package_identification:Package 'src/lidar_processor' with type 'ros.ament_python' and name 'lidar_processor'
[0.394s] Level 1:colcon.colcon_core.package_identification:_identify(src/speech_processor) by extensions ['ignore', 'ignore_ament_install']
[0.394s] Level 1:colcon.colcon_core.package_identification:_identify(src/speech_processor) by extension 'ignore'
[0.394s] Level 1:colcon.colcon_core.package_identification:_identify(src/speech_processor) by extension 'ignore_ament_install'
[0.394s] Level 1:colcon.colcon_core.package_identification:_identify(src/speech_processor) by extensions ['colcon_pkg']
[0.394s] Level 1:colcon.colcon_core.package_identification:_identify(src/speech_processor) by extension 'colcon_pkg'
[0.394s] Level 1:colcon.colcon_core.package_identification:_identify(src/speech_processor) by extensions ['colcon_meta']
[0.394s] Level 1:colcon.colcon_core.package_identification:_identify(src/speech_processor) by extension 'colcon_meta'
[0.394s] Level 1:colcon.colcon_core.package_identification:_identify(src/speech_processor) by extensions ['ros']
[0.394s] Level 1:colcon.colcon_core.package_identification:_identify(src/speech_processor) by extension 'ros'
[0.395s] DEBUG:colcon.colcon_core.package_identification:Package 'src/speech_processor' with type 'ros.ament_python' and name 'speech_processor'
[0.395s] Level 1:colcon.colcon_core.package_discovery:discover_packages(recursive) using defaults
[0.395s] Level 1:colcon.colcon_core.package_discovery:discover_packages(ignore) discover
[0.395s] Level 1:colcon.colcon_core.package_discovery:discover_packages(ignore) using defaults
[0.395s] Level 1:colcon.colcon_core.package_discovery:discover_packages(path) discover
[0.395s] Level 1:colcon.colcon_core.package_discovery:discover_packages(path) using defaults
[0.414s] Level 1:colcon.colcon_core.package_discovery:discover_packages(prefix_path) check parameters
[0.414s] Level 1:colcon.colcon_core.package_discovery:discover_packages(prefix_path) discover
[0.418s] DEBUG:colcon.colcon_installed_package_information.package_discovery:Found 326 installed packages in /opt/ros/humble
[0.420s] Level 1:colcon.colcon_core.package_discovery:discover_packages(prefix_path) using defaults
[0.454s] Level 5:colcon.colcon_core.verb:set package 'coco_detector' build argument 'cmake_args' from command line to 'None'
[0.454s] Level 5:colcon.colcon_core.verb:set package 'coco_detector' build argument 'cmake_target' from command line to 'None'
[0.454s] Level 5:colcon.colcon_core.verb:set package 'coco_detector' build argument 'cmake_target_skip_unavailable' from command line to 'False'
[0.454s] Level 5:colcon.colcon_core.verb:set package 'coco_detector' build argument 'cmake_clean_cache' from command line to 'False'
[0.454s] Level 5:colcon.colcon_core.verb:set package 'coco_detector' build argument 'cmake_clean_first' from command line to 'False'
[0.454s] Level 5:colcon.colcon_core.verb:set package 'coco_detector' build argument 'cmake_force_configure' from command line to 'False'
[0.454s] Level 5:colcon.colcon_core.verb:set package 'coco_detector' build argument 'ament_cmake_args' from command line to 'None'
[0.454s] Level 5:colcon.colcon_core.verb:set package 'coco_detector' build argument 'catkin_cmake_args' from command line to 'None'
[0.454s] Level 5:colcon.colcon_core.verb:set package 'coco_detector' build argument 'catkin_skip_building_tests' from command line to 'False'
[0.454s] DEBUG:colcon.colcon_core.verb:Building package 'coco_detector' with the following arguments: {'ament_cmake_args': None, 'build_base': '/home/htrice/go2_ros2_curr/build/coco_detector', 'catkin_cmake_args': None, 'catkin_skip_building_tests': False, 'cmake_args': None, 'cmake_clean_cache': False, 'cmake_clean_first': False, 'cmake_force_configure': False, 'cmake_target': None, 'cmake_target_skip_unavailable': False, 'install_base': '/home/htrice/go2_ros2_curr/install/coco_detector', 'merge_install': False, 'path': '/home/htrice/go2_ros2_curr/src/coco_detector', 'symlink_install': True, 'test_result_base': None}
[0.454s] Level 5:colcon.colcon_core.verb:set package 'go2_interfaces' build argument 'cmake_args' from command line to 'None'
[0.454s] Level 5:colcon.colcon_core.verb:set package 'go2_interfaces' build argument 'cmake_target' from command line to 'None'
[0.454s] Level 5:colcon.colcon_core.verb:set package 'go2_interfaces' build argument 'cmake_target_skip_unavailable' from command line to 'False'
[0.454s] Level 5:colcon.colcon_core.verb:set package 'go2_interfaces' build argument 'cmake_clean_cache' from command line to 'False'
[0.454s] Level 5:colcon.colcon_core.verb:set package 'go2_interfaces' build argument 'cmake_clean_first' from command line to 'False'
[0.454s] Level 5:colcon.colcon_core.verb:set package 'go2_interfaces' build argument 'cmake_force_configure' from command line to 'False'
[0.454s] Level 5:colcon.colcon_core.verb:set package 'go2_interfaces' build argument 'ament_cmake_args' from command line to 'None'
[0.454s] Level 5:colcon.colcon_core.verb:set package 'go2_interfaces' build argument 'catkin_cmake_args' from command line to 'None'
[0.454s] Level 5:colcon.colcon_core.verb:set package 'go2_interfaces' build argument 'catkin_skip_building_tests' from command line to 'False'
[0.454s] DEBUG:colcon.colcon_core.verb:Building package 'go2_interfaces' with the following arguments: {'ament_cmake_args': None, 'build_base': '/home/htrice/go2_ros2_curr/build/go2_interfaces', 'catkin_cmake_args': None, 'catkin_skip_building_tests': False, 'cmake_args': None, 'cmake_clean_cache': False, 'cmake_clean_first': False, 'cmake_force_configure': False, 'cmake_target': None, 'cmake_target_skip_unavailable': False, 'install_base': '/home/htrice/go2_ros2_curr/install/go2_interfaces', 'merge_install': False, 'path': '/home/htrice/go2_ros2_curr/src/go2_interfaces', 'symlink_install': True, 'test_result_base': None}
[0.455s] Level 5:colcon.colcon_core.verb:set package 'lidar_processor' build argument 'cmake_args' from command line to 'None'
[0.455s] Level 5:colcon.colcon_core.verb:set package 'lidar_processor' build argument 'cmake_target' from command line to 'None'
[0.455s] Level 5:colcon.colcon_core.verb:set package 'lidar_processor' build argument 'cmake_target_skip_unavailable' from command line to 'False'
[0.455s] Level 5:colcon.colcon_core.verb:set package 'lidar_processor' build argument 'cmake_clean_cache' from command line to 'False'
[0.455s] Level 5:colcon.colcon_core.verb:set package 'lidar_processor' build argument 'cmake_clean_first' from command line to 'False'
[0.455s] Level 5:colcon.colcon_core.verb:set package 'lidar_processor' build argument 'cmake_force_configure' from command line to 'False'
[0.455s] Level 5:colcon.colcon_core.verb:set package 'lidar_processor' build argument 'ament_cmake_args' from command line to 'None'
[0.455s] Level 5:colcon.colcon_core.verb:set package 'lidar_processor' build argument 'catkin_cmake_args' from command line to 'None'
[0.455s] Level 5:colcon.colcon_core.verb:set package 'lidar_processor' build argument 'catkin_skip_building_tests' from command line to 'False'
[0.455s] DEBUG:colcon.colcon_core.verb:Building package 'lidar_processor' with the following arguments: {'ament_cmake_args': None, 'build_base': '/home/htrice/go2_ros2_curr/build/lidar_processor', 'catkin_cmake_args': None, 'catkin_skip_building_tests': False, 'cmake_args': None, 'cmake_clean_cache': False, 'cmake_clean_first': False, 'cmake_force_configure': False, 'cmake_target': None, 'cmake_target_skip_unavailable': False, 'install_base': '/home/htrice/go2_ros2_curr/install/lidar_processor', 'merge_install': False, 'path': '/home/htrice/go2_ros2_curr/src/lidar_processor', 'symlink_install': True, 'test_result_base': None}
[0.455s] Level 5:colcon.colcon_core.verb:set package 'go2_robot_sdk' build argument 'cmake_args' from command line to 'None'
[0.455s] Level 5:colcon.colcon_core.verb:set package 'go2_robot_sdk' build argument 'cmake_target' from command line to 'None'
[0.455s] Level 5:colcon.colcon_core.verb:set package 'go2_robot_sdk' build argument 'cmake_target_skip_unavailable' from command line to 'False'
[0.455s] Level 5:colcon.colcon_core.verb:set package 'go2_robot_sdk' build argument 'cmake_clean_cache' from command line to 'False'
[0.455s] Level 5:colcon.colcon_core.verb:set package 'go2_robot_sdk' build argument 'cmake_clean_first' from command line to 'False'
[0.455s] Level 5:colcon.colcon_core.verb:set package 'go2_robot_sdk' build argument 'cmake_force_configure' from command line to 'False'
[0.455s] Level 5:colcon.colcon_core.verb:set package 'go2_robot_sdk' build argument 'ament_cmake_args' from command line to 'None'
[0.455s] Level 5:colcon.colcon_core.verb:set package 'go2_robot_sdk' build argument 'catkin_cmake_args' from command line to 'None'
[0.455s] Level 5:colcon.colcon_core.verb:set package 'go2_robot_sdk' build argument 'catkin_skip_building_tests' from command line to 'False'
[0.455s] DEBUG:colcon.colcon_core.verb:Building package 'go2_robot_sdk' with the following arguments: {'ament_cmake_args': None, 'build_base': '/home/htrice/go2_ros2_curr/build/go2_robot_sdk', 'catkin_cmake_args': None, 'catkin_skip_building_tests': False, 'cmake_args': None, 'cmake_clean_cache': False, 'cmake_clean_first': False, 'cmake_force_configure': False, 'cmake_target': None, 'cmake_target_skip_unavailable': False, 'install_base': '/home/htrice/go2_ros2_curr/install/go2_robot_sdk', 'merge_install': False, 'path': '/home/htrice/go2_ros2_curr/src/go2_robot_sdk', 'symlink_install': True, 'test_result_base': None}
[0.455s] Level 5:colcon.colcon_core.verb:set package 'speech_processor' build argument 'cmake_args' from command line to 'None'
[0.455s] Level 5:colcon.colcon_core.verb:set package 'speech_processor' build argument 'cmake_target' from command line to 'None'
[0.455s] Level 5:colcon.colcon_core.verb:set package 'speech_processor' build argument 'cmake_target_skip_unavailable' from command line to 'False'
[0.456s] Level 5:colcon.colcon_core.verb:set package 'speech_processor' build argument 'cmake_clean_cache' from command line to 'False'
[0.456s] Level 5:colcon.colcon_core.verb:set package 'speech_processor' build argument 'cmake_clean_first' from command line to 'False'
[0.456s] Level 5:colcon.colcon_core.verb:set package 'speech_processor' build argument 'cmake_force_configure' from command line to 'False'
[0.456s] Level 5:colcon.colcon_core.verb:set package 'speech_processor' build argument 'ament_cmake_args' from command line to 'None'
[0.456s] Level 5:colcon.colcon_core.verb:set package 'speech_processor' build argument 'catkin_cmake_args' from command line to 'None'
[0.456s] Level 5:colcon.colcon_core.verb:set package 'speech_processor' build argument 'catkin_skip_building_tests' from command line to 'False'
[0.456s] DEBUG:colcon.colcon_core.verb:Building package 'speech_processor' with the following arguments: {'ament_cmake_args': None, 'build_base': '/home/htrice/go2_ros2_curr/build/speech_processor', 'catkin_cmake_args': None, 'catkin_skip_building_tests': False, 'cmake_args': None, 'cmake_clean_cache': False, 'cmake_clean_first': False, 'cmake_force_configure': False, 'cmake_target': None, 'cmake_target_skip_unavailable': False, 'install_base': '/home/htrice/go2_ros2_curr/install/speech_processor', 'merge_install': False, 'path': '/home/htrice/go2_ros2_curr/src/speech_processor', 'symlink_install': True, 'test_result_base': None}
[0.456s] INFO:colcon.colcon_core.executor:Executing jobs using 'parallel' executor
[0.457s] DEBUG:colcon.colcon_parallel_executor.executor.parallel:run_until_complete
[0.457s] INFO:colcon.colcon_ros.task.ament_cmake.build:Building ROS package in '/home/htrice/go2_ros2_curr/src/go2_interfaces' with build type 'ament_cmake'
[0.457s] INFO:colcon.colcon_cmake.task.cmake.build:Building CMake package in '/home/htrice/go2_ros2_curr/src/go2_interfaces'
[0.461s] INFO:colcon.colcon_core.plugin_system:Skipping extension 'colcon_core.shell.bat': Not used on non-Windows systems
[0.461s] INFO:colcon.colcon_core.shell:Skip shell extension 'powershell' for command environment: Not usable outside of PowerShell
[0.461s] DEBUG:colcon.colcon_core.shell:Skip shell extension 'dsv' for command environment
[0.464s] INFO:colcon.colcon_ros.task.ament_python.build:Building ROS package in '/home/htrice/go2_ros2_curr/src/coco_detector' with build type 'ament_python'
[0.464s] Level 1:colcon.colcon_core.shell:create_environment_hook('coco_detector', 'ament_prefix_path')
[0.464s] INFO:colcon.colcon_core.shell:Creating environment hook '/home/htrice/go2_ros2_curr/install/coco_detector/share/coco_detector/hook/ament_prefix_path.ps1'
[0.465s] INFO:colcon.colcon_core.shell:Creating environment descriptor '/home/htrice/go2_ros2_curr/install/coco_detector/share/coco_detector/hook/ament_prefix_path.dsv'
[0.466s] INFO:colcon.colcon_core.shell:Creating environment hook '/home/htrice/go2_ros2_curr/install/coco_detector/share/coco_detector/hook/ament_prefix_path.sh'
[0.466s] INFO:colcon.colcon_core.shell:Skip shell extension 'powershell' for command environment: Not usable outside of PowerShell
[0.466s] DEBUG:colcon.colcon_core.shell:Skip shell extension 'dsv' for command environment
[0.469s] INFO:colcon.colcon_ros.task.ament_python.build:Building ROS package in '/home/htrice/go2_ros2_curr/src/lidar_processor' with build type 'ament_python'
[0.469s] Level 1:colcon.colcon_core.shell:create_environment_hook('lidar_processor', 'ament_prefix_path')
[0.469s] INFO:colcon.colcon_core.shell:Creating environment hook '/home/htrice/go2_ros2_curr/install/lidar_processor/share/lidar_processor/hook/ament_prefix_path.ps1'
[0.470s] INFO:colcon.colcon_core.shell:Creating environment descriptor '/home/htrice/go2_ros2_curr/install/lidar_processor/share/lidar_processor/hook/ament_prefix_path.dsv'
[0.470s] INFO:colcon.colcon_core.shell:Creating environment hook '/home/htrice/go2_ros2_curr/install/lidar_processor/share/lidar_processor/hook/ament_prefix_path.sh'
[0.470s] INFO:colcon.colcon_core.shell:Skip shell extension 'powershell' for command environment: Not usable outside of PowerShell
[0.470s] DEBUG:colcon.colcon_core.shell:Skip shell extension 'dsv' for command environment
[0.477s] DEBUG:colcon.colcon_core.event_handler.log_command:Invoking command in '/home/htrice/go2_ros2_curr/build/go2_interfaces': CMAKE_PREFIX_PATH=/opt/ros/humble /usr/bin/cmake /home/htrice/go2_ros2_curr/src/go2_interfaces -DAMENT_CMAKE_SYMLINK_INSTALL=1 -DCMAKE_INSTALL_PREFIX=/home/htrice/go2_ros2_curr/install/go2_interfaces
[0.697s] INFO:colcon.colcon_core.task.python.build:Building Python package in '/home/htrice/go2_ros2_curr/src/coco_detector'
[0.698s] INFO:colcon.colcon_core.shell:Skip shell extension 'powershell' for command environment: Not usable outside of PowerShell
[0.698s] DEBUG:colcon.colcon_core.shell:Skip shell extension 'dsv' for command environment
[0.927s] INFO:colcon.colcon_core.task.python.build:Building Python package in '/home/htrice/go2_ros2_curr/src/lidar_processor'
[0.927s] INFO:colcon.colcon_core.shell:Skip shell extension 'powershell' for command environment: Not usable outside of PowerShell
[0.927s] DEBUG:colcon.colcon_core.shell:Skip shell extension 'dsv' for command environment
[1.268s] DEBUG:colcon.colcon_core.event_handler.log_command:Invoking command in '/home/htrice/go2_ros2_curr/build/lidar_processor': PYTHONPATH=/home/htrice/go2_ros2_curr/build/lidar_processor/prefix_override:/usr/lib/python3/dist-packages/colcon_core/task/python/colcon_distutils_commands:/home/htrice/go2_ros2_curr/install/lidar_processor/lib/python3.10/site-packages:${PYTHONPATH} /usr/bin/python3 -W ignore:setup.py install is deprecated -W ignore:easy_install command is deprecated setup.py develop --editable --build-directory /home/htrice/go2_ros2_curr/build/lidar_processor/build --no-deps symlink_data
[1.271s] DEBUG:colcon.colcon_core.event_handler.log_command:Invoking command in '/home/htrice/go2_ros2_curr/build/coco_detector': PYTHONPATH=/home/htrice/go2_ros2_curr/build/coco_detector/prefix_override:/usr/lib/python3/dist-packages/colcon_core/task/python/colcon_distutils_commands:/home/htrice/go2_ros2_curr/install/coco_detector/lib/python3.10/site-packages:${PYTHONPATH} /usr/bin/python3 -W ignore:setup.py install is deprecated -W ignore:easy_install command is deprecated setup.py develop --editable --build-directory /home/htrice/go2_ros2_curr/build/coco_detector/build --no-deps symlink_data
[1.728s] Level 1:colcon.colcon_core.shell:create_environment_hook('coco_detector', 'pythonpath_develop')
[1.728s] INFO:colcon.colcon_core.shell:Creating environment hook '/home/htrice/go2_ros2_curr/build/coco_detector/share/coco_detector/hook/pythonpath_develop.ps1'
[1.729s] DEBUG:colcon.colcon_core.event_handler.log_command:Invoked command in '/home/htrice/go2_ros2_curr/build/coco_detector' returned '0': PYTHONPATH=/home/htrice/go2_ros2_curr/build/coco_detector/prefix_override:/usr/lib/python3/dist-packages/colcon_core/task/python/colcon_distutils_commands:/home/htrice/go2_ros2_curr/install/coco_detector/lib/python3.10/site-packages:${PYTHONPATH} /usr/bin/python3 -W ignore:setup.py install is deprecated -W ignore:easy_install command is deprecated setup.py develop --editable --build-directory /home/htrice/go2_ros2_curr/build/coco_detector/build --no-deps symlink_data
[1.730s] INFO:colcon.colcon_core.shell:Creating environment descriptor '/home/htrice/go2_ros2_curr/build/coco_detector/share/coco_detector/hook/pythonpath_develop.dsv'
[1.730s] INFO:colcon.colcon_core.shell:Creating environment hook '/home/htrice/go2_ros2_curr/build/coco_detector/share/coco_detector/hook/pythonpath_develop.sh'
[1.737s] Level 1:colcon.colcon_core.environment:checking '/home/htrice/go2_ros2_curr/install/coco_detector' for CMake module files
[1.737s] Level 1:colcon.colcon_core.environment:checking '/home/htrice/go2_ros2_curr/install/coco_detector' for CMake config files
[1.738s] Level 1:colcon.colcon_core.environment:checking '/home/htrice/go2_ros2_curr/install/coco_detector/lib'
[1.738s] Level 1:colcon.colcon_core.environment:checking '/home/htrice/go2_ros2_curr/install/coco_detector/bin'
[1.738s] Level 1:colcon.colcon_core.environment:checking '/home/htrice/go2_ros2_curr/install/coco_detector/lib/pkgconfig/coco_detector.pc'
[1.738s] Level 1:colcon.colcon_core.environment:checking '/home/htrice/go2_ros2_curr/install/coco_detector/lib/python3.10/site-packages'
[1.738s] Level 1:colcon.colcon_core.shell:create_environment_hook('coco_detector', 'pythonpath')
[1.738s] INFO:colcon.colcon_core.shell:Creating environment hook '/home/htrice/go2_ros2_curr/install/coco_detector/share/coco_detector/hook/pythonpath.ps1'
[1.739s] INFO:colcon.colcon_core.shell:Creating environment descriptor '/home/htrice/go2_ros2_curr/install/coco_detector/share/coco_detector/hook/pythonpath.dsv'
[1.739s] INFO:colcon.colcon_core.shell:Creating environment hook '/home/htrice/go2_ros2_curr/install/coco_detector/share/coco_detector/hook/pythonpath.sh'
[1.740s] Level 1:colcon.colcon_core.environment:checking '/home/htrice/go2_ros2_curr/install/coco_detector/bin'
[1.740s] Level 1:colcon.colcon_core.environment:create_environment_scripts_only(coco_detector)
[1.740s] INFO:colcon.colcon_core.shell:Creating package script '/home/htrice/go2_ros2_curr/install/coco_detector/share/coco_detector/package.ps1'
[1.741s] INFO:colcon.colcon_core.shell:Creating package descriptor '/home/htrice/go2_ros2_curr/install/coco_detector/share/coco_detector/package.dsv'
[1.742s] INFO:colcon.colcon_core.shell:Creating package script '/home/htrice/go2_ros2_curr/install/coco_detector/share/coco_detector/package.sh'
[1.743s] INFO:colcon.colcon_core.shell:Creating package script '/home/htrice/go2_ros2_curr/install/coco_detector/share/coco_detector/package.bash'
[1.744s] INFO:colcon.colcon_core.shell:Creating package script '/home/htrice/go2_ros2_curr/install/coco_detector/share/coco_detector/package.zsh'
[1.745s] Level 1:colcon.colcon_core.environment:create_file_with_runtime_dependencies(/home/htrice/go2_ros2_curr/install/coco_detector/share/colcon-core/packages/coco_detector)
[1.746s] Level 1:colcon.colcon_core.shell:create_environment_hook('lidar_processor', 'pythonpath_develop')
[1.746s] INFO:colcon.colcon_core.shell:Creating environment hook '/home/htrice/go2_ros2_curr/build/lidar_processor/share/lidar_processor/hook/pythonpath_develop.ps1'
[1.746s] DEBUG:colcon.colcon_core.event_handler.log_command:Invoked command in '/home/htrice/go2_ros2_curr/build/lidar_processor' returned '0': PYTHONPATH=/home/htrice/go2_ros2_curr/build/lidar_processor/prefix_override:/usr/lib/python3/dist-packages/colcon_core/task/python/colcon_distutils_commands:/home/htrice/go2_ros2_curr/install/lidar_processor/lib/python3.10/site-packages:${PYTHONPATH} /usr/bin/python3 -W ignore:setup.py install is deprecated -W ignore:easy_install command is deprecated setup.py develop --editable --build-directory /home/htrice/go2_ros2_curr/build/lidar_processor/build --no-deps symlink_data
[1.747s] INFO:colcon.colcon_core.shell:Creating environment descriptor '/home/htrice/go2_ros2_curr/build/lidar_processor/share/lidar_processor/hook/pythonpath_develop.dsv'
[1.747s] INFO:colcon.colcon_core.shell:Creating environment hook '/home/htrice/go2_ros2_curr/build/lidar_processor/share/lidar_processor/hook/pythonpath_develop.sh'
[1.747s] Level 1:colcon.colcon_core.environment:checking '/home/htrice/go2_ros2_curr/install/lidar_processor' for CMake module files
[1.748s] Level 1:colcon.colcon_core.environment:checking '/home/htrice/go2_ros2_curr/install/lidar_processor' for CMake config files
[1.748s] Level 1:colcon.colcon_core.environment:checking '/home/htrice/go2_ros2_curr/install/lidar_processor/lib'
[1.748s] Level 1:colcon.colcon_core.environment:checking '/home/htrice/go2_ros2_curr/install/lidar_processor/bin'
[1.748s] Level 1:colcon.colcon_core.environment:checking '/home/htrice/go2_ros2_curr/install/lidar_processor/lib/pkgconfig/lidar_processor.pc'
[1.749s] Level 1:colcon.colcon_core.environment:checking '/home/htrice/go2_ros2_curr/install/lidar_processor/lib/python3.10/site-packages'
[1.749s] Level 1:colcon.colcon_core.shell:create_environment_hook('lidar_processor', 'pythonpath')
[1.749s] INFO:colcon.colcon_core.shell:Creating environment hook '/home/htrice/go2_ros2_curr/install/lidar_processor/share/lidar_processor/hook/pythonpath.ps1'
[1.749s] INFO:colcon.colcon_core.shell:Creating environment descriptor '/home/htrice/go2_ros2_curr/install/lidar_processor/share/lidar_processor/hook/pythonpath.dsv'
[1.750s] INFO:colcon.colcon_core.shell:Creating environment hook '/home/htrice/go2_ros2_curr/install/lidar_processor/share/lidar_processor/hook/pythonpath.sh'
[1.751s] Level 1:colcon.colcon_core.environment:checking '/home/htrice/go2_ros2_curr/install/lidar_processor/bin'
[1.751s] Level 1:colcon.colcon_core.environment:create_environment_scripts_only(lidar_processor)
[1.751s] INFO:colcon.colcon_core.shell:Creating package script '/home/htrice/go2_ros2_curr/install/lidar_processor/share/lidar_processor/package.ps1'
[1.752s] INFO:colcon.colcon_core.shell:Creating package descriptor '/home/htrice/go2_ros2_curr/install/lidar_processor/share/lidar_processor/package.dsv'
[1.752s] INFO:colcon.colcon_core.shell:Creating package script '/home/htrice/go2_ros2_curr/install/lidar_processor/share/lidar_processor/package.sh'
[1.753s] INFO:colcon.colcon_core.shell:Creating package script '/home/htrice/go2_ros2_curr/install/lidar_processor/share/lidar_processor/package.bash'
[1.753s] INFO:colcon.colcon_core.shell:Creating package script '/home/htrice/go2_ros2_curr/install/lidar_processor/share/lidar_processor/package.zsh'
[1.753s] Level 1:colcon.colcon_core.environment:create_file_with_runtime_dependencies(/home/htrice/go2_ros2_curr/install/lidar_processor/share/colcon-core/packages/lidar_processor)
[3.101s] DEBUG:colcon.colcon_core.event_handler.log_command:Invoked command in '/home/htrice/go2_ros2_curr/build/go2_interfaces' returned '0': CMAKE_PREFIX_PATH=/opt/ros/humble /usr/bin/cmake /home/htrice/go2_ros2_curr/src/go2_interfaces -DAMENT_CMAKE_SYMLINK_INSTALL=1 -DCMAKE_INSTALL_PREFIX=/home/htrice/go2_ros2_curr/install/go2_interfaces
[3.104s] DEBUG:colcon.colcon_core.event_handler.log_command:Invoking command in '/home/htrice/go2_ros2_curr/build/go2_interfaces': CMAKE_PREFIX_PATH=/opt/ros/humble /usr/bin/cmake --build /home/htrice/go2_ros2_curr/build/go2_interfaces -- -j16 -l16
[14.723s] DEBUG:colcon.colcon_core.event_handler.log_command:Invoked command in '/home/htrice/go2_ros2_curr/build/go2_interfaces' returned '0': CMAKE_PREFIX_PATH=/opt/ros/humble /usr/bin/cmake --build /home/htrice/go2_ros2_curr/build/go2_interfaces -- -j16 -l16
[14.736s] DEBUG:colcon.colcon_core.event_handler.log_command:Invoking command in '/home/htrice/go2_ros2_curr/build/go2_interfaces': CMAKE_PREFIX_PATH=/opt/ros/humble /usr/bin/cmake --install /home/htrice/go2_ros2_curr/build/go2_interfaces
[21.370s] Level 1:colcon.colcon_core.environment:create_environment_scripts_only(go2_interfaces)
[21.371s] Level 1:colcon.colcon_core.environment:checking '/home/htrice/go2_ros2_curr/install/go2_interfaces' for CMake module files
[21.371s] DEBUG:colcon.colcon_core.event_handler.log_command:Invoked command in '/home/htrice/go2_ros2_curr/build/go2_interfaces' returned '0': CMAKE_PREFIX_PATH=/opt/ros/humble /usr/bin/cmake --install /home/htrice/go2_ros2_curr/build/go2_interfaces
[21.372s] Level 1:colcon.colcon_core.environment:checking '/home/htrice/go2_ros2_curr/install/go2_interfaces' for CMake config files
[21.381s] Level 1:colcon.colcon_core.shell:create_environment_hook('go2_interfaces', 'cmake_prefix_path')
[21.381s] INFO:colcon.colcon_core.shell:Creating environment hook '/home/htrice/go2_ros2_curr/install/go2_interfaces/share/go2_interfaces/hook/cmake_prefix_path.ps1'
[21.382s] INFO:colcon.colcon_core.shell:Creating environment descriptor '/home/htrice/go2_ros2_curr/install/go2_interfaces/share/go2_interfaces/hook/cmake_prefix_path.dsv'
[21.382s] INFO:colcon.colcon_core.shell:Creating environment hook '/home/htrice/go2_ros2_curr/install/go2_interfaces/share/go2_interfaces/hook/cmake_prefix_path.sh'
[21.383s] Level 1:colcon.colcon_core.environment:checking '/home/htrice/go2_ros2_curr/install/go2_interfaces/lib'
[21.383s] Level 1:colcon.colcon_core.shell:create_environment_hook('go2_interfaces', 'ld_library_path_lib')
[21.383s] INFO:colcon.colcon_core.shell:Creating environment hook '/home/htrice/go2_ros2_curr/install/go2_interfaces/share/go2_interfaces/hook/ld_library_path_lib.ps1'
[21.384s] INFO:colcon.colcon_core.shell:Creating environment descriptor '/home/htrice/go2_ros2_curr/install/go2_interfaces/share/go2_interfaces/hook/ld_library_path_lib.dsv'
[21.384s] INFO:colcon.colcon_core.shell:Creating environment hook '/home/htrice/go2_ros2_curr/install/go2_interfaces/share/go2_interfaces/hook/ld_library_path_lib.sh'
[21.385s] Level 1:colcon.colcon_core.environment:checking '/home/htrice/go2_ros2_curr/install/go2_interfaces/bin'
[21.385s] Level 1:colcon.colcon_core.environment:checking '/home/htrice/go2_ros2_curr/install/go2_interfaces/lib/pkgconfig/go2_interfaces.pc'
[21.385s] Level 1:colcon.colcon_core.environment:checking '/home/htrice/go2_ros2_curr/install/go2_interfaces/lib/python3.10/site-packages'
[21.385s] Level 1:colcon.colcon_core.environment:checking '/home/htrice/go2_ros2_curr/install/go2_interfaces/bin'
[21.386s] INFO:colcon.colcon_core.shell:Creating package script '/home/htrice/go2_ros2_curr/install/go2_interfaces/share/go2_interfaces/package.ps1'
[21.386s] INFO:colcon.colcon_core.shell:Creating package descriptor '/home/htrice/go2_ros2_curr/install/go2_interfaces/share/go2_interfaces/package.dsv'
[21.387s] INFO:colcon.colcon_core.shell:Creating package script '/home/htrice/go2_ros2_curr/install/go2_interfaces/share/go2_interfaces/package.sh'
[21.388s] INFO:colcon.colcon_core.shell:Creating package script '/home/htrice/go2_ros2_curr/install/go2_interfaces/share/go2_interfaces/package.bash'
[21.388s] INFO:colcon.colcon_core.shell:Creating package script '/home/htrice/go2_ros2_curr/install/go2_interfaces/share/go2_interfaces/package.zsh'
[21.389s] Level 1:colcon.colcon_core.environment:create_file_with_runtime_dependencies(/home/htrice/go2_ros2_curr/install/go2_interfaces/share/colcon-core/packages/go2_interfaces)
[21.389s] Level 1:colcon.colcon_core.environment:create_environment_scripts_only(go2_interfaces)
[21.390s] Level 1:colcon.colcon_core.environment:checking '/home/htrice/go2_ros2_curr/install/go2_interfaces' for CMake module files
[21.391s] Level 1:colcon.colcon_core.environment:checking '/home/htrice/go2_ros2_curr/install/go2_interfaces' for CMake config files
[21.400s] Level 1:colcon.colcon_core.shell:create_environment_hook('go2_interfaces', 'cmake_prefix_path')
[21.400s] INFO:colcon.colcon_core.shell:Creating environment hook '/home/htrice/go2_ros2_curr/install/go2_interfaces/share/go2_interfaces/hook/cmake_prefix_path.ps1'
[21.400s] INFO:colcon.colcon_core.shell:Creating environment descriptor '/home/htrice/go2_ros2_curr/install/go2_interfaces/share/go2_interfaces/hook/cmake_prefix_path.dsv'
[21.401s] INFO:colcon.colcon_core.shell:Creating environment hook '/home/htrice/go2_ros2_curr/install/go2_interfaces/share/go2_interfaces/hook/cmake_prefix_path.sh'
[21.402s] Level 1:colcon.colcon_core.environment:checking '/home/htrice/go2_ros2_curr/install/go2_interfaces/lib'
[21.402s] Level 1:colcon.colcon_core.shell:create_environment_hook('go2_interfaces', 'ld_library_path_lib')
[21.402s] INFO:colcon.colcon_core.shell:Creating environment hook '/home/htrice/go2_ros2_curr/install/go2_interfaces/share/go2_interfaces/hook/ld_library_path_lib.ps1'
[21.402s] INFO:colcon.colcon_core.shell:Creating environment descriptor '/home/htrice/go2_ros2_curr/install/go2_interfaces/share/go2_interfaces/hook/ld_library_path_lib.dsv'
[21.403s] INFO:colcon.colcon_core.shell:Creating environment hook '/home/htrice/go2_ros2_curr/install/go2_interfaces/share/go2_interfaces/hook/ld_library_path_lib.sh'
[21.403s] Level 1:colcon.colcon_core.environment:checking '/home/htrice/go2_ros2_curr/install/go2_interfaces/bin'
[21.403s] Level 1:colcon.colcon_core.environment:checking '/home/htrice/go2_ros2_curr/install/go2_interfaces/lib/pkgconfig/go2_interfaces.pc'
[21.404s] Level 1:colcon.colcon_core.environment:checking '/home/htrice/go2_ros2_curr/install/go2_interfaces/lib/python3.10/site-packages'
[21.404s] Level 1:colcon.colcon_core.environment:checking '/home/htrice/go2_ros2_curr/install/go2_interfaces/bin'
[21.404s] INFO:colcon.colcon_core.shell:Creating package script '/home/htrice/go2_ros2_curr/install/go2_interfaces/share/go2_interfaces/package.ps1'
[21.405s] INFO:colcon.colcon_core.shell:Creating package descriptor '/home/htrice/go2_ros2_curr/install/go2_interfaces/share/go2_interfaces/package.dsv'
[21.406s] INFO:colcon.colcon_core.shell:Creating package script '/home/htrice/go2_ros2_curr/install/go2_interfaces/share/go2_interfaces/package.sh'
[21.406s] INFO:colcon.colcon_core.shell:Creating package script '/home/htrice/go2_ros2_curr/install/go2_interfaces/share/go2_interfaces/package.bash'
[21.407s] INFO:colcon.colcon_core.shell:Creating package script '/home/htrice/go2_ros2_curr/install/go2_interfaces/share/go2_interfaces/package.zsh'
[21.407s] Level 1:colcon.colcon_core.environment:create_file_with_runtime_dependencies(/home/htrice/go2_ros2_curr/install/go2_interfaces/share/colcon-core/packages/go2_interfaces)
[21.408s] INFO:colcon.colcon_ros.task.ament_python.build:Building ROS package in '/home/htrice/go2_ros2_curr/src/go2_robot_sdk' with build type 'ament_python'
[21.408s] Level 1:colcon.colcon_core.shell:create_environment_hook('go2_robot_sdk', 'ament_prefix_path')
[21.408s] INFO:colcon.colcon_core.shell:Creating environment hook '/home/htrice/go2_ros2_curr/install/go2_robot_sdk/share/go2_robot_sdk/hook/ament_prefix_path.ps1'
[21.409s] INFO:colcon.colcon_core.shell:Creating environment descriptor '/home/htrice/go2_ros2_curr/install/go2_robot_sdk/share/go2_robot_sdk/hook/ament_prefix_path.dsv'
[21.410s] INFO:colcon.colcon_core.shell:Creating environment hook '/home/htrice/go2_ros2_curr/install/go2_robot_sdk/share/go2_robot_sdk/hook/ament_prefix_path.sh'
[21.411s] INFO:colcon.colcon_core.shell:Skip shell extension 'powershell' for command environment: Not usable outside of PowerShell
[21.411s] DEBUG:colcon.colcon_core.shell:Skip shell extension 'dsv' for command environment
[21.415s] INFO:colcon.colcon_ros.task.ament_python.build:Building ROS package in '/home/htrice/go2_ros2_curr/src/speech_processor' with build type 'ament_python'
[21.416s] Level 1:colcon.colcon_core.shell:create_environment_hook('speech_processor', 'ament_prefix_path')
[21.416s] INFO:colcon.colcon_core.shell:Creating environment hook '/home/htrice/go2_ros2_curr/install/speech_processor/share/speech_processor/hook/ament_prefix_path.ps1'
[21.417s] INFO:colcon.colcon_core.shell:Creating environment descriptor '/home/htrice/go2_ros2_curr/install/speech_processor/share/speech_processor/hook/ament_prefix_path.dsv'
[21.417s] INFO:colcon.colcon_core.shell:Creating environment hook '/home/htrice/go2_ros2_curr/install/speech_processor/share/speech_processor/hook/ament_prefix_path.sh'
[21.418s] INFO:colcon.colcon_core.shell:Skip shell extension 'powershell' for command environment: Not usable outside of PowerShell
[21.418s] DEBUG:colcon.colcon_core.shell:Skip shell extension 'dsv' for command environment
[21.664s] INFO:colcon.colcon_core.task.python.build:Building Python package in '/home/htrice/go2_ros2_curr/src/go2_robot_sdk'
[21.664s] INFO:colcon.colcon_core.shell:Skip shell extension 'powershell' for command environment: Not usable outside of PowerShell
[21.664s] DEBUG:colcon.colcon_core.shell:Skip shell extension 'dsv' for command environment
[21.890s] INFO:colcon.colcon_core.task.python.build:Building Python package in '/home/htrice/go2_ros2_curr/src/speech_processor'
[21.890s] INFO:colcon.colcon_core.shell:Skip shell extension 'powershell' for command environment: Not usable outside of PowerShell
[21.890s] DEBUG:colcon.colcon_core.shell:Skip shell extension 'dsv' for command environment
[22.180s] DEBUG:colcon.colcon_core.event_handler.log_command:Invoking command in '/home/htrice/go2_ros2_curr/build/speech_processor': AMENT_PREFIX_PATH=/home/htrice/go2_ros2_curr/install/go2_interfaces:${AMENT_PREFIX_PATH} CMAKE_PREFIX_PATH=/home/htrice/go2_ros2_curr/install/go2_interfaces LD_LIBRARY_PATH=/home/htrice/go2_ros2_curr/install/go2_interfaces/lib:${LD_LIBRARY_PATH} PYTHONPATH=/home/htrice/go2_ros2_curr/build/speech_processor/prefix_override:/usr/lib/python3/dist-packages/colcon_core/task/python/colcon_distutils_commands:/home/htrice/go2_ros2_curr/install/speech_processor/lib/python3.10/site-packages:/home/htrice/go2_ros2_curr/install/go2_interfaces/local/lib/python3.10/dist-packages:${PYTHONPATH} /usr/bin/python3 -W ignore:setup.py install is deprecated -W ignore:easy_install command is deprecated setup.py develop --editable --build-directory /home/htrice/go2_ros2_curr/build/speech_processor/build --no-deps symlink_data
[22.195s] DEBUG:colcon.colcon_core.event_handler.log_command:Invoking command in '/home/htrice/go2_ros2_curr/build/go2_robot_sdk': AMENT_PREFIX_PATH=/home/htrice/go2_ros2_curr/install/go2_interfaces:${AMENT_PREFIX_PATH} CMAKE_PREFIX_PATH=/home/htrice/go2_ros2_curr/install/go2_interfaces LD_LIBRARY_PATH=/home/htrice/go2_ros2_curr/install/go2_interfaces/lib:${LD_LIBRARY_PATH} PYTHONPATH=/home/htrice/go2_ros2_curr/build/go2_robot_sdk/prefix_override:/usr/lib/python3/dist-packages/colcon_core/task/python/colcon_distutils_commands:/home/htrice/go2_ros2_curr/install/go2_robot_sdk/lib/python3.10/site-packages:/home/htrice/go2_ros2_curr/install/go2_interfaces/local/lib/python3.10/dist-packages:${PYTHONPATH} /usr/bin/python3 -W ignore:setup.py install is deprecated -W ignore:easy_install command is deprecated setup.py develop --editable --build-directory /home/htrice/go2_ros2_curr/build/go2_robot_sdk/build --no-deps symlink_data
[22.595s] Level 1:colcon.colcon_core.shell:create_environment_hook('speech_processor', 'pythonpath_develop')
[22.596s] DEBUG:colcon.colcon_core.event_handler.log_command:Invoked command in '/home/htrice/go2_ros2_curr/build/speech_processor' returned '0': AMENT_PREFIX_PATH=/home/htrice/go2_ros2_curr/install/go2_interfaces:${AMENT_PREFIX_PATH} CMAKE_PREFIX_PATH=/home/htrice/go2_ros2_curr/install/go2_interfaces LD_LIBRARY_PATH=/home/htrice/go2_ros2_curr/install/go2_interfaces/lib:${LD_LIBRARY_PATH} PYTHONPATH=/home/htrice/go2_ros2_curr/build/speech_processor/prefix_override:/usr/lib/python3/dist-packages/colcon_core/task/python/colcon_distutils_commands:/home/htrice/go2_ros2_curr/install/speech_processor/lib/python3.10/site-packages:/home/htrice/go2_ros2_curr/install/go2_interfaces/local/lib/python3.10/dist-packages:${PYTHONPATH} /usr/bin/python3 -W ignore:setup.py install is deprecated -W ignore:easy_install command is deprecated setup.py develop --editable --build-directory /home/htrice/go2_ros2_curr/build/speech_processor/build --no-deps symlink_data
[22.596s] INFO:colcon.colcon_core.shell:Creating environment hook '/home/htrice/go2_ros2_curr/build/speech_processor/share/speech_processor/hook/pythonpath_develop.ps1'
[22.597s] INFO:colcon.colcon_core.shell:Creating environment descriptor '/home/htrice/go2_ros2_curr/build/speech_processor/share/speech_processor/hook/pythonpath_develop.dsv'
[22.597s] INFO:colcon.colcon_core.shell:Creating environment hook '/home/htrice/go2_ros2_curr/build/speech_processor/share/speech_processor/hook/pythonpath_develop.sh'
[22.598s] Level 1:colcon.colcon_core.environment:checking '/home/htrice/go2_ros2_curr/install/speech_processor' for CMake module files
[22.599s] Level 1:colcon.colcon_core.environment:checking '/home/htrice/go2_ros2_curr/install/speech_processor' for CMake config files
[22.600s] Level 1:colcon.colcon_core.environment:checking '/home/htrice/go2_ros2_curr/install/speech_processor/lib'
[22.600s] Level 1:colcon.colcon_core.environment:checking '/home/htrice/go2_ros2_curr/install/speech_processor/bin'
[22.600s] Level 1:colcon.colcon_core.environment:checking '/home/htrice/go2_ros2_curr/install/speech_processor/lib/pkgconfig/speech_processor.pc'
[22.600s] Level 1:colcon.colcon_core.environment:checking '/home/htrice/go2_ros2_curr/install/speech_processor/lib/python3.10/site-packages'
[22.601s] Level 1:colcon.colcon_core.shell:create_environment_hook('speech_processor', 'pythonpath')
[22.601s] INFO:colcon.colcon_core.shell:Creating environment hook '/home/htrice/go2_ros2_curr/install/speech_processor/share/speech_processor/hook/pythonpath.ps1'
[22.601s] INFO:colcon.colcon_core.shell:Creating environment descriptor '/home/htrice/go2_ros2_curr/install/speech_processor/share/speech_processor/hook/pythonpath.dsv'
[22.602s] INFO:colcon.colcon_core.shell:Creating environment hook '/home/htrice/go2_ros2_curr/install/speech_processor/share/speech_processor/hook/pythonpath.sh'
[22.603s] Level 1:colcon.colcon_core.environment:checking '/home/htrice/go2_ros2_curr/install/speech_processor/bin'
[22.603s] Level 1:colcon.colcon_core.environment:create_environment_scripts_only(speech_processor)
[22.603s] INFO:colcon.colcon_core.shell:Creating package script '/home/htrice/go2_ros2_curr/install/speech_processor/share/speech_processor/package.ps1'
[22.604s] INFO:colcon.colcon_core.shell:Creating package descriptor '/home/htrice/go2_ros2_curr/install/speech_processor/share/speech_processor/package.dsv'
[22.605s] INFO:colcon.colcon_core.shell:Creating package script '/home/htrice/go2_ros2_curr/install/speech_processor/share/speech_processor/package.sh'
[22.610s] INFO:colcon.colcon_core.shell:Creating package script '/home/htrice/go2_ros2_curr/install/speech_processor/share/speech_processor/package.bash'
[22.611s] INFO:colcon.colcon_core.shell:Creating package script '/home/htrice/go2_ros2_curr/install/speech_processor/share/speech_processor/package.zsh'
[22.612s] Level 1:colcon.colcon_core.environment:create_file_with_runtime_dependencies(/home/htrice/go2_ros2_curr/install/speech_processor/share/colcon-core/packages/speech_processor)
[22.633s] Level 1:colcon.colcon_core.shell:create_environment_hook('go2_robot_sdk', 'pythonpath_develop')
[22.634s] INFO:colcon.colcon_core.shell:Creating environment hook '/home/htrice/go2_ros2_curr/build/go2_robot_sdk/share/go2_robot_sdk/hook/pythonpath_develop.ps1'
[22.634s] DEBUG:colcon.colcon_core.event_handler.log_command:Invoked command in '/home/htrice/go2_ros2_curr/build/go2_robot_sdk' returned '0': AMENT_PREFIX_PATH=/home/htrice/go2_ros2_curr/install/go2_interfaces:${AMENT_PREFIX_PATH} CMAKE_PREFIX_PATH=/home/htrice/go2_ros2_curr/install/go2_interfaces LD_LIBRARY_PATH=/home/htrice/go2_ros2_curr/install/go2_interfaces/lib:${LD_LIBRARY_PATH} PYTHONPATH=/home/htrice/go2_ros2_curr/build/go2_robot_sdk/prefix_override:/usr/lib/python3/dist-packages/colcon_core/task/python/colcon_distutils_commands:/home/htrice/go2_ros2_curr/install/go2_robot_sdk/lib/python3.10/site-packages:/home/htrice/go2_ros2_curr/install/go2_interfaces/local/lib/python3.10/dist-packages:${PYTHONPATH} /usr/bin/python3 -W ignore:setup.py install is deprecated -W ignore:easy_install command is deprecated setup.py develop --editable --build-directory /home/htrice/go2_ros2_curr/build/go2_robot_sdk/build --no-deps symlink_data
[22.635s] INFO:colcon.colcon_core.shell:Creating environment descriptor '/home/htrice/go2_ros2_curr/build/go2_robot_sdk/share/go2_robot_sdk/hook/pythonpath_develop.dsv'
[22.636s] INFO:colcon.colcon_core.shell:Creating environment hook '/home/htrice/go2_ros2_curr/build/go2_robot_sdk/share/go2_robot_sdk/hook/pythonpath_develop.sh'
[22.636s] Level 1:colcon.colcon_core.environment:checking '/home/htrice/go2_ros2_curr/install/go2_robot_sdk' for CMake module files
[22.637s] Level 1:colcon.colcon_core.environment:checking '/home/htrice/go2_ros2_curr/install/go2_robot_sdk' for CMake config files
[22.639s] Level 1:colcon.colcon_core.environment:checking '/home/htrice/go2_ros2_curr/install/go2_robot_sdk/lib'
[22.639s] Level 1:colcon.colcon_core.environment:checking '/home/htrice/go2_ros2_curr/install/go2_robot_sdk/bin'
[22.640s] Level 1:colcon.colcon_core.environment:checking '/home/htrice/go2_ros2_curr/install/go2_robot_sdk/lib/pkgconfig/go2_robot_sdk.pc'
[22.640s] Level 1:colcon.colcon_core.environment:checking '/home/htrice/go2_ros2_curr/install/go2_robot_sdk/lib/python3.10/site-packages'
[22.640s] Level 1:colcon.colcon_core.shell:create_environment_hook('go2_robot_sdk', 'pythonpath')
[22.640s] INFO:colcon.colcon_core.shell:Creating environment hook '/home/htrice/go2_ros2_curr/install/go2_robot_sdk/share/go2_robot_sdk/hook/pythonpath.ps1'
[22.641s] INFO:colcon.colcon_core.shell:Creating environment descriptor '/home/htrice/go2_ros2_curr/install/go2_robot_sdk/share/go2_robot_sdk/hook/pythonpath.dsv'
[22.641s] INFO:colcon.colcon_core.shell:Creating environment hook '/home/htrice/go2_ros2_curr/install/go2_robot_sdk/share/go2_robot_sdk/hook/pythonpath.sh'
[22.642s] Level 1:colcon.colcon_core.environment:checking '/home/htrice/go2_ros2_curr/install/go2_robot_sdk/bin'
[22.642s] Level 1:colcon.colcon_core.environment:create_environment_scripts_only(go2_robot_sdk)
[22.643s] INFO:colcon.colcon_core.shell:Creating package script '/home/htrice/go2_ros2_curr/install/go2_robot_sdk/share/go2_robot_sdk/package.ps1'
[22.643s] INFO:colcon.colcon_core.shell:Creating package descriptor '/home/htrice/go2_ros2_curr/install/go2_robot_sdk/share/go2_robot_sdk/package.dsv'
[22.644s] INFO:colcon.colcon_core.shell:Creating package script '/home/htrice/go2_ros2_curr/install/go2_robot_sdk/share/go2_robot_sdk/package.sh'
[22.644s] INFO:colcon.colcon_core.shell:Creating package script '/home/htrice/go2_ros2_curr/install/go2_robot_sdk/share/go2_robot_sdk/package.bash'
[22.645s] INFO:colcon.colcon_core.shell:Creating package script '/home/htrice/go2_ros2_curr/install/go2_robot_sdk/share/go2_robot_sdk/package.zsh'
[22.646s] Level 1:colcon.colcon_core.environment:create_file_with_runtime_dependencies(/home/htrice/go2_ros2_curr/install/go2_robot_sdk/share/colcon-core/packages/go2_robot_sdk)
[22.646s] DEBUG:colcon.colcon_parallel_executor.executor.parallel:closing loop
[22.647s] DEBUG:colcon.colcon_parallel_executor.executor.parallel:loop closed
[22.647s] DEBUG:colcon.colcon_parallel_executor.executor.parallel:run_until_complete finished with '0'
[22.647s] DEBUG:colcon.colcon_core.event_reactor:joining thread
[22.655s] INFO:colcon.colcon_core.plugin_system:Skipping extension 'colcon_notification.desktop_notification.terminal_notifier': Not used on non-Darwin systems
[22.655s] INFO:colcon.colcon_core.plugin_system:Skipping extension 'colcon_notification.desktop_notification.win32': Not used on non-Windows systems
[22.656s] INFO:colcon.colcon_notification.desktop_notification:Sending desktop notification using 'notify2'
[22.677s] DEBUG:colcon.colcon_core.event_reactor:joined thread
[22.677s] INFO:colcon.colcon_core.shell:Creating prefix script '/home/htrice/go2_ros2_curr/install/local_setup.ps1'
[22.679s] INFO:colcon.colcon_core.shell:Creating prefix util module '/home/htrice/go2_ros2_curr/install/_local_setup_util_ps1.py'
[22.681s] INFO:colcon.colcon_core.shell:Creating prefix chain script '/home/htrice/go2_ros2_curr/install/setup.ps1'
[22.683s] INFO:colcon.colcon_core.shell:Creating prefix script '/home/htrice/go2_ros2_curr/install/local_setup.sh'
[22.684s] INFO:colcon.colcon_core.shell:Creating prefix util module '/home/htrice/go2_ros2_curr/install/_local_setup_util_sh.py'
[22.684s] INFO:colcon.colcon_core.shell:Creating prefix chain script '/home/htrice/go2_ros2_curr/install/setup.sh'
[22.686s] INFO:colcon.colcon_core.shell:Creating prefix script '/home/htrice/go2_ros2_curr/install/local_setup.bash'
[22.686s] INFO:colcon.colcon_core.shell:Creating prefix chain script '/home/htrice/go2_ros2_curr/install/setup.bash'
[22.688s] INFO:colcon.colcon_core.shell:Creating prefix script '/home/htrice/go2_ros2_curr/install/local_setup.zsh'
[22.689s] INFO:colcon.colcon_core.shell:Creating prefix chain script '/home/htrice/go2_ros2_curr/install/setup.zsh'
