[0.083s] DEBUG:colcon:Command line arguments: ['/usr/bin/colcon', 'build', '--symlink-install']
[0.083s] DEBUG:colcon:Parsed command line arguments: Namespace(log_base=None, log_level=None, verb_name='build', build_base='build', install_base='install', merge_install=False, symlink_install=True, test_result_base=None, continue_on_error=False, executor='parallel', parallel_workers=16, event_handlers=None, ignore_user_meta=False, metas=['./colcon.meta'], base_paths=['.'], packages_ignore=None, packages_ignore_regex=None, paths=None, packages_up_to=None, packages_up_to_regex=None, packages_above=None, packages_above_and_dependencies=None, packages_above_depth=None, packages_select_by_dep=None, packages_skip_by_dep=None, packages_skip_up_to=None, packages_select_build_failed=False, packages_skip_build_finished=False, packages_select_test_failures=False, packages_skip_test_passed=False, packages_select=None, packages_skip=None, packages_select_regex=None, packages_skip_regex=None, packages_start=None, packages_end=None, allow_overriding=[], cmake_args=None, cmake_target=None, cmake_target_skip_unavailable=False, cmake_clean_cache=False, cmake_clean_first=False, cmake_force_configure=False, ament_cmake_args=None, catkin_cmake_args=None, catkin_skip_building_tests=False, verb_parser=<colcon_defaults.argument_parser.defaults.DefaultArgumentsDecorator object at 0x7bc34aa6cdf0>, verb_extension=<colcon_core.verb.build.BuildVerb object at 0x7bc34aa6c820>, main=<bound method BuildVerb.main of <colcon_core.verb.build.BuildVerb object at 0x7bc34aa6c820>>)
[0.235s] Level 1:colcon.colcon_core.package_discovery:discover_packages(colcon_meta) check parameters
[0.235s] Level 1:colcon.colcon_core.package_discovery:discover_packages(recursive) check parameters
[0.235s] Level 1:colcon.colcon_core.package_discovery:discover_packages(ignore) check parameters
[0.235s] Level 1:colcon.colcon_core.package_discovery:discover_packages(path) check parameters
[0.235s] Level 1:colcon.colcon_core.package_discovery:discover_packages(colcon_meta) discover
[0.235s] Level 1:colcon.colcon_core.package_discovery:discover_packages(recursive) discover
[0.235s] INFO:colcon.colcon_core.package_discovery:Crawling recursively for packages in '/home/htrice/go2_ros2_curr'
[0.235s] Level 1:colcon.colcon_core.package_identification:_identify(.) by extensions ['ignore', 'ignore_ament_install']
[0.235s] Level 1:colcon.colcon_core.package_identification:_identify(.) by extension 'ignore'
[0.235s] Level 1:colcon.colcon_core.package_identification:_identify(.) by extension 'ignore_ament_install'
[0.235s] Level 1:colcon.colcon_core.package_identification:_identify(.) by extensions ['colcon_pkg']
[0.235s] Level 1:colcon.colcon_core.package_identification:_identify(.) by extension 'colcon_pkg'
[0.235s] Level 1:colcon.colcon_core.package_identification:_identify(.) by extensions ['colcon_meta']
[0.235s] Level 1:colcon.colcon_core.package_identification:_identify(.) by extension 'colcon_meta'
[0.235s] Level 1:colcon.colcon_core.package_identification:_identify(.) by extensions ['ros']
[0.235s] Level 1:colcon.colcon_core.package_identification:_identify(.) by extension 'ros'
[0.244s] Level 1:colcon.colcon_core.package_identification:_identify(.) by extensions ['cmake', 'python']
[0.244s] Level 1:colcon.colcon_core.package_identification:_identify(.) by extension 'cmake'
[0.244s] Level 1:colcon.colcon_core.package_identification:_identify(.) by extension 'python'
[0.244s] Level 1:colcon.colcon_core.package_identification:_identify(.) by extensions ['python_setup_py']
[0.244s] Level 1:colcon.colcon_core.package_identification:_identify(.) by extension 'python_setup_py'
[0.244s] Level 1:colcon.colcon_core.package_identification:_identify(build) by extensions ['ignore', 'ignore_ament_install']
[0.244s] Level 1:colcon.colcon_core.package_identification:_identify(build) by extension 'ignore'
[0.244s] Level 1:colcon.colcon_core.package_identification:_identify(build) ignored
[0.244s] Level 1:colcon.colcon_core.package_identification:_identify(install) by extensions ['ignore', 'ignore_ament_install']
[0.244s] Level 1:colcon.colcon_core.package_identification:_identify(install) by extension 'ignore'
[0.244s] Level 1:colcon.colcon_core.package_identification:_identify(install) ignored
[0.244s] Level 1:colcon.colcon_core.package_identification:_identify(log) by extensions ['ignore', 'ignore_ament_install']
[0.244s] Level 1:colcon.colcon_core.package_identification:_identify(log) by extension 'ignore'
[0.245s] Level 1:colcon.colcon_core.package_identification:_identify(log) ignored
[0.245s] Level 1:colcon.colcon_core.package_identification:_identify(src) by extensions ['ignore', 'ignore_ament_install']
[0.245s] Level 1:colcon.colcon_core.package_identification:_identify(src) by extension 'ignore'
[0.245s] Level 1:colcon.colcon_core.package_identification:_identify(src) by extension 'ignore_ament_install'
[0.245s] Level 1:colcon.colcon_core.package_identification:_identify(src) by extensions ['colcon_pkg']
[0.245s] Level 1:colcon.colcon_core.package_identification:_identify(src) by extension 'colcon_pkg'
[0.245s] Level 1:colcon.colcon_core.package_identification:_identify(src) by extensions ['colcon_meta']
[0.245s] Level 1:colcon.colcon_core.package_identification:_identify(src) by extension 'colcon_meta'
[0.245s] Level 1:colcon.colcon_core.package_identification:_identify(src) by extensions ['ros']
[0.245s] Level 1:colcon.colcon_core.package_identification:_identify(src) by extension 'ros'
[0.245s] Level 1:colcon.colcon_core.package_identification:_identify(src) by extensions ['cmake', 'python']
[0.245s] Level 1:colcon.colcon_core.package_identification:_identify(src) by extension 'cmake'
[0.245s] Level 1:colcon.colcon_core.package_identification:_identify(src) by extension 'python'
[0.245s] Level 1:colcon.colcon_core.package_identification:_identify(src) by extensions ['python_setup_py']
[0.245s] Level 1:colcon.colcon_core.package_identification:_identify(src) by extension 'python_setup_py'
[0.245s] Level 1:colcon.colcon_core.package_identification:_identify(src/coco_detector) by extensions ['ignore', 'ignore_ament_install']
[0.245s] Level 1:colcon.colcon_core.package_identification:_identify(src/coco_detector) by extension 'ignore'
[0.245s] Level 1:colcon.colcon_core.package_identification:_identify(src/coco_detector) by extension 'ignore_ament_install'
[0.245s] Level 1:colcon.colcon_core.package_identification:_identify(src/coco_detector) by extensions ['colcon_pkg']
[0.245s] Level 1:colcon.colcon_core.package_identification:_identify(src/coco_detector) by extension 'colcon_pkg'
[0.245s] Level 1:colcon.colcon_core.package_identification:_identify(src/coco_detector) by extensions ['colcon_meta']
[0.245s] Level 1:colcon.colcon_core.package_identification:_identify(src/coco_detector) by extension 'colcon_meta'
[0.245s] Level 1:colcon.colcon_core.package_identification:_identify(src/coco_detector) by extensions ['ros']
[0.245s] Level 1:colcon.colcon_core.package_identification:_identify(src/coco_detector) by extension 'ros'
[0.247s] DEBUG:colcon.colcon_core.package_identification:Package 'src/coco_detector' with type 'ros.ament_python' and name 'coco_detector'
[0.247s] Level 1:colcon.colcon_core.package_identification:_identify(src/docker) by extensions ['ignore', 'ignore_ament_install']
[0.247s] Level 1:colcon.colcon_core.package_identification:_identify(src/docker) by extension 'ignore'
[0.247s] Level 1:colcon.colcon_core.package_identification:_identify(src/docker) by extension 'ignore_ament_install'
[0.247s] Level 1:colcon.colcon_core.package_identification:_identify(src/docker) by extensions ['colcon_pkg']
[0.247s] Level 1:colcon.colcon_core.package_identification:_identify(src/docker) by extension 'colcon_pkg'
[0.247s] Level 1:colcon.colcon_core.package_identification:_identify(src/docker) by extensions ['colcon_meta']
[0.247s] Level 1:colcon.colcon_core.package_identification:_identify(src/docker) by extension 'colcon_meta'
[0.247s] Level 1:colcon.colcon_core.package_identification:_identify(src/docker) by extensions ['ros']
[0.247s] Level 1:colcon.colcon_core.package_identification:_identify(src/docker) by extension 'ros'
[0.247s] Level 1:colcon.colcon_core.package_identification:_identify(src/docker) by extensions ['cmake', 'python']
[0.247s] Level 1:colcon.colcon_core.package_identification:_identify(src/docker) by extension 'cmake'
[0.248s] Level 1:colcon.colcon_core.package_identification:_identify(src/docker) by extension 'python'
[0.248s] Level 1:colcon.colcon_core.package_identification:_identify(src/docker) by extensions ['python_setup_py']
[0.248s] Level 1:colcon.colcon_core.package_identification:_identify(src/docker) by extension 'python_setup_py'
[0.248s] Level 1:colcon.colcon_core.package_identification:_identify(src/go2_interfaces) by extensions ['ignore', 'ignore_ament_install']
[0.248s] Level 1:colcon.colcon_core.package_identification:_identify(src/go2_interfaces) by extension 'ignore'
[0.248s] Level 1:colcon.colcon_core.package_identification:_identify(src/go2_interfaces) by extension 'ignore_ament_install'
[0.248s] Level 1:colcon.colcon_core.package_identification:_identify(src/go2_interfaces) by extensions ['colcon_pkg']
[0.248s] Level 1:colcon.colcon_core.package_identification:_identify(src/go2_interfaces) by extension 'colcon_pkg'
[0.248s] Level 1:colcon.colcon_core.package_identification:_identify(src/go2_interfaces) by extensions ['colcon_meta']
[0.248s] Level 1:colcon.colcon_core.package_identification:_identify(src/go2_interfaces) by extension 'colcon_meta'
[0.248s] Level 1:colcon.colcon_core.package_identification:_identify(src/go2_interfaces) by extensions ['ros']
[0.248s] Level 1:colcon.colcon_core.package_identification:_identify(src/go2_interfaces) by extension 'ros'
[0.248s] DEBUG:colcon.colcon_core.package_identification:Package 'src/go2_interfaces' with type 'ros.ament_cmake' and name 'go2_interfaces'
[0.248s] Level 1:colcon.colcon_core.package_identification:_identify(src/go2_robot_sdk) by extensions ['ignore', 'ignore_ament_install']
[0.249s] Level 1:colcon.colcon_core.package_identification:_identify(src/go2_robot_sdk) by extension 'ignore'
[0.249s] Level 1:colcon.colcon_core.package_identification:_identify(src/go2_robot_sdk) by extension 'ignore_ament_install'
[0.249s] Level 1:colcon.colcon_core.package_identification:_identify(src/go2_robot_sdk) by extensions ['colcon_pkg']
[0.249s] Level 1:colcon.colcon_core.package_identification:_identify(src/go2_robot_sdk) by extension 'colcon_pkg'
[0.249s] Level 1:colcon.colcon_core.package_identification:_identify(src/go2_robot_sdk) by extensions ['colcon_meta']
[0.249s] Level 1:colcon.colcon_core.package_identification:_identify(src/go2_robot_sdk) by extension 'colcon_meta'
[0.249s] Level 1:colcon.colcon_core.package_identification:_identify(src/go2_robot_sdk) by extensions ['ros']
[0.249s] Level 1:colcon.colcon_core.package_identification:_identify(src/go2_robot_sdk) by extension 'ros'
[0.256s] DEBUG:colcon.colcon_core.package_identification:Package 'src/go2_robot_sdk' with type 'ros.ament_python' and name 'go2_robot_sdk'
[0.256s] Level 1:colcon.colcon_core.package_identification:_identify(src/lidar_processor) by extensions ['ignore', 'ignore_ament_install']
[0.256s] Level 1:colcon.colcon_core.package_identification:_identify(src/lidar_processor) by extension 'ignore'
[0.256s] Level 1:colcon.colcon_core.package_identification:_identify(src/lidar_processor) by extension 'ignore_ament_install'
[0.256s] Level 1:colcon.colcon_core.package_identification:_identify(src/lidar_processor) by extensions ['colcon_pkg']
[0.256s] Level 1:colcon.colcon_core.package_identification:_identify(src/lidar_processor) by extension 'colcon_pkg'
[0.256s] Level 1:colcon.colcon_core.package_identification:_identify(src/lidar_processor) by extensions ['colcon_meta']
[0.256s] Level 1:colcon.colcon_core.package_identification:_identify(src/lidar_processor) by extension 'colcon_meta'
[0.256s] Level 1:colcon.colcon_core.package_identification:_identify(src/lidar_processor) by extensions ['ros']
[0.256s] Level 1:colcon.colcon_core.package_identification:_identify(src/lidar_processor) by extension 'ros'
[0.257s] DEBUG:colcon.colcon_core.package_identification:Package 'src/lidar_processor' with type 'ros.ament_python' and name 'lidar_processor'
[0.257s] Level 1:colcon.colcon_core.package_identification:_identify(src/speech_processor) by extensions ['ignore', 'ignore_ament_install']
[0.257s] Level 1:colcon.colcon_core.package_identification:_identify(src/speech_processor) by extension 'ignore'
[0.257s] Level 1:colcon.colcon_core.package_identification:_identify(src/speech_processor) by extension 'ignore_ament_install'
[0.257s] Level 1:colcon.colcon_core.package_identification:_identify(src/speech_processor) by extensions ['colcon_pkg']
[0.257s] Level 1:colcon.colcon_core.package_identification:_identify(src/speech_processor) by extension 'colcon_pkg'
[0.257s] Level 1:colcon.colcon_core.package_identification:_identify(src/speech_processor) by extensions ['colcon_meta']
[0.257s] Level 1:colcon.colcon_core.package_identification:_identify(src/speech_processor) by extension 'colcon_meta'
[0.257s] Level 1:colcon.colcon_core.package_identification:_identify(src/speech_processor) by extensions ['ros']
[0.257s] Level 1:colcon.colcon_core.package_identification:_identify(src/speech_processor) by extension 'ros'
[0.258s] DEBUG:colcon.colcon_core.package_identification:Package 'src/speech_processor' with type 'ros.ament_python' and name 'speech_processor'
[0.258s] Level 1:colcon.colcon_core.package_discovery:discover_packages(recursive) using defaults
[0.258s] Level 1:colcon.colcon_core.package_discovery:discover_packages(ignore) discover
[0.258s] Level 1:colcon.colcon_core.package_discovery:discover_packages(ignore) using defaults
[0.258s] Level 1:colcon.colcon_core.package_discovery:discover_packages(path) discover
[0.258s] Level 1:colcon.colcon_core.package_discovery:discover_packages(path) using defaults
[0.273s] Level 1:colcon.colcon_core.package_discovery:discover_packages(prefix_path) check parameters
[0.273s] Level 1:colcon.colcon_core.package_discovery:discover_packages(prefix_path) discover
[0.276s] DEBUG:colcon.colcon_installed_package_information.package_discovery:Found 326 installed packages in /opt/ros/humble
[0.277s] Level 1:colcon.colcon_core.package_discovery:discover_packages(prefix_path) using defaults
[0.311s] Level 5:colcon.colcon_core.verb:set package 'coco_detector' build argument 'cmake_args' from command line to 'None'
[0.311s] Level 5:colcon.colcon_core.verb:set package 'coco_detector' build argument 'cmake_target' from command line to 'None'
[0.311s] Level 5:colcon.colcon_core.verb:set package 'coco_detector' build argument 'cmake_target_skip_unavailable' from command line to 'False'
[0.311s] Level 5:colcon.colcon_core.verb:set package 'coco_detector' build argument 'cmake_clean_cache' from command line to 'False'
[0.311s] Level 5:colcon.colcon_core.verb:set package 'coco_detector' build argument 'cmake_clean_first' from command line to 'False'
[0.311s] Level 5:colcon.colcon_core.verb:set package 'coco_detector' build argument 'cmake_force_configure' from command line to 'False'
[0.311s] Level 5:colcon.colcon_core.verb:set package 'coco_detector' build argument 'ament_cmake_args' from command line to 'None'
[0.311s] Level 5:colcon.colcon_core.verb:set package 'coco_detector' build argument 'catkin_cmake_args' from command line to 'None'
[0.311s] Level 5:colcon.colcon_core.verb:set package 'coco_detector' build argument 'catkin_skip_building_tests' from command line to 'False'
[0.311s] DEBUG:colcon.colcon_core.verb:Building package 'coco_detector' with the following arguments: {'ament_cmake_args': None, 'build_base': '/home/htrice/go2_ros2_curr/build/coco_detector', 'catkin_cmake_args': None, 'catkin_skip_building_tests': False, 'cmake_args': None, 'cmake_clean_cache': False, 'cmake_clean_first': False, 'cmake_force_configure': False, 'cmake_target': None, 'cmake_target_skip_unavailable': False, 'install_base': '/home/htrice/go2_ros2_curr/install/coco_detector', 'merge_install': False, 'path': '/home/htrice/go2_ros2_curr/src/coco_detector', 'symlink_install': True, 'test_result_base': None}
[0.312s] Level 5:colcon.colcon_core.verb:set package 'go2_interfaces' build argument 'cmake_args' from command line to 'None'
[0.312s] Level 5:colcon.colcon_core.verb:set package 'go2_interfaces' build argument 'cmake_target' from command line to 'None'
[0.312s] Level 5:colcon.colcon_core.verb:set package 'go2_interfaces' build argument 'cmake_target_skip_unavailable' from command line to 'False'
[0.312s] Level 5:colcon.colcon_core.verb:set package 'go2_interfaces' build argument 'cmake_clean_cache' from command line to 'False'
[0.312s] Level 5:colcon.colcon_core.verb:set package 'go2_interfaces' build argument 'cmake_clean_first' from command line to 'False'
[0.312s] Level 5:colcon.colcon_core.verb:set package 'go2_interfaces' build argument 'cmake_force_configure' from command line to 'False'
[0.312s] Level 5:colcon.colcon_core.verb:set package 'go2_interfaces' build argument 'ament_cmake_args' from command line to 'None'
[0.312s] Level 5:colcon.colcon_core.verb:set package 'go2_interfaces' build argument 'catkin_cmake_args' from command line to 'None'
[0.312s] Level 5:colcon.colcon_core.verb:set package 'go2_interfaces' build argument 'catkin_skip_building_tests' from command line to 'False'
[0.312s] DEBUG:colcon.colcon_core.verb:Building package 'go2_interfaces' with the following arguments: {'ament_cmake_args': None, 'build_base': '/home/htrice/go2_ros2_curr/build/go2_interfaces', 'catkin_cmake_args': None, 'catkin_skip_building_tests': False, 'cmake_args': None, 'cmake_clean_cache': False, 'cmake_clean_first': False, 'cmake_force_configure': False, 'cmake_target': None, 'cmake_target_skip_unavailable': False, 'install_base': '/home/htrice/go2_ros2_curr/install/go2_interfaces', 'merge_install': False, 'path': '/home/htrice/go2_ros2_curr/src/go2_interfaces', 'symlink_install': True, 'test_result_base': None}
[0.312s] Level 5:colcon.colcon_core.verb:set package 'lidar_processor' build argument 'cmake_args' from command line to 'None'
[0.312s] Level 5:colcon.colcon_core.verb:set package 'lidar_processor' build argument 'cmake_target' from command line to 'None'
[0.312s] Level 5:colcon.colcon_core.verb:set package 'lidar_processor' build argument 'cmake_target_skip_unavailable' from command line to 'False'
[0.312s] Level 5:colcon.colcon_core.verb:set package 'lidar_processor' build argument 'cmake_clean_cache' from command line to 'False'
[0.312s] Level 5:colcon.colcon_core.verb:set package 'lidar_processor' build argument 'cmake_clean_first' from command line to 'False'
[0.312s] Level 5:colcon.colcon_core.verb:set package 'lidar_processor' build argument 'cmake_force_configure' from command line to 'False'
[0.312s] Level 5:colcon.colcon_core.verb:set package 'lidar_processor' build argument 'ament_cmake_args' from command line to 'None'
[0.312s] Level 5:colcon.colcon_core.verb:set package 'lidar_processor' build argument 'catkin_cmake_args' from command line to 'None'
[0.312s] Level 5:colcon.colcon_core.verb:set package 'lidar_processor' build argument 'catkin_skip_building_tests' from command line to 'False'
[0.312s] DEBUG:colcon.colcon_core.verb:Building package 'lidar_processor' with the following arguments: {'ament_cmake_args': None, 'build_base': '/home/htrice/go2_ros2_curr/build/lidar_processor', 'catkin_cmake_args': None, 'catkin_skip_building_tests': False, 'cmake_args': None, 'cmake_clean_cache': False, 'cmake_clean_first': False, 'cmake_force_configure': False, 'cmake_target': None, 'cmake_target_skip_unavailable': False, 'install_base': '/home/htrice/go2_ros2_curr/install/lidar_processor', 'merge_install': False, 'path': '/home/htrice/go2_ros2_curr/src/lidar_processor', 'symlink_install': True, 'test_result_base': None}
[0.312s] Level 5:colcon.colcon_core.verb:set package 'go2_robot_sdk' build argument 'cmake_args' from command line to 'None'
[0.312s] Level 5:colcon.colcon_core.verb:set package 'go2_robot_sdk' build argument 'cmake_target' from command line to 'None'
[0.312s] Level 5:colcon.colcon_core.verb:set package 'go2_robot_sdk' build argument 'cmake_target_skip_unavailable' from command line to 'False'
[0.312s] Level 5:colcon.colcon_core.verb:set package 'go2_robot_sdk' build argument 'cmake_clean_cache' from command line to 'False'
[0.312s] Level 5:colcon.colcon_core.verb:set package 'go2_robot_sdk' build argument 'cmake_clean_first' from command line to 'False'
[0.312s] Level 5:colcon.colcon_core.verb:set package 'go2_robot_sdk' build argument 'cmake_force_configure' from command line to 'False'
[0.313s] Level 5:colcon.colcon_core.verb:set package 'go2_robot_sdk' build argument 'ament_cmake_args' from command line to 'None'
[0.313s] Level 5:colcon.colcon_core.verb:set package 'go2_robot_sdk' build argument 'catkin_cmake_args' from command line to 'None'
[0.313s] Level 5:colcon.colcon_core.verb:set package 'go2_robot_sdk' build argument 'catkin_skip_building_tests' from command line to 'False'
[0.313s] DEBUG:colcon.colcon_core.verb:Building package 'go2_robot_sdk' with the following arguments: {'ament_cmake_args': None, 'build_base': '/home/htrice/go2_ros2_curr/build/go2_robot_sdk', 'catkin_cmake_args': None, 'catkin_skip_building_tests': False, 'cmake_args': None, 'cmake_clean_cache': False, 'cmake_clean_first': False, 'cmake_force_configure': False, 'cmake_target': None, 'cmake_target_skip_unavailable': False, 'install_base': '/home/htrice/go2_ros2_curr/install/go2_robot_sdk', 'merge_install': False, 'path': '/home/htrice/go2_ros2_curr/src/go2_robot_sdk', 'symlink_install': True, 'test_result_base': None}
[0.313s] Level 5:colcon.colcon_core.verb:set package 'speech_processor' build argument 'cmake_args' from command line to 'None'
[0.313s] Level 5:colcon.colcon_core.verb:set package 'speech_processor' build argument 'cmake_target' from command line to 'None'
[0.313s] Level 5:colcon.colcon_core.verb:set package 'speech_processor' build argument 'cmake_target_skip_unavailable' from command line to 'False'
[0.313s] Level 5:colcon.colcon_core.verb:set package 'speech_processor' build argument 'cmake_clean_cache' from command line to 'False'
[0.313s] Level 5:colcon.colcon_core.verb:set package 'speech_processor' build argument 'cmake_clean_first' from command line to 'False'
[0.313s] Level 5:colcon.colcon_core.verb:set package 'speech_processor' build argument 'cmake_force_configure' from command line to 'False'
[0.313s] Level 5:colcon.colcon_core.verb:set package 'speech_processor' build argument 'ament_cmake_args' from command line to 'None'
[0.313s] Level 5:colcon.colcon_core.verb:set package 'speech_processor' build argument 'catkin_cmake_args' from command line to 'None'
[0.313s] Level 5:colcon.colcon_core.verb:set package 'speech_processor' build argument 'catkin_skip_building_tests' from command line to 'False'
[0.313s] DEBUG:colcon.colcon_core.verb:Building package 'speech_processor' with the following arguments: {'ament_cmake_args': None, 'build_base': '/home/htrice/go2_ros2_curr/build/speech_processor', 'catkin_cmake_args': None, 'catkin_skip_building_tests': False, 'cmake_args': None, 'cmake_clean_cache': False, 'cmake_clean_first': False, 'cmake_force_configure': False, 'cmake_target': None, 'cmake_target_skip_unavailable': False, 'install_base': '/home/htrice/go2_ros2_curr/install/speech_processor', 'merge_install': False, 'path': '/home/htrice/go2_ros2_curr/src/speech_processor', 'symlink_install': True, 'test_result_base': None}
[0.313s] INFO:colcon.colcon_core.executor:Executing jobs using 'parallel' executor
[0.314s] DEBUG:colcon.colcon_parallel_executor.executor.parallel:run_until_complete
[0.314s] INFO:colcon.colcon_ros.task.ament_cmake.build:Building ROS package in '/home/htrice/go2_ros2_curr/src/go2_interfaces' with build type 'ament_cmake'
[0.314s] INFO:colcon.colcon_cmake.task.cmake.build:Building CMake package in '/home/htrice/go2_ros2_curr/src/go2_interfaces'
[0.316s] INFO:colcon.colcon_core.plugin_system:Skipping extension 'colcon_core.shell.bat': Not used on non-Windows systems
[0.316s] INFO:colcon.colcon_core.shell:Skip shell extension 'powershell' for command environment: Not usable outside of PowerShell
[0.316s] DEBUG:colcon.colcon_core.shell:Skip shell extension 'dsv' for command environment
[0.319s] INFO:colcon.colcon_ros.task.ament_python.build:Building ROS package in '/home/htrice/go2_ros2_curr/src/coco_detector' with build type 'ament_python'
[0.319s] Level 1:colcon.colcon_core.shell:create_environment_hook('coco_detector', 'ament_prefix_path')
[0.319s] INFO:colcon.colcon_core.shell:Creating environment hook '/home/htrice/go2_ros2_curr/install/coco_detector/share/coco_detector/hook/ament_prefix_path.ps1'
[0.320s] INFO:colcon.colcon_core.shell:Creating environment descriptor '/home/htrice/go2_ros2_curr/install/coco_detector/share/coco_detector/hook/ament_prefix_path.dsv'
[0.320s] INFO:colcon.colcon_core.shell:Creating environment hook '/home/htrice/go2_ros2_curr/install/coco_detector/share/coco_detector/hook/ament_prefix_path.sh'
[0.321s] INFO:colcon.colcon_core.shell:Skip shell extension 'powershell' for command environment: Not usable outside of PowerShell
[0.321s] DEBUG:colcon.colcon_core.shell:Skip shell extension 'dsv' for command environment
[0.323s] INFO:colcon.colcon_ros.task.ament_python.build:Building ROS package in '/home/htrice/go2_ros2_curr/src/lidar_processor' with build type 'ament_python'
[0.324s] Level 1:colcon.colcon_core.shell:create_environment_hook('lidar_processor', 'ament_prefix_path')
[0.324s] INFO:colcon.colcon_core.shell:Creating environment hook '/home/htrice/go2_ros2_curr/install/lidar_processor/share/lidar_processor/hook/ament_prefix_path.ps1'
[0.324s] INFO:colcon.colcon_core.shell:Creating environment descriptor '/home/htrice/go2_ros2_curr/install/lidar_processor/share/lidar_processor/hook/ament_prefix_path.dsv'
[0.324s] INFO:colcon.colcon_core.shell:Creating environment hook '/home/htrice/go2_ros2_curr/install/lidar_processor/share/lidar_processor/hook/ament_prefix_path.sh'
[0.325s] INFO:colcon.colcon_core.shell:Skip shell extension 'powershell' for command environment: Not usable outside of PowerShell
[0.325s] DEBUG:colcon.colcon_core.shell:Skip shell extension 'dsv' for command environment
[0.333s] DEBUG:colcon.colcon_core.event_handler.log_command:Invoking command in '/home/htrice/go2_ros2_curr/build/go2_interfaces': CMAKE_PREFIX_PATH=/opt/ros/humble /usr/bin/cmake --build /home/htrice/go2_ros2_curr/build/go2_interfaces -- -j16 -l16
[0.570s] INFO:colcon.colcon_core.task.python.build:Building Python package in '/home/htrice/go2_ros2_curr/src/coco_detector'
[0.571s] INFO:colcon.colcon_core.shell:Skip shell extension 'powershell' for command environment: Not usable outside of PowerShell
[0.571s] DEBUG:colcon.colcon_core.shell:Skip shell extension 'dsv' for command environment
[0.820s] INFO:colcon.colcon_core.task.python.build:Building Python package in '/home/htrice/go2_ros2_curr/src/lidar_processor'
[0.821s] INFO:colcon.colcon_core.shell:Skip shell extension 'powershell' for command environment: Not usable outside of PowerShell
[0.821s] DEBUG:colcon.colcon_core.shell:Skip shell extension 'dsv' for command environment
[0.830s] DEBUG:colcon.colcon_core.event_handler.log_command:Invoked command in '/home/htrice/go2_ros2_curr/build/go2_interfaces' returned '0': CMAKE_PREFIX_PATH=/opt/ros/humble /usr/bin/cmake --build /home/htrice/go2_ros2_curr/build/go2_interfaces -- -j16 -l16
[0.844s] DEBUG:colcon.colcon_core.event_handler.log_command:Invoking command in '/home/htrice/go2_ros2_curr/build/go2_interfaces': CMAKE_PREFIX_PATH=/opt/ros/humble /usr/bin/cmake --install /home/htrice/go2_ros2_curr/build/go2_interfaces
[0.999s] Level 1:colcon.colcon_core.environment:create_environment_scripts_only(go2_interfaces)
[0.999s] DEBUG:colcon.colcon_core.event_handler.log_command:Invoked command in '/home/htrice/go2_ros2_curr/build/go2_interfaces' returned '0': CMAKE_PREFIX_PATH=/opt/ros/humble /usr/bin/cmake --install /home/htrice/go2_ros2_curr/build/go2_interfaces
[1.002s] Level 1:colcon.colcon_core.environment:checking '/home/htrice/go2_ros2_curr/install/go2_interfaces' for CMake module files
[1.004s] Level 1:colcon.colcon_core.environment:checking '/home/htrice/go2_ros2_curr/install/go2_interfaces' for CMake config files
[1.013s] Level 1:colcon.colcon_core.shell:create_environment_hook('go2_interfaces', 'cmake_prefix_path')
[1.013s] INFO:colcon.colcon_core.shell:Creating environment hook '/home/htrice/go2_ros2_curr/install/go2_interfaces/share/go2_interfaces/hook/cmake_prefix_path.ps1'
[1.014s] INFO:colcon.colcon_core.shell:Creating environment descriptor '/home/htrice/go2_ros2_curr/install/go2_interfaces/share/go2_interfaces/hook/cmake_prefix_path.dsv'
[1.014s] INFO:colcon.colcon_core.shell:Creating environment hook '/home/htrice/go2_ros2_curr/install/go2_interfaces/share/go2_interfaces/hook/cmake_prefix_path.sh'
[1.016s] Level 1:colcon.colcon_core.environment:checking '/home/htrice/go2_ros2_curr/install/go2_interfaces/lib'
[1.016s] Level 1:colcon.colcon_core.shell:create_environment_hook('go2_interfaces', 'ld_library_path_lib')
[1.016s] INFO:colcon.colcon_core.shell:Creating environment hook '/home/htrice/go2_ros2_curr/install/go2_interfaces/share/go2_interfaces/hook/ld_library_path_lib.ps1'
[1.017s] INFO:colcon.colcon_core.shell:Creating environment descriptor '/home/htrice/go2_ros2_curr/install/go2_interfaces/share/go2_interfaces/hook/ld_library_path_lib.dsv'
[1.017s] INFO:colcon.colcon_core.shell:Creating environment hook '/home/htrice/go2_ros2_curr/install/go2_interfaces/share/go2_interfaces/hook/ld_library_path_lib.sh'
[1.018s] Level 1:colcon.colcon_core.environment:checking '/home/htrice/go2_ros2_curr/install/go2_interfaces/bin'
[1.018s] Level 1:colcon.colcon_core.environment:checking '/home/htrice/go2_ros2_curr/install/go2_interfaces/lib/pkgconfig/go2_interfaces.pc'
[1.018s] Level 1:colcon.colcon_core.environment:checking '/home/htrice/go2_ros2_curr/install/go2_interfaces/lib/python3.10/site-packages'
[1.018s] Level 1:colcon.colcon_core.environment:checking '/home/htrice/go2_ros2_curr/install/go2_interfaces/bin'
[1.019s] INFO:colcon.colcon_core.shell:Creating package script '/home/htrice/go2_ros2_curr/install/go2_interfaces/share/go2_interfaces/package.ps1'
[1.020s] INFO:colcon.colcon_core.shell:Creating package descriptor '/home/htrice/go2_ros2_curr/install/go2_interfaces/share/go2_interfaces/package.dsv'
[1.021s] INFO:colcon.colcon_core.shell:Creating package script '/home/htrice/go2_ros2_curr/install/go2_interfaces/share/go2_interfaces/package.sh'
[1.022s] INFO:colcon.colcon_core.shell:Creating package script '/home/htrice/go2_ros2_curr/install/go2_interfaces/share/go2_interfaces/package.bash'
[1.023s] INFO:colcon.colcon_core.shell:Creating package script '/home/htrice/go2_ros2_curr/install/go2_interfaces/share/go2_interfaces/package.zsh'
[1.024s] Level 1:colcon.colcon_core.environment:create_file_with_runtime_dependencies(/home/htrice/go2_ros2_curr/install/go2_interfaces/share/colcon-core/packages/go2_interfaces)
[1.025s] Level 1:colcon.colcon_core.environment:create_environment_scripts_only(go2_interfaces)
[1.025s] Level 1:colcon.colcon_core.environment:checking '/home/htrice/go2_ros2_curr/install/go2_interfaces' for CMake module files
[1.027s] Level 1:colcon.colcon_core.environment:checking '/home/htrice/go2_ros2_curr/install/go2_interfaces' for CMake config files
[1.036s] Level 1:colcon.colcon_core.shell:create_environment_hook('go2_interfaces', 'cmake_prefix_path')
[1.036s] INFO:colcon.colcon_core.shell:Creating environment hook '/home/htrice/go2_ros2_curr/install/go2_interfaces/share/go2_interfaces/hook/cmake_prefix_path.ps1'
[1.037s] INFO:colcon.colcon_core.shell:Creating environment descriptor '/home/htrice/go2_ros2_curr/install/go2_interfaces/share/go2_interfaces/hook/cmake_prefix_path.dsv'
[1.037s] INFO:colcon.colcon_core.shell:Creating environment hook '/home/htrice/go2_ros2_curr/install/go2_interfaces/share/go2_interfaces/hook/cmake_prefix_path.sh'
[1.038s] Level 1:colcon.colcon_core.environment:checking '/home/htrice/go2_ros2_curr/install/go2_interfaces/lib'
[1.038s] Level 1:colcon.colcon_core.shell:create_environment_hook('go2_interfaces', 'ld_library_path_lib')
[1.038s] INFO:colcon.colcon_core.shell:Creating environment hook '/home/htrice/go2_ros2_curr/install/go2_interfaces/share/go2_interfaces/hook/ld_library_path_lib.ps1'
[1.039s] INFO:colcon.colcon_core.shell:Creating environment descriptor '/home/htrice/go2_ros2_curr/install/go2_interfaces/share/go2_interfaces/hook/ld_library_path_lib.dsv'
[1.039s] INFO:colcon.colcon_core.shell:Creating environment hook '/home/htrice/go2_ros2_curr/install/go2_interfaces/share/go2_interfaces/hook/ld_library_path_lib.sh'
[1.040s] Level 1:colcon.colcon_core.environment:checking '/home/htrice/go2_ros2_curr/install/go2_interfaces/bin'
[1.040s] Level 1:colcon.colcon_core.environment:checking '/home/htrice/go2_ros2_curr/install/go2_interfaces/lib/pkgconfig/go2_interfaces.pc'
[1.040s] Level 1:colcon.colcon_core.environment:checking '/home/htrice/go2_ros2_curr/install/go2_interfaces/lib/python3.10/site-packages'
[1.041s] Level 1:colcon.colcon_core.environment:checking '/home/htrice/go2_ros2_curr/install/go2_interfaces/bin'
[1.041s] INFO:colcon.colcon_core.shell:Creating package script '/home/htrice/go2_ros2_curr/install/go2_interfaces/share/go2_interfaces/package.ps1'
[1.042s] INFO:colcon.colcon_core.shell:Creating package descriptor '/home/htrice/go2_ros2_curr/install/go2_interfaces/share/go2_interfaces/package.dsv'
[1.043s] INFO:colcon.colcon_core.shell:Creating package script '/home/htrice/go2_ros2_curr/install/go2_interfaces/share/go2_interfaces/package.sh'
[1.043s] INFO:colcon.colcon_core.shell:Creating package script '/home/htrice/go2_ros2_curr/install/go2_interfaces/share/go2_interfaces/package.bash'
[1.044s] INFO:colcon.colcon_core.shell:Creating package script '/home/htrice/go2_ros2_curr/install/go2_interfaces/share/go2_interfaces/package.zsh'
[1.044s] Level 1:colcon.colcon_core.environment:create_file_with_runtime_dependencies(/home/htrice/go2_ros2_curr/install/go2_interfaces/share/colcon-core/packages/go2_interfaces)
[1.045s] INFO:colcon.colcon_ros.task.ament_python.build:Building ROS package in '/home/htrice/go2_ros2_curr/src/go2_robot_sdk' with build type 'ament_python'
[1.045s] Level 1:colcon.colcon_core.shell:create_environment_hook('go2_robot_sdk', 'ament_prefix_path')
[1.045s] INFO:colcon.colcon_core.shell:Creating environment hook '/home/htrice/go2_ros2_curr/install/go2_robot_sdk/share/go2_robot_sdk/hook/ament_prefix_path.ps1'
[1.046s] INFO:colcon.colcon_core.shell:Creating environment descriptor '/home/htrice/go2_ros2_curr/install/go2_robot_sdk/share/go2_robot_sdk/hook/ament_prefix_path.dsv'
[1.047s] INFO:colcon.colcon_core.shell:Creating environment hook '/home/htrice/go2_ros2_curr/install/go2_robot_sdk/share/go2_robot_sdk/hook/ament_prefix_path.sh'
[1.048s] INFO:colcon.colcon_core.shell:Skip shell extension 'powershell' for command environment: Not usable outside of PowerShell
[1.048s] DEBUG:colcon.colcon_core.shell:Skip shell extension 'dsv' for command environment
[1.053s] INFO:colcon.colcon_ros.task.ament_python.build:Building ROS package in '/home/htrice/go2_ros2_curr/src/speech_processor' with build type 'ament_python'
[1.053s] Level 1:colcon.colcon_core.shell:create_environment_hook('speech_processor', 'ament_prefix_path')
[1.053s] INFO:colcon.colcon_core.shell:Creating environment hook '/home/htrice/go2_ros2_curr/install/speech_processor/share/speech_processor/hook/ament_prefix_path.ps1'
[1.054s] INFO:colcon.colcon_core.shell:Creating environment descriptor '/home/htrice/go2_ros2_curr/install/speech_processor/share/speech_processor/hook/ament_prefix_path.dsv'
[1.054s] INFO:colcon.colcon_core.shell:Creating environment hook '/home/htrice/go2_ros2_curr/install/speech_processor/share/speech_processor/hook/ament_prefix_path.sh'
[1.055s] INFO:colcon.colcon_core.shell:Skip shell extension 'powershell' for command environment: Not usable outside of PowerShell
[1.055s] DEBUG:colcon.colcon_core.shell:Skip shell extension 'dsv' for command environment
[1.318s] INFO:colcon.colcon_core.task.python.build:Building Python package in '/home/htrice/go2_ros2_curr/src/go2_robot_sdk'
[1.319s] INFO:colcon.colcon_core.shell:Skip shell extension 'powershell' for command environment: Not usable outside of PowerShell
[1.319s] DEBUG:colcon.colcon_core.shell:Skip shell extension 'dsv' for command environment
[1.573s] INFO:colcon.colcon_core.task.python.build:Building Python package in '/home/htrice/go2_ros2_curr/src/speech_processor'
[1.573s] INFO:colcon.colcon_core.shell:Skip shell extension 'powershell' for command environment: Not usable outside of PowerShell
[1.573s] DEBUG:colcon.colcon_core.shell:Skip shell extension 'dsv' for command environment
[1.579s] DEBUG:colcon.colcon_core.event_handler.log_command:Invoking command in '/home/htrice/go2_ros2_curr/build/coco_detector': PYTHONPATH=/home/htrice/go2_ros2_curr/build/coco_detector/prefix_override:/usr/lib/python3/dist-packages/colcon_core/task/python/colcon_distutils_commands:/home/htrice/go2_ros2_curr/install/coco_detector/lib/python3.10/site-packages:${PYTHONPATH} /usr/bin/python3 -W ignore:setup.py install is deprecated -W ignore:easy_install command is deprecated setup.py develop --editable --build-directory /home/htrice/go2_ros2_curr/build/coco_detector/build --no-deps symlink_data
[1.582s] DEBUG:colcon.colcon_core.event_handler.log_command:Invoking command in '/home/htrice/go2_ros2_curr/build/lidar_processor': PYTHONPATH=/home/htrice/go2_ros2_curr/build/lidar_processor/prefix_override:/usr/lib/python3/dist-packages/colcon_core/task/python/colcon_distutils_commands:/home/htrice/go2_ros2_curr/install/lidar_processor/lib/python3.10/site-packages:${PYTHONPATH} /usr/bin/python3 -W ignore:setup.py install is deprecated -W ignore:easy_install command is deprecated setup.py develop --editable --build-directory /home/htrice/go2_ros2_curr/build/lidar_processor/build --no-deps symlink_data
[1.883s] DEBUG:colcon.colcon_core.event_handler.log_command:Invoking command in '/home/htrice/go2_ros2_curr/build/go2_robot_sdk': AMENT_PREFIX_PATH=/home/htrice/go2_ros2_curr/install/go2_interfaces:${AMENT_PREFIX_PATH} CMAKE_PREFIX_PATH=/home/htrice/go2_ros2_curr/install/go2_interfaces LD_LIBRARY_PATH=/home/htrice/go2_ros2_curr/install/go2_interfaces/lib:${LD_LIBRARY_PATH} PYTHONPATH=/home/htrice/go2_ros2_curr/build/go2_robot_sdk/prefix_override:/usr/lib/python3/dist-packages/colcon_core/task/python/colcon_distutils_commands:/home/htrice/go2_ros2_curr/install/go2_robot_sdk/lib/python3.10/site-packages:/home/htrice/go2_ros2_curr/install/go2_interfaces/local/lib/python3.10/dist-packages:${PYTHONPATH} /usr/bin/python3 -W ignore:setup.py install is deprecated -W ignore:easy_install command is deprecated setup.py develop --editable --build-directory /home/htrice/go2_ros2_curr/build/go2_robot_sdk/build --no-deps symlink_data
[1.892s] DEBUG:colcon.colcon_core.event_handler.log_command:Invoking command in '/home/htrice/go2_ros2_curr/build/speech_processor': AMENT_PREFIX_PATH=/home/htrice/go2_ros2_curr/install/go2_interfaces:${AMENT_PREFIX_PATH} CMAKE_PREFIX_PATH=/home/htrice/go2_ros2_curr/install/go2_interfaces LD_LIBRARY_PATH=/home/htrice/go2_ros2_curr/install/go2_interfaces/lib:${LD_LIBRARY_PATH} PYTHONPATH=/home/htrice/go2_ros2_curr/build/speech_processor/prefix_override:/usr/lib/python3/dist-packages/colcon_core/task/python/colcon_distutils_commands:/home/htrice/go2_ros2_curr/install/speech_processor/lib/python3.10/site-packages:/home/htrice/go2_ros2_curr/install/go2_interfaces/local/lib/python3.10/dist-packages:${PYTHONPATH} /usr/bin/python3 -W ignore:setup.py install is deprecated -W ignore:easy_install command is deprecated setup.py develop --editable --build-directory /home/htrice/go2_ros2_curr/build/speech_processor/build --no-deps symlink_data
[2.010s] Level 1:colcon.colcon_core.shell:create_environment_hook('coco_detector', 'pythonpath_develop')
[2.011s] INFO:colcon.colcon_core.shell:Creating environment hook '/home/htrice/go2_ros2_curr/build/coco_detector/share/coco_detector/hook/pythonpath_develop.ps1'
[2.011s] DEBUG:colcon.colcon_core.event_handler.log_command:Invoked command in '/home/htrice/go2_ros2_curr/build/coco_detector' returned '0': PYTHONPATH=/home/htrice/go2_ros2_curr/build/coco_detector/prefix_override:/usr/lib/python3/dist-packages/colcon_core/task/python/colcon_distutils_commands:/home/htrice/go2_ros2_curr/install/coco_detector/lib/python3.10/site-packages:${PYTHONPATH} /usr/bin/python3 -W ignore:setup.py install is deprecated -W ignore:easy_install command is deprecated setup.py develop --editable --build-directory /home/htrice/go2_ros2_curr/build/coco_detector/build --no-deps symlink_data
[2.012s] INFO:colcon.colcon_core.shell:Creating environment descriptor '/home/htrice/go2_ros2_curr/build/coco_detector/share/coco_detector/hook/pythonpath_develop.dsv'
[2.012s] INFO:colcon.colcon_core.shell:Creating environment hook '/home/htrice/go2_ros2_curr/build/coco_detector/share/coco_detector/hook/pythonpath_develop.sh'
[2.013s] Level 1:colcon.colcon_core.environment:checking '/home/htrice/go2_ros2_curr/install/coco_detector' for CMake module files
[2.013s] Level 1:colcon.colcon_core.environment:checking '/home/htrice/go2_ros2_curr/install/coco_detector' for CMake config files
[2.014s] Level 1:colcon.colcon_core.environment:checking '/home/htrice/go2_ros2_curr/install/coco_detector/lib'
[2.014s] Level 1:colcon.colcon_core.environment:checking '/home/htrice/go2_ros2_curr/install/coco_detector/bin'
[2.014s] Level 1:colcon.colcon_core.environment:checking '/home/htrice/go2_ros2_curr/install/coco_detector/lib/pkgconfig/coco_detector.pc'
[2.014s] Level 1:colcon.colcon_core.environment:checking '/home/htrice/go2_ros2_curr/install/coco_detector/lib/python3.10/site-packages'
[2.014s] Level 1:colcon.colcon_core.shell:create_environment_hook('coco_detector', 'pythonpath')
[2.015s] INFO:colcon.colcon_core.shell:Creating environment hook '/home/htrice/go2_ros2_curr/install/coco_detector/share/coco_detector/hook/pythonpath.ps1'
[2.015s] INFO:colcon.colcon_core.shell:Creating environment descriptor '/home/htrice/go2_ros2_curr/install/coco_detector/share/coco_detector/hook/pythonpath.dsv'
[2.015s] INFO:colcon.colcon_core.shell:Creating environment hook '/home/htrice/go2_ros2_curr/install/coco_detector/share/coco_detector/hook/pythonpath.sh'
[2.016s] Level 1:colcon.colcon_core.environment:checking '/home/htrice/go2_ros2_curr/install/coco_detector/bin'
[2.016s] Level 1:colcon.colcon_core.environment:create_environment_scripts_only(coco_detector)
[2.016s] INFO:colcon.colcon_core.shell:Creating package script '/home/htrice/go2_ros2_curr/install/coco_detector/share/coco_detector/package.ps1'
[2.017s] INFO:colcon.colcon_core.shell:Creating package descriptor '/home/htrice/go2_ros2_curr/install/coco_detector/share/coco_detector/package.dsv'
[2.018s] INFO:colcon.colcon_core.shell:Creating package script '/home/htrice/go2_ros2_curr/install/coco_detector/share/coco_detector/package.sh'
[2.019s] INFO:colcon.colcon_core.shell:Creating package script '/home/htrice/go2_ros2_curr/install/coco_detector/share/coco_detector/package.bash'
[2.019s] INFO:colcon.colcon_core.shell:Creating package script '/home/htrice/go2_ros2_curr/install/coco_detector/share/coco_detector/package.zsh'
[2.020s] Level 1:colcon.colcon_core.environment:create_file_with_runtime_dependencies(/home/htrice/go2_ros2_curr/install/coco_detector/share/colcon-core/packages/coco_detector)
[2.048s] Level 1:colcon.colcon_core.shell:create_environment_hook('lidar_processor', 'pythonpath_develop')
[2.049s] INFO:colcon.colcon_core.shell:Creating environment hook '/home/htrice/go2_ros2_curr/build/lidar_processor/share/lidar_processor/hook/pythonpath_develop.ps1'
[2.049s] DEBUG:colcon.colcon_core.event_handler.log_command:Invoked command in '/home/htrice/go2_ros2_curr/build/lidar_processor' returned '0': PYTHONPATH=/home/htrice/go2_ros2_curr/build/lidar_processor/prefix_override:/usr/lib/python3/dist-packages/colcon_core/task/python/colcon_distutils_commands:/home/htrice/go2_ros2_curr/install/lidar_processor/lib/python3.10/site-packages:${PYTHONPATH} /usr/bin/python3 -W ignore:setup.py install is deprecated -W ignore:easy_install command is deprecated setup.py develop --editable --build-directory /home/htrice/go2_ros2_curr/build/lidar_processor/build --no-deps symlink_data
[2.050s] INFO:colcon.colcon_core.shell:Creating environment descriptor '/home/htrice/go2_ros2_curr/build/lidar_processor/share/lidar_processor/hook/pythonpath_develop.dsv'
[2.051s] INFO:colcon.colcon_core.shell:Creating environment hook '/home/htrice/go2_ros2_curr/build/lidar_processor/share/lidar_processor/hook/pythonpath_develop.sh'
[2.051s] Level 1:colcon.colcon_core.environment:checking '/home/htrice/go2_ros2_curr/install/lidar_processor' for CMake module files
[2.052s] Level 1:colcon.colcon_core.environment:checking '/home/htrice/go2_ros2_curr/install/lidar_processor' for CMake config files
[2.053s] Level 1:colcon.colcon_core.environment:checking '/home/htrice/go2_ros2_curr/install/lidar_processor/lib'
[2.053s] Level 1:colcon.colcon_core.environment:checking '/home/htrice/go2_ros2_curr/install/lidar_processor/bin'
[2.053s] Level 1:colcon.colcon_core.environment:checking '/home/htrice/go2_ros2_curr/install/lidar_processor/lib/pkgconfig/lidar_processor.pc'
[2.053s] Level 1:colcon.colcon_core.environment:checking '/home/htrice/go2_ros2_curr/install/lidar_processor/lib/python3.10/site-packages'
[2.053s] Level 1:colcon.colcon_core.shell:create_environment_hook('lidar_processor', 'pythonpath')
[2.054s] INFO:colcon.colcon_core.shell:Creating environment hook '/home/htrice/go2_ros2_curr/install/lidar_processor/share/lidar_processor/hook/pythonpath.ps1'
[2.054s] INFO:colcon.colcon_core.shell:Creating environment descriptor '/home/htrice/go2_ros2_curr/install/lidar_processor/share/lidar_processor/hook/pythonpath.dsv'
[2.055s] INFO:colcon.colcon_core.shell:Creating environment hook '/home/htrice/go2_ros2_curr/install/lidar_processor/share/lidar_processor/hook/pythonpath.sh'
[2.056s] Level 1:colcon.colcon_core.environment:checking '/home/htrice/go2_ros2_curr/install/lidar_processor/bin'
[2.056s] Level 1:colcon.colcon_core.environment:create_environment_scripts_only(lidar_processor)
[2.056s] INFO:colcon.colcon_core.shell:Creating package script '/home/htrice/go2_ros2_curr/install/lidar_processor/share/lidar_processor/package.ps1'
[2.057s] INFO:colcon.colcon_core.shell:Creating package descriptor '/home/htrice/go2_ros2_curr/install/lidar_processor/share/lidar_processor/package.dsv'
[2.057s] INFO:colcon.colcon_core.shell:Creating package script '/home/htrice/go2_ros2_curr/install/lidar_processor/share/lidar_processor/package.sh'
[2.058s] INFO:colcon.colcon_core.shell:Creating package script '/home/htrice/go2_ros2_curr/install/lidar_processor/share/lidar_processor/package.bash'
[2.059s] INFO:colcon.colcon_core.shell:Creating package script '/home/htrice/go2_ros2_curr/install/lidar_processor/share/lidar_processor/package.zsh'
[2.059s] Level 1:colcon.colcon_core.environment:create_file_with_runtime_dependencies(/home/htrice/go2_ros2_curr/install/lidar_processor/share/colcon-core/packages/lidar_processor)
[2.332s] Level 1:colcon.colcon_core.shell:create_environment_hook('go2_robot_sdk', 'pythonpath_develop')
[2.332s] INFO:colcon.colcon_core.shell:Creating environment hook '/home/htrice/go2_ros2_curr/build/go2_robot_sdk/share/go2_robot_sdk/hook/pythonpath_develop.ps1'
[2.333s] DEBUG:colcon.colcon_core.event_handler.log_command:Invoked command in '/home/htrice/go2_ros2_curr/build/go2_robot_sdk' returned '0': AMENT_PREFIX_PATH=/home/htrice/go2_ros2_curr/install/go2_interfaces:${AMENT_PREFIX_PATH} CMAKE_PREFIX_PATH=/home/htrice/go2_ros2_curr/install/go2_interfaces LD_LIBRARY_PATH=/home/htrice/go2_ros2_curr/install/go2_interfaces/lib:${LD_LIBRARY_PATH} PYTHONPATH=/home/htrice/go2_ros2_curr/build/go2_robot_sdk/prefix_override:/usr/lib/python3/dist-packages/colcon_core/task/python/colcon_distutils_commands:/home/htrice/go2_ros2_curr/install/go2_robot_sdk/lib/python3.10/site-packages:/home/htrice/go2_ros2_curr/install/go2_interfaces/local/lib/python3.10/dist-packages:${PYTHONPATH} /usr/bin/python3 -W ignore:setup.py install is deprecated -W ignore:easy_install command is deprecated setup.py develop --editable --build-directory /home/htrice/go2_ros2_curr/build/go2_robot_sdk/build --no-deps symlink_data
[2.334s] INFO:colcon.colcon_core.shell:Creating environment descriptor '/home/htrice/go2_ros2_curr/build/go2_robot_sdk/share/go2_robot_sdk/hook/pythonpath_develop.dsv'
[2.334s] INFO:colcon.colcon_core.shell:Creating environment hook '/home/htrice/go2_ros2_curr/build/go2_robot_sdk/share/go2_robot_sdk/hook/pythonpath_develop.sh'
[2.334s] Level 1:colcon.colcon_core.environment:checking '/home/htrice/go2_ros2_curr/install/go2_robot_sdk' for CMake module files
[2.335s] Level 1:colcon.colcon_core.environment:checking '/home/htrice/go2_ros2_curr/install/go2_robot_sdk' for CMake config files
[2.337s] Level 1:colcon.colcon_core.environment:checking '/home/htrice/go2_ros2_curr/install/go2_robot_sdk/lib'
[2.337s] Level 1:colcon.colcon_core.environment:checking '/home/htrice/go2_ros2_curr/install/go2_robot_sdk/bin'
[2.337s] Level 1:colcon.colcon_core.environment:checking '/home/htrice/go2_ros2_curr/install/go2_robot_sdk/lib/pkgconfig/go2_robot_sdk.pc'
[2.337s] Level 1:colcon.colcon_core.environment:checking '/home/htrice/go2_ros2_curr/install/go2_robot_sdk/lib/python3.10/site-packages'
[2.337s] Level 1:colcon.colcon_core.shell:create_environment_hook('go2_robot_sdk', 'pythonpath')
[2.337s] INFO:colcon.colcon_core.shell:Creating environment hook '/home/htrice/go2_ros2_curr/install/go2_robot_sdk/share/go2_robot_sdk/hook/pythonpath.ps1'
[2.338s] INFO:colcon.colcon_core.shell:Creating environment descriptor '/home/htrice/go2_ros2_curr/install/go2_robot_sdk/share/go2_robot_sdk/hook/pythonpath.dsv'
[2.339s] INFO:colcon.colcon_core.shell:Creating environment hook '/home/htrice/go2_ros2_curr/install/go2_robot_sdk/share/go2_robot_sdk/hook/pythonpath.sh'
[2.339s] Level 1:colcon.colcon_core.environment:checking '/home/htrice/go2_ros2_curr/install/go2_robot_sdk/bin'
[2.339s] Level 1:colcon.colcon_core.environment:create_environment_scripts_only(go2_robot_sdk)
[2.340s] INFO:colcon.colcon_core.shell:Creating package script '/home/htrice/go2_ros2_curr/install/go2_robot_sdk/share/go2_robot_sdk/package.ps1'
[2.341s] INFO:colcon.colcon_core.shell:Creating package descriptor '/home/htrice/go2_ros2_curr/install/go2_robot_sdk/share/go2_robot_sdk/package.dsv'
[2.341s] INFO:colcon.colcon_core.shell:Creating package script '/home/htrice/go2_ros2_curr/install/go2_robot_sdk/share/go2_robot_sdk/package.sh'
[2.342s] INFO:colcon.colcon_core.shell:Creating package script '/home/htrice/go2_ros2_curr/install/go2_robot_sdk/share/go2_robot_sdk/package.bash'
[2.342s] INFO:colcon.colcon_core.shell:Creating package script '/home/htrice/go2_ros2_curr/install/go2_robot_sdk/share/go2_robot_sdk/package.zsh'
[2.343s] Level 1:colcon.colcon_core.environment:create_file_with_runtime_dependencies(/home/htrice/go2_ros2_curr/install/go2_robot_sdk/share/colcon-core/packages/go2_robot_sdk)
[2.344s] Level 1:colcon.colcon_core.shell:create_environment_hook('speech_processor', 'pythonpath_develop')
[2.345s] INFO:colcon.colcon_core.shell:Creating environment hook '/home/htrice/go2_ros2_curr/build/speech_processor/share/speech_processor/hook/pythonpath_develop.ps1'
[2.345s] DEBUG:colcon.colcon_core.event_handler.log_command:Invoked command in '/home/htrice/go2_ros2_curr/build/speech_processor' returned '0': AMENT_PREFIX_PATH=/home/htrice/go2_ros2_curr/install/go2_interfaces:${AMENT_PREFIX_PATH} CMAKE_PREFIX_PATH=/home/htrice/go2_ros2_curr/install/go2_interfaces LD_LIBRARY_PATH=/home/htrice/go2_ros2_curr/install/go2_interfaces/lib:${LD_LIBRARY_PATH} PYTHONPATH=/home/htrice/go2_ros2_curr/build/speech_processor/prefix_override:/usr/lib/python3/dist-packages/colcon_core/task/python/colcon_distutils_commands:/home/htrice/go2_ros2_curr/install/speech_processor/lib/python3.10/site-packages:/home/htrice/go2_ros2_curr/install/go2_interfaces/local/lib/python3.10/dist-packages:${PYTHONPATH} /usr/bin/python3 -W ignore:setup.py install is deprecated -W ignore:easy_install command is deprecated setup.py develop --editable --build-directory /home/htrice/go2_ros2_curr/build/speech_processor/build --no-deps symlink_data
[2.346s] INFO:colcon.colcon_core.shell:Creating environment descriptor '/home/htrice/go2_ros2_curr/build/speech_processor/share/speech_processor/hook/pythonpath_develop.dsv'
[2.346s] INFO:colcon.colcon_core.shell:Creating environment hook '/home/htrice/go2_ros2_curr/build/speech_processor/share/speech_processor/hook/pythonpath_develop.sh'
[2.347s] Level 1:colcon.colcon_core.environment:checking '/home/htrice/go2_ros2_curr/install/speech_processor' for CMake module files
[2.348s] Level 1:colcon.colcon_core.environment:checking '/home/htrice/go2_ros2_curr/install/speech_processor' for CMake config files
[2.348s] Level 1:colcon.colcon_core.environment:checking '/home/htrice/go2_ros2_curr/install/speech_processor/lib'
[2.349s] Level 1:colcon.colcon_core.environment:checking '/home/htrice/go2_ros2_curr/install/speech_processor/bin'
[2.349s] Level 1:colcon.colcon_core.environment:checking '/home/htrice/go2_ros2_curr/install/speech_processor/lib/pkgconfig/speech_processor.pc'
[2.349s] Level 1:colcon.colcon_core.environment:checking '/home/htrice/go2_ros2_curr/install/speech_processor/lib/python3.10/site-packages'
[2.349s] Level 1:colcon.colcon_core.shell:create_environment_hook('speech_processor', 'pythonpath')
[2.349s] INFO:colcon.colcon_core.shell:Creating environment hook '/home/htrice/go2_ros2_curr/install/speech_processor/share/speech_processor/hook/pythonpath.ps1'
[2.350s] INFO:colcon.colcon_core.shell:Creating environment descriptor '/home/htrice/go2_ros2_curr/install/speech_processor/share/speech_processor/hook/pythonpath.dsv'
[2.350s] INFO:colcon.colcon_core.shell:Creating environment hook '/home/htrice/go2_ros2_curr/install/speech_processor/share/speech_processor/hook/pythonpath.sh'
[2.351s] Level 1:colcon.colcon_core.environment:checking '/home/htrice/go2_ros2_curr/install/speech_processor/bin'
[2.351s] Level 1:colcon.colcon_core.environment:create_environment_scripts_only(speech_processor)
[2.352s] INFO:colcon.colcon_core.shell:Creating package script '/home/htrice/go2_ros2_curr/install/speech_processor/share/speech_processor/package.ps1'
[2.352s] INFO:colcon.colcon_core.shell:Creating package descriptor '/home/htrice/go2_ros2_curr/install/speech_processor/share/speech_processor/package.dsv'
[2.353s] INFO:colcon.colcon_core.shell:Creating package script '/home/htrice/go2_ros2_curr/install/speech_processor/share/speech_processor/package.sh'
[2.354s] INFO:colcon.colcon_core.shell:Creating package script '/home/htrice/go2_ros2_curr/install/speech_processor/share/speech_processor/package.bash'
[2.354s] INFO:colcon.colcon_core.shell:Creating package script '/home/htrice/go2_ros2_curr/install/speech_processor/share/speech_processor/package.zsh'
[2.355s] Level 1:colcon.colcon_core.environment:create_file_with_runtime_dependencies(/home/htrice/go2_ros2_curr/install/speech_processor/share/colcon-core/packages/speech_processor)
[2.355s] DEBUG:colcon.colcon_parallel_executor.executor.parallel:closing loop
[2.356s] DEBUG:colcon.colcon_parallel_executor.executor.parallel:loop closed
[2.356s] DEBUG:colcon.colcon_parallel_executor.executor.parallel:run_until_complete finished with '0'
[2.356s] DEBUG:colcon.colcon_core.event_reactor:joining thread
[2.363s] INFO:colcon.colcon_core.plugin_system:Skipping extension 'colcon_notification.desktop_notification.terminal_notifier': Not used on non-Darwin systems
[2.364s] INFO:colcon.colcon_core.plugin_system:Skipping extension 'colcon_notification.desktop_notification.win32': Not used on non-Windows systems
[2.364s] INFO:colcon.colcon_notification.desktop_notification:Sending desktop notification using 'notify2'
[2.376s] DEBUG:colcon.colcon_core.event_reactor:joined thread
[2.376s] INFO:colcon.colcon_core.shell:Creating prefix script '/home/htrice/go2_ros2_curr/install/local_setup.ps1'
[2.378s] INFO:colcon.colcon_core.shell:Creating prefix util module '/home/htrice/go2_ros2_curr/install/_local_setup_util_ps1.py'
[2.379s] INFO:colcon.colcon_core.shell:Creating prefix chain script '/home/htrice/go2_ros2_curr/install/setup.ps1'
[2.380s] INFO:colcon.colcon_core.shell:Creating prefix script '/home/htrice/go2_ros2_curr/install/local_setup.sh'
[2.380s] INFO:colcon.colcon_core.shell:Creating prefix util module '/home/htrice/go2_ros2_curr/install/_local_setup_util_sh.py'
[2.381s] INFO:colcon.colcon_core.shell:Creating prefix chain script '/home/htrice/go2_ros2_curr/install/setup.sh'
[2.381s] INFO:colcon.colcon_core.shell:Creating prefix script '/home/htrice/go2_ros2_curr/install/local_setup.bash'
[2.382s] INFO:colcon.colcon_core.shell:Creating prefix chain script '/home/htrice/go2_ros2_curr/install/setup.bash'
[2.382s] INFO:colcon.colcon_core.shell:Creating prefix script '/home/htrice/go2_ros2_curr/install/local_setup.zsh'
[2.383s] INFO:colcon.colcon_core.shell:Creating prefix chain script '/home/htrice/go2_ros2_curr/install/setup.zsh'
