[1.060s] Invoking command in '/home/htrice/go2_ros2_curr/build/lidar_processor': PYTHONPATH=/home/htrice/go2_ros2_curr/build/lidar_processor/prefix_override:/usr/lib/python3/dist-packages/colcon_core/task/python/colcon_distutils_commands:/home/htrice/go2_ros2_curr/install/lidar_processor/lib/python3.10/site-packages:${PYTHONPATH} /usr/bin/python3 -W ignore:setup.py install is deprecated -W ignore:easy_install command is deprecated setup.py develop --editable --build-directory /home/htrice/go2_ros2_curr/build/lidar_processor/build --no-deps symlink_data
[1.314s] running develop
[1.527s] running egg_info
[1.527s] creating lidar_processor.egg-info
[1.527s] writing lidar_processor.egg-info/PKG-INFO
[1.528s] writing dependency_links to lidar_processor.egg-info/dependency_links.txt
[1.528s] writing entry points to lidar_processor.egg-info/entry_points.txt
[1.528s] writing requirements to lidar_processor.egg-info/requires.txt
[1.528s] writing top-level names to lidar_processor.egg-info/top_level.txt
[1.528s] writing manifest file 'lidar_processor.egg-info/SOURCES.txt'
[1.529s] reading manifest file 'lidar_processor.egg-info/SOURCES.txt'
[1.530s] writing manifest file 'lidar_processor.egg-info/SOURCES.txt'
[1.531s] running build_ext
[1.532s] Creating /home/htrice/go2_ros2_curr/install/lidar_processor/lib/python3.10/site-packages/lidar-processor.egg-link (link to .)
[1.532s] Installing lidar_to_pointcloud script to /home/htrice/go2_ros2_curr/install/lidar_processor/lib/lidar_processor
[1.532s] Installing pointcloud_aggregator script to /home/htrice/go2_ros2_curr/install/lidar_processor/lib/lidar_processor
[1.533s] 
[1.533s] Installed /home/htrice/go2_ros2_curr/build/lidar_processor
[1.533s] running symlink_data
[1.533s] creating /home/htrice/go2_ros2_curr/install/lidar_processor/share/ament_index
[1.533s] creating /home/htrice/go2_ros2_curr/install/lidar_processor/share/ament_index/resource_index
[1.533s] creating /home/htrice/go2_ros2_curr/install/lidar_processor/share/ament_index/resource_index/packages
[1.533s] symbolically linking /home/htrice/go2_ros2_curr/build/lidar_processor/resource/lidar_processor -> /home/htrice/go2_ros2_curr/install/lidar_processor/share/ament_index/resource_index/packages
[1.533s] symbolically linking /home/htrice/go2_ros2_curr/build/lidar_processor/package.xml -> /home/htrice/go2_ros2_curr/install/lidar_processor/share/lidar_processor
[1.566s] Invoked command in '/home/htrice/go2_ros2_curr/build/lidar_processor' returned '0': PYTHONPATH=/home/htrice/go2_ros2_curr/build/lidar_processor/prefix_override:/usr/lib/python3/dist-packages/colcon_core/task/python/colcon_distutils_commands:/home/htrice/go2_ros2_curr/install/lidar_processor/lib/python3.10/site-packages:${PYTHONPATH} /usr/bin/python3 -W ignore:setup.py install is deprecated -W ignore:easy_install command is deprecated setup.py develop --editable --build-directory /home/htrice/go2_ros2_curr/build/lidar_processor/build --no-deps symlink_data
