[0.764s] Invoking command in '/home/htrice/go2_ros2_curr/build/speech_processor': AMENT_PREFIX_PATH=/home/htrice/go2_ros2_curr/install/go2_interfaces:${AMENT_PREFIX_PATH} CMAKE_PREFIX_PATH=/home/htrice/go2_ros2_curr/install/go2_interfaces LD_LIBRARY_PATH=/home/htrice/go2_ros2_curr/install/go2_interfaces/lib:${LD_LIBRARY_PATH} PYTHONPATH=/home/htrice/go2_ros2_curr/build/speech_processor/prefix_override:/usr/lib/python3/dist-packages/colcon_core/task/python/colcon_distutils_commands:/home/htrice/go2_ros2_curr/install/speech_processor/lib/python3.10/site-packages:/home/htrice/go2_ros2_curr/install/go2_interfaces/local/lib/python3.10/dist-packages:${PYTHONPATH} /usr/bin/python3 -W ignore:setup.py install is deprecated -W ignore:easy_install command is deprecated setup.py develop --editable --build-directory /home/htrice/go2_ros2_curr/build/speech_processor/build --no-deps symlink_data
[0.993s] running develop
[1.155s] running egg_info
[1.155s] creating speech_processor.egg-info
[1.155s] writing speech_processor.egg-info/PKG-INFO
[1.155s] writing dependency_links to speech_processor.egg-info/dependency_links.txt
[1.156s] writing entry points to speech_processor.egg-info/entry_points.txt
[1.156s] writing requirements to speech_processor.egg-info/requires.txt
[1.156s] writing top-level names to speech_processor.egg-info/top_level.txt
[1.156s] writing manifest file 'speech_processor.egg-info/SOURCES.txt'
[1.158s] reading manifest file 'speech_processor.egg-info/SOURCES.txt'
[1.158s] writing manifest file 'speech_processor.egg-info/SOURCES.txt'
[1.159s] running build_ext
[1.159s] Creating /home/htrice/go2_ros2_curr/install/speech_processor/lib/python3.10/site-packages/speech-processor.egg-link (link to .)
[1.160s] Installing audio_manager script to /home/htrice/go2_ros2_curr/install/speech_processor/lib/speech_processor
[1.160s] Installing speech_synthesizer script to /home/htrice/go2_ros2_curr/install/speech_processor/lib/speech_processor
[1.160s] Installing tts_node script to /home/htrice/go2_ros2_curr/install/speech_processor/lib/speech_processor
[1.160s] 
[1.160s] Installed /home/htrice/go2_ros2_curr/build/speech_processor
[1.161s] running symlink_data
[1.161s] creating /home/htrice/go2_ros2_curr/install/speech_processor/share/ament_index
[1.161s] creating /home/htrice/go2_ros2_curr/install/speech_processor/share/ament_index/resource_index
[1.161s] creating /home/htrice/go2_ros2_curr/install/speech_processor/share/ament_index/resource_index/packages
[1.161s] symbolically linking /home/htrice/go2_ros2_curr/build/speech_processor/resource/speech_processor -> /home/htrice/go2_ros2_curr/install/speech_processor/share/ament_index/resource_index/packages
[1.161s] symbolically linking /home/htrice/go2_ros2_curr/build/speech_processor/package.xml -> /home/htrice/go2_ros2_curr/install/speech_processor/share/speech_processor
[1.179s] Invoked command in '/home/htrice/go2_ros2_curr/build/speech_processor' returned '0': AMENT_PREFIX_PATH=/home/htrice/go2_ros2_curr/install/go2_interfaces:${AMENT_PREFIX_PATH} CMAKE_PREFIX_PATH=/home/htrice/go2_ros2_curr/install/go2_interfaces LD_LIBRARY_PATH=/home/htrice/go2_ros2_curr/install/go2_interfaces/lib:${LD_LIBRARY_PATH} PYTHONPATH=/home/htrice/go2_ros2_curr/build/speech_processor/prefix_override:/usr/lib/python3/dist-packages/colcon_core/task/python/colcon_distutils_commands:/home/htrice/go2_ros2_curr/install/speech_processor/lib/python3.10/site-packages:/home/htrice/go2_ros2_curr/install/go2_interfaces/local/lib/python3.10/dist-packages:${PYTHONPATH} /usr/bin/python3 -W ignore:setup.py install is deprecated -W ignore:easy_install command is deprecated setup.py develop --editable --build-directory /home/htrice/go2_ros2_curr/build/speech_processor/build --no-deps symlink_data
