[0.814s] Invoking command in '/home/htrice/go2_ros2_curr/src/coco_detector': PYTHONPATH=/home/htrice/go2_ros2_curr/build/coco_detector/prefix_override:/usr/lib/python3/dist-packages/colcon_core/task/python/colcon_distutils_commands:/home/htrice/go2_ros2_curr/install/coco_detector/lib/python3.10/site-packages:${PYTHONPATH} VIRTUAL_ENV_PROMPT=(.venv) /usr/bin/python3 -W ignore:setup.py install is deprecated -W ignore:easy_install command is deprecated setup.py egg_info --egg-base ../../build/coco_detector build --build-base /home/htrice/go2_ros2_curr/build/coco_detector/build install --record /home/htrice/go2_ros2_curr/build/coco_detector/install.log --single-version-externally-managed install_data
[1.037s] running egg_info
[1.037s] creating ../../build/coco_detector/coco_detector.egg-info
[1.037s] writing ../../build/coco_detector/coco_detector.egg-info/PKG-INFO
[1.038s] writing dependency_links to ../../build/coco_detector/coco_detector.egg-info/dependency_links.txt
[1.038s] writing entry points to ../../build/coco_detector/coco_detector.egg-info/entry_points.txt
[1.038s] writing requirements to ../../build/coco_detector/coco_detector.egg-info/requires.txt
[1.038s] writing top-level names to ../../build/coco_detector/coco_detector.egg-info/top_level.txt
[1.038s] writing manifest file '../../build/coco_detector/coco_detector.egg-info/SOURCES.txt'
[1.039s] reading manifest file '../../build/coco_detector/coco_detector.egg-info/SOURCES.txt'
[1.040s] writing manifest file '../../build/coco_detector/coco_detector.egg-info/SOURCES.txt'
[1.040s] running build
[1.040s] running build_py
[1.040s] creating /home/htrice/go2_ros2_curr/build/coco_detector/build
[1.040s] creating /home/htrice/go2_ros2_curr/build/coco_detector/build/lib
[1.040s] creating /home/htrice/go2_ros2_curr/build/coco_detector/build/lib/coco_detector
[1.041s] copying coco_detector/coco_detector_node.py -> /home/htrice/go2_ros2_curr/build/coco_detector/build/lib/coco_detector
[1.041s] copying coco_detector/__init__.py -> /home/htrice/go2_ros2_curr/build/coco_detector/build/lib/coco_detector
[1.041s] running install
[1.042s] running install_lib
[1.043s] creating /home/htrice/go2_ros2_curr/install/coco_detector/lib/python3.10/site-packages/coco_detector
[1.043s] copying /home/htrice/go2_ros2_curr/build/coco_detector/build/lib/coco_detector/coco_detector_node.py -> /home/htrice/go2_ros2_curr/install/coco_detector/lib/python3.10/site-packages/coco_detector
[1.043s] copying /home/htrice/go2_ros2_curr/build/coco_detector/build/lib/coco_detector/__init__.py -> /home/htrice/go2_ros2_curr/install/coco_detector/lib/python3.10/site-packages/coco_detector
[1.043s] byte-compiling /home/htrice/go2_ros2_curr/install/coco_detector/lib/python3.10/site-packages/coco_detector/coco_detector_node.py to coco_detector_node.cpython-310.pyc
[1.044s] byte-compiling /home/htrice/go2_ros2_curr/install/coco_detector/lib/python3.10/site-packages/coco_detector/__init__.py to __init__.cpython-310.pyc
[1.044s] running install_data
[1.045s] creating /home/htrice/go2_ros2_curr/install/coco_detector/share/ament_index
[1.045s] creating /home/htrice/go2_ros2_curr/install/coco_detector/share/ament_index/resource_index
[1.045s] creating /home/htrice/go2_ros2_curr/install/coco_detector/share/ament_index/resource_index/packages
[1.045s] copying resource/coco_detector -> /home/htrice/go2_ros2_curr/install/coco_detector/share/ament_index/resource_index/packages
[1.045s] copying package.xml -> /home/htrice/go2_ros2_curr/install/coco_detector/share/coco_detector
[1.045s] running install_egg_info
[1.046s] Copying ../../build/coco_detector/coco_detector.egg-info to /home/htrice/go2_ros2_curr/install/coco_detector/lib/python3.10/site-packages/coco_detector-0.0.0-py3.10.egg-info
[1.047s] running install_scripts
[1.064s] Installing coco_detector_node script to /home/htrice/go2_ros2_curr/install/coco_detector/lib/coco_detector
[1.064s] writing list of installed files to '/home/htrice/go2_ros2_curr/build/coco_detector/install.log'
[1.109s] Invoked command in '/home/htrice/go2_ros2_curr/src/coco_detector' returned '0': PYTHONPATH=/home/htrice/go2_ros2_curr/build/coco_detector/prefix_override:/usr/lib/python3/dist-packages/colcon_core/task/python/colcon_distutils_commands:/home/htrice/go2_ros2_curr/install/coco_detector/lib/python3.10/site-packages:${PYTHONPATH} VIRTUAL_ENV_PROMPT=(.venv) /usr/bin/python3 -W ignore:setup.py install is deprecated -W ignore:easy_install command is deprecated setup.py egg_info --egg-base ../../build/coco_detector build --build-base /home/htrice/go2_ros2_curr/build/coco_detector/build install --record /home/htrice/go2_ros2_curr/build/coco_detector/install.log --single-version-externally-managed install_data
