[0.683s] Invoking command in '/home/htrice/go2_ros2_curr/src/go2_robot_sdk': PYTHONPATH=/home/htrice/go2_ros2_curr/build/go2_robot_sdk/prefix_override:/usr/lib/python3/dist-packages/colcon_core/task/python/colcon_distutils_commands:/home/htrice/go2_ros2_curr/install/go2_robot_sdk/lib/python3.10/site-packages:${PYTHONPATH} /usr/bin/python3 -W ignore:setup.py install is deprecated -W ignore:easy_install command is deprecated setup.py egg_info --egg-base ../../build/go2_robot_sdk build --build-base /home/htrice/go2_ros2_curr/build/go2_robot_sdk/build install --record /home/htrice/go2_ros2_curr/build/go2_robot_sdk/install.log --single-version-externally-managed install_data
[0.948s] running egg_info
[0.948s] writing ../../build/go2_robot_sdk/go2_robot_sdk.egg-info/PKG-INFO
[0.948s] writing dependency_links to ../../build/go2_robot_sdk/go2_robot_sdk.egg-info/dependency_links.txt
[0.949s] writing entry points to ../../build/go2_robot_sdk/go2_robot_sdk.egg-info/entry_points.txt
[0.949s] writing requirements to ../../build/go2_robot_sdk/go2_robot_sdk.egg-info/requires.txt
[0.949s] writing top-level names to ../../build/go2_robot_sdk/go2_robot_sdk.egg-info/top_level.txt
[0.952s] reading manifest file '../../build/go2_robot_sdk/go2_robot_sdk.egg-info/SOURCES.txt'
[0.952s] adding license file 'LICENSE'
[0.953s] writing manifest file '../../build/go2_robot_sdk/go2_robot_sdk.egg-info/SOURCES.txt'
[0.954s] running build
[0.954s] running build_py
[0.954s] copying go2_robot_sdk/follow_person.py -> /home/htrice/go2_ros2_curr/build/go2_robot_sdk/build/lib/go2_robot_sdk
[0.957s] running install
[0.958s] running install_lib
[0.960s] copying /home/htrice/go2_ros2_curr/build/go2_robot_sdk/build/lib/go2_robot_sdk/follow_person.py -> /home/htrice/go2_ros2_curr/install/go2_robot_sdk/lib/python3.10/site-packages/go2_robot_sdk
[0.962s] byte-compiling /home/htrice/go2_ros2_curr/install/go2_robot_sdk/lib/python3.10/site-packages/go2_robot_sdk/follow_person.py to follow_person.cpython-310.pyc
[0.963s] running install_data
[0.964s] running install_egg_info
[0.966s] removing '/home/htrice/go2_ros2_curr/install/go2_robot_sdk/lib/python3.10/site-packages/go2_robot_sdk-0.0.0-py3.10.egg-info' (and everything under it)
[0.966s] Copying ../../build/go2_robot_sdk/go2_robot_sdk.egg-info to /home/htrice/go2_ros2_curr/install/go2_robot_sdk/lib/python3.10/site-packages/go2_robot_sdk-0.0.0-py3.10.egg-info
[0.967s] running install_scripts
[0.985s] Installing follow_person script to /home/htrice/go2_ros2_curr/install/go2_robot_sdk/lib/go2_robot_sdk
[0.985s] Installing go2_driver_node script to /home/htrice/go2_ros2_curr/install/go2_robot_sdk/lib/go2_robot_sdk
[0.986s] writing list of installed files to '/home/htrice/go2_ros2_curr/build/go2_robot_sdk/install.log'
[1.008s] Invoked command in '/home/htrice/go2_ros2_curr/src/go2_robot_sdk' returned '0': PYTHONPATH=/home/htrice/go2_ros2_curr/build/go2_robot_sdk/prefix_override:/usr/lib/python3/dist-packages/colcon_core/task/python/colcon_distutils_commands:/home/htrice/go2_ros2_curr/install/go2_robot_sdk/lib/python3.10/site-packages:${PYTHONPATH} /usr/bin/python3 -W ignore:setup.py install is deprecated -W ignore:easy_install command is deprecated setup.py egg_info --egg-base ../../build/go2_robot_sdk build --build-base /home/htrice/go2_ros2_curr/build/go2_robot_sdk/build install --record /home/htrice/go2_ros2_curr/build/go2_robot_sdk/install.log --single-version-externally-managed install_data
