[0.654s] Invoking command in '/home/htrice/go2_ros2_curr/src/go2_robot_sdk': PYTHONPATH=/home/htrice/go2_ros2_curr/build/go2_robot_sdk/prefix_override:/usr/lib/python3/dist-packages/colcon_core/task/python/colcon_distutils_commands:/home/htrice/go2_ros2_curr/install/go2_robot_sdk/lib/python3.10/site-packages:${PYTHONPATH} /usr/bin/python3 -W ignore:setup.py install is deprecated -W ignore:easy_install command is deprecated setup.py egg_info --egg-base ../../build/go2_robot_sdk build --build-base /home/htrice/go2_ros2_curr/build/go2_robot_sdk/build install --record /home/htrice/go2_ros2_curr/build/go2_robot_sdk/install.log --single-version-externally-managed install_data
[0.905s] running egg_info
[0.905s] writing ../../build/go2_robot_sdk/go2_robot_sdk.egg-info/PKG-INFO
[0.906s] writing dependency_links to ../../build/go2_robot_sdk/go2_robot_sdk.egg-info/dependency_links.txt
[0.906s] writing entry points to ../../build/go2_robot_sdk/go2_robot_sdk.egg-info/entry_points.txt
[0.906s] writing requirements to ../../build/go2_robot_sdk/go2_robot_sdk.egg-info/requires.txt
[0.906s] writing top-level names to ../../build/go2_robot_sdk/go2_robot_sdk.egg-info/top_level.txt
[0.909s] reading manifest file '../../build/go2_robot_sdk/go2_robot_sdk.egg-info/SOURCES.txt'
[0.909s] adding license file 'LICENSE'
[0.910s] writing manifest file '../../build/go2_robot_sdk/go2_robot_sdk.egg-info/SOURCES.txt'
[0.911s] running build
[0.911s] running build_py
[0.912s] copying go2_robot_sdk/application/utils/command_generator.py -> /home/htrice/go2_ros2_curr/build/go2_robot_sdk/build/lib/go2_robot_sdk/application/utils
[0.915s] running install
[0.915s] running install_lib
[0.916s] copying /home/htrice/go2_ros2_curr/build/go2_robot_sdk/build/lib/go2_robot_sdk/application/utils/command_generator.py -> /home/htrice/go2_ros2_curr/install/go2_robot_sdk/lib/python3.10/site-packages/go2_robot_sdk/application/utils
[0.918s] byte-compiling /home/htrice/go2_ros2_curr/install/go2_robot_sdk/lib/python3.10/site-packages/go2_robot_sdk/application/utils/command_generator.py to command_generator.cpython-310.pyc
[0.920s] running install_data
[0.921s] running install_egg_info
[0.923s] removing '/home/htrice/go2_ros2_curr/install/go2_robot_sdk/lib/python3.10/site-packages/go2_robot_sdk-0.0.0-py3.10.egg-info' (and everything under it)
[0.923s] Copying ../../build/go2_robot_sdk/go2_robot_sdk.egg-info to /home/htrice/go2_ros2_curr/install/go2_robot_sdk/lib/python3.10/site-packages/go2_robot_sdk-0.0.0-py3.10.egg-info
[0.924s] running install_scripts
[0.942s] Installing follow_person script to /home/htrice/go2_ros2_curr/install/go2_robot_sdk/lib/go2_robot_sdk
[0.942s] Installing go2_driver_node script to /home/htrice/go2_ros2_curr/install/go2_robot_sdk/lib/go2_robot_sdk
[0.944s] writing list of installed files to '/home/htrice/go2_ros2_curr/build/go2_robot_sdk/install.log'
[0.962s] Invoked command in '/home/htrice/go2_ros2_curr/src/go2_robot_sdk' returned '0': PYTHONPATH=/home/htrice/go2_ros2_curr/build/go2_robot_sdk/prefix_override:/usr/lib/python3/dist-packages/colcon_core/task/python/colcon_distutils_commands:/home/htrice/go2_ros2_curr/install/go2_robot_sdk/lib/python3.10/site-packages:${PYTHONPATH} /usr/bin/python3 -W ignore:setup.py install is deprecated -W ignore:easy_install command is deprecated setup.py egg_info --egg-base ../../build/go2_robot_sdk build --build-base /home/htrice/go2_ros2_curr/build/go2_robot_sdk/build install --record /home/htrice/go2_ros2_curr/build/go2_robot_sdk/install.log --single-version-externally-managed install_data
