running egg_info
creating ../../build/yolo_detector/yolo_detector.egg-info
writing ../../build/yolo_detector/yolo_detector.egg-info/PKG-INFO
writing dependency_links to ../../build/yolo_detector/yolo_detector.egg-info/dependency_links.txt
writing entry points to ../../build/yolo_detector/yolo_detector.egg-info/entry_points.txt
writing requirements to ../../build/yolo_detector/yolo_detector.egg-info/requires.txt
writing top-level names to ../../build/yolo_detector/yolo_detector.egg-info/top_level.txt
writing manifest file '../../build/yolo_detector/yolo_detector.egg-info/SOURCES.txt'
reading manifest file '../../build/yolo_detector/yolo_detector.egg-info/SOURCES.txt'
writing manifest file '../../build/yolo_detector/yolo_detector.egg-info/SOURCES.txt'
running build
running build_py
creating /home/htrice/go2_ros2_curr/build/yolo_detector/build
creating /home/htrice/go2_ros2_curr/build/yolo_detector/build/lib
creating /home/htrice/go2_ros2_curr/build/yolo_detector/build/lib/yolo_detector
copying yolo_detector/__init__.py -> /home/htrice/go2_ros2_curr/build/yolo_detector/build/lib/yolo_detector
copying yolo_detector/yolo_detector_node.py -> /home/htrice/go2_ros2_curr/build/yolo_detector/build/lib/yolo_detector
running install
running install_lib
creating /home/htrice/go2_ros2_curr/install/yolo_detector/lib/python3.10/site-packages/yolo_detector
copying /home/htrice/go2_ros2_curr/build/yolo_detector/build/lib/yolo_detector/__init__.py -> /home/htrice/go2_ros2_curr/install/yolo_detector/lib/python3.10/site-packages/yolo_detector
copying /home/htrice/go2_ros2_curr/build/yolo_detector/build/lib/yolo_detector/yolo_detector_node.py -> /home/htrice/go2_ros2_curr/install/yolo_detector/lib/python3.10/site-packages/yolo_detector
byte-compiling /home/htrice/go2_ros2_curr/install/yolo_detector/lib/python3.10/site-packages/yolo_detector/__init__.py to __init__.cpython-310.pyc
byte-compiling /home/htrice/go2_ros2_curr/install/yolo_detector/lib/python3.10/site-packages/yolo_detector/yolo_detector_node.py to yolo_detector_node.cpython-310.pyc
running install_data
creating /home/htrice/go2_ros2_curr/install/yolo_detector/share/ament_index
creating /home/htrice/go2_ros2_curr/install/yolo_detector/share/ament_index/resource_index
creating /home/htrice/go2_ros2_curr/install/yolo_detector/share/ament_index/resource_index/packages
copying resource/yolo_detector -> /home/htrice/go2_ros2_curr/install/yolo_detector/share/ament_index/resource_index/packages
copying package.xml -> /home/htrice/go2_ros2_curr/install/yolo_detector/share/yolo_detector
running install_egg_info
Copying ../../build/yolo_detector/yolo_detector.egg-info to /home/htrice/go2_ros2_curr/install/yolo_detector/lib/python3.10/site-packages/yolo_detector-0.0.0-py3.10.egg-info
running install_scripts
Installing yolo_image_recognition_node script to /home/htrice/go2_ros2_curr/install/yolo_detector/lib/yolo_detector
writing list of installed files to '/home/htrice/go2_ros2_curr/build/yolo_detector/install.log'
