[0.798s] Invoking command in '/home/htrice/go2_ros2_curr/build/speech_processor': PYTHONPATH=/home/htrice/go2_ros2_curr/build/speech_processor/prefix_override:/usr/lib/python3/dist-packages/colcon_core/task/python/colcon_distutils_commands:/home/htrice/go2_ros2_curr/install/speech_processor/lib/python3.10/site-packages:${PYTHONPATH} /usr/bin/python3 -W ignore:setup.py install is deprecated -W ignore:easy_install command is deprecated setup.py develop --editable --build-directory /home/htrice/go2_ros2_curr/build/speech_processor/build --no-deps symlink_data
[1.044s] running develop
[1.231s] running egg_info
[1.231s] creating speech_processor.egg-info
[1.231s] writing speech_processor.egg-info/PKG-INFO
[1.231s] writing dependency_links to speech_processor.egg-info/dependency_links.txt
[1.231s] writing entry points to speech_processor.egg-info/entry_points.txt
[1.231s] writing requirements to speech_processor.egg-info/requires.txt
[1.232s] writing top-level names to speech_processor.egg-info/top_level.txt
[1.232s] writing manifest file 'speech_processor.egg-info/SOURCES.txt'
[1.233s] reading manifest file 'speech_processor.egg-info/SOURCES.txt'
[1.234s] writing manifest file 'speech_processor.egg-info/SOURCES.txt'
[1.235s] running build_ext
[1.235s] Creating /home/htrice/go2_ros2_curr/install/speech_processor/lib/python3.10/site-packages/speech-processor.egg-link (link to .)
[1.236s] Installing audio_manager script to /home/htrice/go2_ros2_curr/install/speech_processor/lib/speech_processor
[1.236s] Installing speech_synthesizer script to /home/htrice/go2_ros2_curr/install/speech_processor/lib/speech_processor
[1.236s] Installing tts_node script to /home/htrice/go2_ros2_curr/install/speech_processor/lib/speech_processor
[1.236s] 
[1.236s] Installed /home/htrice/go2_ros2_curr/build/speech_processor
[1.237s] running symlink_data
[1.237s] creating /home/htrice/go2_ros2_curr/install/speech_processor/share/ament_index
[1.237s] creating /home/htrice/go2_ros2_curr/install/speech_processor/share/ament_index/resource_index
[1.237s] creating /home/htrice/go2_ros2_curr/install/speech_processor/share/ament_index/resource_index/packages
[1.237s] symbolically linking /home/htrice/go2_ros2_curr/build/speech_processor/resource/speech_processor -> /home/htrice/go2_ros2_curr/install/speech_processor/share/ament_index/resource_index/packages
[1.237s] symbolically linking /home/htrice/go2_ros2_curr/build/speech_processor/package.xml -> /home/htrice/go2_ros2_curr/install/speech_processor/share/speech_processor
[1.259s] Invoked command in '/home/htrice/go2_ros2_curr/build/speech_processor' returned '0': PYTHONPATH=/home/htrice/go2_ros2_curr/build/speech_processor/prefix_override:/usr/lib/python3/dist-packages/colcon_core/task/python/colcon_distutils_commands:/home/htrice/go2_ros2_curr/install/speech_processor/lib/python3.10/site-packages:${PYTHONPATH} /usr/bin/python3 -W ignore:setup.py install is deprecated -W ignore:easy_install command is deprecated setup.py develop --editable --build-directory /home/htrice/go2_ros2_curr/build/speech_processor/build --no-deps symlink_data
