[0.018s] Invoking command in '/home/htrice/go2_ros2_curr/build/go2_interfaces': CMAKE_PREFIX_PATH=/opt/ros/humble /usr/bin/cmake --build /home/htrice/go2_ros2_curr/build/go2_interfaces -- -j16 -l16
[0.260s] [35m[1mConsolidate compiler generated dependencies of target go2_interfaces__rosidl_generator_c[0m
[0.261s] [  0%] Built target go2_interfaces__cpp
[0.261s] [  0%] Built target ament_cmake_python_symlink_go2_interfaces
[0.261s] [ 12%] Built target go2_interfaces__rosidl_generator_c
[0.261s] [35m[1mConsolidate compiler generated dependencies of target go2_interfaces__rosidl_typesupport_cpp[0m
[0.261s] [35m[1mConsolidate compiler generated dependencies of target go2_interfaces__rosidl_typesupport_fastrtps_cpp[0m
[0.261s] [35m[1mConsolidate compiler generated dependencies of target go2_interfaces__rosidl_typesupport_introspection_cpp[0m
[0.262s] [35m[1mConsolidate compiler generated dependencies of target go2_interfaces__rosidl_typesupport_c[0m
[0.262s] [35m[1mConsolidate compiler generated dependencies of target go2_interfaces__rosidl_typesupport_introspection_c[0m
[0.262s] [35m[1mConsolidate compiler generated dependencies of target go2_interfaces__rosidl_typesupport_fastrtps_c[0m
[0.262s] [ 24%] Built target go2_interfaces__rosidl_typesupport_c
[0.262s] [ 36%] Built target go2_interfaces__rosidl_typesupport_cpp
[0.262s] [ 49%] Built target go2_interfaces__rosidl_typesupport_introspection_c
[0.262s] [ 62%] Built target go2_interfaces__rosidl_typesupport_introspection_cpp
[0.262s] [ 74%] Built target go2_interfaces__rosidl_typesupport_fastrtps_cpp
[0.263s] [ 86%] Built target go2_interfaces__rosidl_typesupport_fastrtps_c
[0.263s] [ 86%] Built target go2_interfaces
[0.263s] [ 86%] Built target go2_interfaces__py
[0.271s] [35m[1mConsolidate compiler generated dependencies of target go2_interfaces__rosidl_generator_py[0m
[0.323s] [ 98%] Built target go2_interfaces__rosidl_generator_py
[0.337s] [35m[1mConsolidate compiler generated dependencies of target go2_interfaces__rosidl_typesupport_introspection_c__pyext[0m
[0.338s] [35m[1mConsolidate compiler generated dependencies of target go2_interfaces__rosidl_typesupport_c__pyext[0m
[0.338s] [35m[1mConsolidate compiler generated dependencies of target go2_interfaces__rosidl_typesupport_fastrtps_c__pyext[0m
[0.346s] running egg_info
[0.347s] writing go2_interfaces.egg-info/PKG-INFO
[0.347s] writing dependency_links to go2_interfaces.egg-info/dependency_links.txt
[0.347s] writing top-level names to go2_interfaces.egg-info/top_level.txt
[0.349s] reading manifest file 'go2_interfaces.egg-info/SOURCES.txt'
[0.350s] writing manifest file 'go2_interfaces.egg-info/SOURCES.txt'
[0.359s] [ 99%] Built target go2_interfaces__rosidl_typesupport_fastrtps_c__pyext
[0.359s] [100%] Built target go2_interfaces__rosidl_typesupport_c__pyext
[0.360s] [100%] Built target go2_interfaces__rosidl_typesupport_introspection_c__pyext
[0.379s] [100%] Built target ament_cmake_python_build_go2_interfaces_egg
[0.515s] Invoked command in '/home/htrice/go2_ros2_curr/build/go2_interfaces' returned '0': CMAKE_PREFIX_PATH=/opt/ros/humble /usr/bin/cmake --build /home/htrice/go2_ros2_curr/build/go2_interfaces -- -j16 -l16
[0.530s] Invoking command in '/home/htrice/go2_ros2_curr/build/go2_interfaces': CMAKE_PREFIX_PATH=/opt/ros/humble /usr/bin/cmake --install /home/htrice/go2_ros2_curr/build/go2_interfaces
[0.540s] -- Install configuration: ""
[0.541s] -- Execute custom install script
[0.542s] -- Up-to-date symlink: /home/htrice/go2_ros2_curr/install/go2_interfaces/share/ament_index/resource_index/rosidl_interfaces/go2_interfaces
[0.545s] -- Up-to-date symlink: /home/htrice/go2_ros2_curr/install/go2_interfaces/include/go2_interfaces/go2_interfaces/msg/audio_data.h
[0.545s] -- Up-to-date symlink: /home/htrice/go2_ros2_curr/install/go2_interfaces/include/go2_interfaces/go2_interfaces/msg/bms_cmd.h
[0.545s] -- Up-to-date symlink: /home/htrice/go2_ros2_curr/install/go2_interfaces/include/go2_interfaces/go2_interfaces/msg/bms_state.h
[0.545s] -- Up-to-date symlink: /home/htrice/go2_ros2_curr/install/go2_interfaces/include/go2_interfaces/go2_interfaces/msg/detail/audio_data__functions.h
[0.545s] -- Up-to-date symlink: /home/htrice/go2_ros2_curr/install/go2_interfaces/include/go2_interfaces/go2_interfaces/msg/detail/audio_data__struct.h
[0.545s] -- Up-to-date symlink: /home/htrice/go2_ros2_curr/install/go2_interfaces/include/go2_interfaces/go2_interfaces/msg/detail/audio_data__type_support.h
[0.546s] -- Up-to-date symlink: /home/htrice/go2_ros2_curr/install/go2_interfaces/include/go2_interfaces/go2_interfaces/msg/detail/bms_cmd__functions.h
[0.546s] -- Up-to-date symlink: /home/htrice/go2_ros2_curr/install/go2_interfaces/include/go2_interfaces/go2_interfaces/msg/detail/bms_cmd__struct.h
[0.546s] -- Up-to-date symlink: /home/htrice/go2_ros2_curr/install/go2_interfaces/include/go2_interfaces/go2_interfaces/msg/detail/bms_cmd__type_support.h
[0.546s] -- Up-to-date symlink: /home/htrice/go2_ros2_curr/install/go2_interfaces/include/go2_interfaces/go2_interfaces/msg/detail/bms_state__functions.h
[0.546s] -- Up-to-date symlink: /home/htrice/go2_ros2_curr/install/go2_interfaces/include/go2_interfaces/go2_interfaces/msg/detail/bms_state__struct.h
[0.546s] -- Up-to-date symlink: /home/htrice/go2_ros2_curr/install/go2_interfaces/include/go2_interfaces/go2_interfaces/msg/detail/bms_state__type_support.h
[0.547s] -- Up-to-date symlink: /home/htrice/go2_ros2_curr/install/go2_interfaces/include/go2_interfaces/go2_interfaces/msg/detail/error__functions.h
[0.547s] -- Up-to-date symlink: /home/htrice/go2_ros2_curr/install/go2_interfaces/include/go2_interfaces/go2_interfaces/msg/detail/error__struct.h
[0.547s] -- Up-to-date symlink: /home/htrice/go2_ros2_curr/install/go2_interfaces/include/go2_interfaces/go2_interfaces/msg/detail/error__type_support.h
[0.547s] -- Up-to-date symlink: /home/htrice/go2_ros2_curr/install/go2_interfaces/include/go2_interfaces/go2_interfaces/msg/detail/go2_cmd__functions.h
[0.547s] -- Up-to-date symlink: /home/htrice/go2_ros2_curr/install/go2_interfaces/include/go2_interfaces/go2_interfaces/msg/detail/go2_cmd__struct.h
[0.548s] -- Up-to-date symlink: /home/htrice/go2_ros2_curr/install/go2_interfaces/include/go2_interfaces/go2_interfaces/msg/detail/go2_cmd__type_support.h
[0.548s] -- Up-to-date symlink: /home/htrice/go2_ros2_curr/install/go2_interfaces/include/go2_interfaces/go2_interfaces/msg/detail/go2_front_video_data__functions.h
[0.548s] -- Up-to-date symlink: /home/htrice/go2_ros2_curr/install/go2_interfaces/include/go2_interfaces/go2_interfaces/msg/detail/go2_front_video_data__struct.h
[0.548s] -- Up-to-date symlink: /home/htrice/go2_ros2_curr/install/go2_interfaces/include/go2_interfaces/go2_interfaces/msg/detail/go2_front_video_data__type_support.h
[0.548s] -- Up-to-date symlink: /home/htrice/go2_ros2_curr/install/go2_interfaces/include/go2_interfaces/go2_interfaces/msg/detail/go2_move__functions.h
[0.548s] -- Up-to-date symlink: /home/htrice/go2_ros2_curr/install/go2_interfaces/include/go2_interfaces/go2_interfaces/msg/detail/go2_move__struct.h
[0.549s] -- Up-to-date symlink: /home/htrice/go2_ros2_curr/install/go2_interfaces/include/go2_interfaces/go2_interfaces/msg/detail/go2_move__type_support.h
[0.549s] -- Up-to-date symlink: /home/htrice/go2_ros2_curr/install/go2_interfaces/include/go2_interfaces/go2_interfaces/msg/detail/go2_rpy_cmd__functions.h
[0.549s] -- Up-to-date symlink: /home/htrice/go2_ros2_curr/install/go2_interfaces/include/go2_interfaces/go2_interfaces/msg/detail/go2_rpy_cmd__struct.h
[0.549s] -- Up-to-date symlink: /home/htrice/go2_ros2_curr/install/go2_interfaces/include/go2_interfaces/go2_interfaces/msg/detail/go2_rpy_cmd__type_support.h
[0.549s] -- Up-to-date symlink: /home/htrice/go2_ros2_curr/install/go2_interfaces/include/go2_interfaces/go2_interfaces/msg/detail/go2_state__functions.h
[0.549s] -- Up-to-date symlink: /home/htrice/go2_ros2_curr/install/go2_interfaces/include/go2_interfaces/go2_interfaces/msg/detail/go2_state__struct.h
[0.550s] -- Up-to-date symlink: /home/htrice/go2_ros2_curr/install/go2_interfaces/include/go2_interfaces/go2_interfaces/msg/detail/go2_state__type_support.h
[0.550s] -- Up-to-date symlink: /home/htrice/go2_ros2_curr/install/go2_interfaces/include/go2_interfaces/go2_interfaces/msg/detail/height_map__functions.h
[0.550s] -- Up-to-date symlink: /home/htrice/go2_ros2_curr/install/go2_interfaces/include/go2_interfaces/go2_interfaces/msg/detail/height_map__struct.h
[0.550s] -- Up-to-date symlink: /home/htrice/go2_ros2_curr/install/go2_interfaces/include/go2_interfaces/go2_interfaces/msg/detail/height_map__type_support.h
[0.550s] -- Up-to-date symlink: /home/htrice/go2_ros2_curr/install/go2_interfaces/include/go2_interfaces/go2_interfaces/msg/detail/imu__functions.h
[0.550s] -- Up-to-date symlink: /home/htrice/go2_ros2_curr/install/go2_interfaces/include/go2_interfaces/go2_interfaces/msg/detail/imu__struct.h
[0.551s] -- Up-to-date symlink: /home/htrice/go2_ros2_curr/install/go2_interfaces/include/go2_interfaces/go2_interfaces/msg/detail/imu__type_support.h
[0.551s] -- Up-to-date symlink: /home/htrice/go2_ros2_curr/install/go2_interfaces/include/go2_interfaces/go2_interfaces/msg/detail/interface_config__functions.h
[0.551s] -- Up-to-date symlink: /home/htrice/go2_ros2_curr/install/go2_interfaces/include/go2_interfaces/go2_interfaces/msg/detail/interface_config__struct.h
[0.551s] -- Up-to-date symlink: /home/htrice/go2_ros2_curr/install/go2_interfaces/include/go2_interfaces/go2_interfaces/msg/detail/interface_config__type_support.h
[0.551s] -- Up-to-date symlink: /home/htrice/go2_ros2_curr/install/go2_interfaces/include/go2_interfaces/go2_interfaces/msg/detail/lidar_state__functions.h
[0.551s] -- Up-to-date symlink: /home/htrice/go2_ros2_curr/install/go2_interfaces/include/go2_interfaces/go2_interfaces/msg/detail/lidar_state__struct.h
[0.552s] -- Up-to-date symlink: /home/htrice/go2_ros2_curr/install/go2_interfaces/include/go2_interfaces/go2_interfaces/msg/detail/lidar_state__type_support.h
[0.552s] -- Up-to-date symlink: /home/htrice/go2_ros2_curr/install/go2_interfaces/include/go2_interfaces/go2_interfaces/msg/detail/low_cmd__functions.h
[0.552s] -- Up-to-date symlink: /home/htrice/go2_ros2_curr/install/go2_interfaces/include/go2_interfaces/go2_interfaces/msg/detail/low_cmd__struct.h
[0.552s] -- Up-to-date symlink: /home/htrice/go2_ros2_curr/install/go2_interfaces/include/go2_interfaces/go2_interfaces/msg/detail/low_cmd__type_support.h
[0.552s] -- Up-to-date symlink: /home/htrice/go2_ros2_curr/install/go2_interfaces/include/go2_interfaces/go2_interfaces/msg/detail/low_state__functions.h
[0.552s] -- Up-to-date symlink: /home/htrice/go2_ros2_curr/install/go2_interfaces/include/go2_interfaces/go2_interfaces/msg/detail/low_state__struct.h
[0.552s] -- Up-to-date symlink: /home/htrice/go2_ros2_curr/install/go2_interfaces/include/go2_interfaces/go2_interfaces/msg/detail/low_state__type_support.h
[0.553s] -- Up-to-date symlink: /home/htrice/go2_ros2_curr/install/go2_interfaces/include/go2_interfaces/go2_interfaces/msg/detail/motor_cmd__functions.h
[0.553s] -- Up-to-date symlink: /home/htrice/go2_ros2_curr/install/go2_interfaces/include/go2_interfaces/go2_interfaces/msg/detail/motor_cmd__struct.h
[0.553s] -- Up-to-date symlink: /home/htrice/go2_ros2_curr/install/go2_interfaces/include/go2_interfaces/go2_interfaces/msg/detail/motor_cmd__type_support.h
[0.553s] -- Up-to-date symlink: /home/htrice/go2_ros2_curr/install/go2_interfaces/include/go2_interfaces/go2_interfaces/msg/detail/motor_cmds__functions.h
[0.553s] -- Up-to-date symlink: /home/htrice/go2_ros2_curr/install/go2_interfaces/include/go2_interfaces/go2_interfaces/msg/detail/motor_cmds__struct.h
[0.553s] -- Up-to-date symlink: /home/htrice/go2_ros2_curr/install/go2_interfaces/include/go2_interfaces/go2_interfaces/msg/detail/motor_cmds__type_support.h
[0.553s] -- Up-to-date symlink: /home/htrice/go2_ros2_curr/install/go2_interfaces/include/go2_interfaces/go2_interfaces/msg/detail/motor_state__functions.h
[0.554s] -- Up-to-date symlink: /home/htrice/go2_ros2_curr/install/go2_interfaces/include/go2_interfaces/go2_interfaces/msg/detail/motor_state__struct.h
[0.554s] -- Up-to-date symlink: /home/htrice/go2_ros2_curr/install/go2_interfaces/include/go2_interfaces/go2_interfaces/msg/detail/motor_state__type_support.h
[0.554s] -- Up-to-date symlink: /home/htrice/go2_ros2_curr/install/go2_interfaces/include/go2_interfaces/go2_interfaces/msg/detail/motor_states__functions.h
[0.554s] -- Up-to-date symlink: /home/htrice/go2_ros2_curr/install/go2_interfaces/include/go2_interfaces/go2_interfaces/msg/detail/motor_states__struct.h
[0.554s] -- Up-to-date symlink: /home/htrice/go2_ros2_curr/install/go2_interfaces/include/go2_interfaces/go2_interfaces/msg/detail/motor_states__type_support.h
[0.554s] -- Up-to-date symlink: /home/htrice/go2_ros2_curr/install/go2_interfaces/include/go2_interfaces/go2_interfaces/msg/detail/path_point__functions.h
[0.555s] -- Up-to-date symlink: /home/htrice/go2_ros2_curr/install/go2_interfaces/include/go2_interfaces/go2_interfaces/msg/detail/path_point__struct.h
[0.555s] -- Up-to-date symlink: /home/htrice/go2_ros2_curr/install/go2_interfaces/include/go2_interfaces/go2_interfaces/msg/detail/path_point__type_support.h
[0.555s] -- Up-to-date symlink: /home/htrice/go2_ros2_curr/install/go2_interfaces/include/go2_interfaces/go2_interfaces/msg/detail/req__functions.h
[0.555s] -- Up-to-date symlink: /home/htrice/go2_ros2_curr/install/go2_interfaces/include/go2_interfaces/go2_interfaces/msg/detail/req__struct.h
[0.555s] -- Up-to-date symlink: /home/htrice/go2_ros2_curr/install/go2_interfaces/include/go2_interfaces/go2_interfaces/msg/detail/req__type_support.h
[0.555s] -- Up-to-date symlink: /home/htrice/go2_ros2_curr/install/go2_interfaces/include/go2_interfaces/go2_interfaces/msg/detail/res__functions.h
[0.555s] -- Up-to-date symlink: /home/htrice/go2_ros2_curr/install/go2_interfaces/include/go2_interfaces/go2_interfaces/msg/detail/res__struct.h
[0.555s] -- Up-to-date symlink: /home/htrice/go2_ros2_curr/install/go2_interfaces/include/go2_interfaces/go2_interfaces/msg/detail/res__type_support.h
[0.555s] -- Up-to-date symlink: /home/htrice/go2_ros2_curr/install/go2_interfaces/include/go2_interfaces/go2_interfaces/msg/detail/sport_mode_cmd__functions.h
[0.556s] -- Up-to-date symlink: /home/htrice/go2_ros2_curr/install/go2_interfaces/include/go2_interfaces/go2_interfaces/msg/detail/sport_mode_cmd__struct.h
[0.556s] -- Up-to-date symlink: /home/htrice/go2_ros2_curr/install/go2_interfaces/include/go2_interfaces/go2_interfaces/msg/detail/sport_mode_cmd__type_support.h
[0.556s] -- Up-to-date symlink: /home/htrice/go2_ros2_curr/install/go2_interfaces/include/go2_interfaces/go2_interfaces/msg/detail/sport_mode_state__functions.h
[0.556s] -- Up-to-date symlink: /home/htrice/go2_ros2_curr/install/go2_interfaces/include/go2_interfaces/go2_interfaces/msg/detail/sport_mode_state__struct.h
[0.556s] -- Up-to-date symlink: /home/htrice/go2_ros2_curr/install/go2_interfaces/include/go2_interfaces/go2_interfaces/msg/detail/sport_mode_state__type_support.h
[0.556s] -- Up-to-date symlink: /home/htrice/go2_ros2_curr/install/go2_interfaces/include/go2_interfaces/go2_interfaces/msg/detail/time_spec__functions.h
[0.556s] -- Up-to-date symlink: /home/htrice/go2_ros2_curr/install/go2_interfaces/include/go2_interfaces/go2_interfaces/msg/detail/time_spec__struct.h
[0.556s] -- Up-to-date symlink: /home/htrice/go2_ros2_curr/install/go2_interfaces/include/go2_interfaces/go2_interfaces/msg/detail/time_spec__type_support.h
[0.556s] -- Up-to-date symlink: /home/htrice/go2_ros2_curr/install/go2_interfaces/include/go2_interfaces/go2_interfaces/msg/detail/uwb_state__functions.h
[0.557s] -- Up-to-date symlink: /home/htrice/go2_ros2_curr/install/go2_interfaces/include/go2_interfaces/go2_interfaces/msg/detail/uwb_state__struct.h
[0.557s] -- Up-to-date symlink: /home/htrice/go2_ros2_curr/install/go2_interfaces/include/go2_interfaces/go2_interfaces/msg/detail/uwb_state__type_support.h
[0.557s] -- Up-to-date symlink: /home/htrice/go2_ros2_curr/install/go2_interfaces/include/go2_interfaces/go2_interfaces/msg/detail/uwb_switch__functions.h
[0.557s] -- Up-to-date symlink: /home/htrice/go2_ros2_curr/install/go2_interfaces/include/go2_interfaces/go2_interfaces/msg/detail/uwb_switch__struct.h
[0.557s] -- Up-to-date symlink: /home/htrice/go2_ros2_curr/install/go2_interfaces/include/go2_interfaces/go2_interfaces/msg/detail/uwb_switch__type_support.h
[0.557s] -- Up-to-date symlink: /home/htrice/go2_ros2_curr/install/go2_interfaces/include/go2_interfaces/go2_interfaces/msg/detail/voxel_height_map_state__functions.h
[0.557s] -- Up-to-date symlink: /home/htrice/go2_ros2_curr/install/go2_interfaces/include/go2_interfaces/go2_interfaces/msg/detail/voxel_height_map_state__struct.h
[0.557s] -- Up-to-date symlink: /home/htrice/go2_ros2_curr/install/go2_interfaces/include/go2_interfaces/go2_interfaces/msg/detail/voxel_height_map_state__type_support.h
[0.557s] -- Up-to-date symlink: /home/htrice/go2_ros2_curr/install/go2_interfaces/include/go2_interfaces/go2_interfaces/msg/detail/voxel_map_compressed__functions.h
[0.558s] -- Up-to-date symlink: /home/htrice/go2_ros2_curr/install/go2_interfaces/include/go2_interfaces/go2_interfaces/msg/detail/voxel_map_compressed__struct.h
[0.558s] -- Up-to-date symlink: /home/htrice/go2_ros2_curr/install/go2_interfaces/include/go2_interfaces/go2_interfaces/msg/detail/voxel_map_compressed__type_support.h
[0.558s] -- Up-to-date symlink: /home/htrice/go2_ros2_curr/install/go2_interfaces/include/go2_interfaces/go2_interfaces/msg/detail/web_rtc_req__functions.h
[0.558s] -- Up-to-date symlink: /home/htrice/go2_ros2_curr/install/go2_interfaces/include/go2_interfaces/go2_interfaces/msg/detail/web_rtc_req__struct.h
[0.558s] -- Up-to-date symlink: /home/htrice/go2_ros2_curr/install/go2_interfaces/include/go2_interfaces/go2_interfaces/msg/detail/web_rtc_req__type_support.h
[0.558s] -- Up-to-date symlink: /home/htrice/go2_ros2_curr/install/go2_interfaces/include/go2_interfaces/go2_interfaces/msg/detail/wireless_controller__functions.h
[0.558s] -- Up-to-date symlink: /home/htrice/go2_ros2_curr/install/go2_interfaces/include/go2_interfaces/go2_interfaces/msg/detail/wireless_controller__struct.h
[0.558s] -- Up-to-date symlink: /home/htrice/go2_ros2_curr/install/go2_interfaces/include/go2_interfaces/go2_interfaces/msg/detail/wireless_controller__type_support.h
[0.558s] -- Up-to-date symlink: /home/htrice/go2_ros2_curr/install/go2_interfaces/include/go2_interfaces/go2_interfaces/msg/error.h
[0.559s] -- Up-to-date symlink: /home/htrice/go2_ros2_curr/install/go2_interfaces/include/go2_interfaces/go2_interfaces/msg/go2_cmd.h
[0.559s] -- Up-to-date symlink: /home/htrice/go2_ros2_curr/install/go2_interfaces/include/go2_interfaces/go2_interfaces/msg/go2_front_video_data.h
[0.559s] -- Up-to-date symlink: /home/htrice/go2_ros2_curr/install/go2_interfaces/include/go2_interfaces/go2_interfaces/msg/go2_move.h
[0.559s] -- Up-to-date symlink: /home/htrice/go2_ros2_curr/install/go2_interfaces/include/go2_interfaces/go2_interfaces/msg/go2_rpy_cmd.h
[0.559s] -- Up-to-date symlink: /home/htrice/go2_ros2_curr/install/go2_interfaces/include/go2_interfaces/go2_interfaces/msg/go2_state.h
[0.559s] -- Up-to-date symlink: /home/htrice/go2_ros2_curr/install/go2_interfaces/include/go2_interfaces/go2_interfaces/msg/height_map.h
[0.560s] -- Up-to-date symlink: /home/htrice/go2_ros2_curr/install/go2_interfaces/include/go2_interfaces/go2_interfaces/msg/imu.h
[0.560s] -- Up-to-date symlink: /home/htrice/go2_ros2_curr/install/go2_interfaces/include/go2_interfaces/go2_interfaces/msg/interface_config.h
[0.560s] -- Up-to-date symlink: /home/htrice/go2_ros2_curr/install/go2_interfaces/include/go2_interfaces/go2_interfaces/msg/lidar_state.h
[0.560s] -- Up-to-date symlink: /home/htrice/go2_ros2_curr/install/go2_interfaces/include/go2_interfaces/go2_interfaces/msg/low_cmd.h
[0.560s] -- Up-to-date symlink: /home/htrice/go2_ros2_curr/install/go2_interfaces/include/go2_interfaces/go2_interfaces/msg/low_state.h
[0.560s] -- Up-to-date symlink: /home/htrice/go2_ros2_curr/install/go2_interfaces/include/go2_interfaces/go2_interfaces/msg/motor_cmd.h
[0.560s] -- Up-to-date symlink: /home/htrice/go2_ros2_curr/install/go2_interfaces/include/go2_interfaces/go2_interfaces/msg/motor_cmds.h
[0.560s] -- Up-to-date symlink: /home/htrice/go2_ros2_curr/install/go2_interfaces/include/go2_interfaces/go2_interfaces/msg/motor_state.h
[0.561s] -- Up-to-date symlink: /home/htrice/go2_ros2_curr/install/go2_interfaces/include/go2_interfaces/go2_interfaces/msg/motor_states.h
[0.561s] -- Up-to-date symlink: /home/htrice/go2_ros2_curr/install/go2_interfaces/include/go2_interfaces/go2_interfaces/msg/path_point.h
[0.561s] -- Up-to-date symlink: /home/htrice/go2_ros2_curr/install/go2_interfaces/include/go2_interfaces/go2_interfaces/msg/req.h
[0.561s] -- Up-to-date symlink: /home/htrice/go2_ros2_curr/install/go2_interfaces/include/go2_interfaces/go2_interfaces/msg/res.h
[0.561s] -- Up-to-date symlink: /home/htrice/go2_ros2_curr/install/go2_interfaces/include/go2_interfaces/go2_interfaces/msg/rosidl_generator_c__visibility_control.h
[0.561s] -- Up-to-date symlink: /home/htrice/go2_ros2_curr/install/go2_interfaces/include/go2_interfaces/go2_interfaces/msg/sport_mode_cmd.h
[0.561s] -- Up-to-date symlink: /home/htrice/go2_ros2_curr/install/go2_interfaces/include/go2_interfaces/go2_interfaces/msg/sport_mode_state.h
[0.561s] -- Up-to-date symlink: /home/htrice/go2_ros2_curr/install/go2_interfaces/include/go2_interfaces/go2_interfaces/msg/time_spec.h
[0.561s] -- Up-to-date symlink: /home/htrice/go2_ros2_curr/install/go2_interfaces/include/go2_interfaces/go2_interfaces/msg/uwb_state.h
[0.562s] -- Up-to-date symlink: /home/htrice/go2_ros2_curr/install/go2_interfaces/include/go2_interfaces/go2_interfaces/msg/uwb_switch.h
[0.562s] -- Up-to-date symlink: /home/htrice/go2_ros2_curr/install/go2_interfaces/include/go2_interfaces/go2_interfaces/msg/voxel_height_map_state.h
[0.562s] -- Up-to-date symlink: /home/htrice/go2_ros2_curr/install/go2_interfaces/include/go2_interfaces/go2_interfaces/msg/voxel_map_compressed.h
[0.562s] -- Up-to-date symlink: /home/htrice/go2_ros2_curr/install/go2_interfaces/include/go2_interfaces/go2_interfaces/msg/web_rtc_req.h
[0.562s] -- Up-to-date symlink: /home/htrice/go2_ros2_curr/install/go2_interfaces/include/go2_interfaces/go2_interfaces/msg/wireless_controller.h
[0.562s] -- Up-to-date symlink: /home/htrice/go2_ros2_curr/install/go2_interfaces/share/go2_interfaces/environment/library_path.sh
[0.562s] -- Up-to-date symlink: /home/htrice/go2_ros2_curr/install/go2_interfaces/share/go2_interfaces/environment/library_path.dsv
[0.563s] -- Up-to-date symlink: /home/htrice/go2_ros2_curr/install/go2_interfaces/include/go2_interfaces/go2_interfaces/msg/detail/audio_data__rosidl_typesupport_fastrtps_c.h
[0.563s] -- Up-to-date symlink: /home/htrice/go2_ros2_curr/install/go2_interfaces/include/go2_interfaces/go2_interfaces/msg/detail/bms_cmd__rosidl_typesupport_fastrtps_c.h
[0.564s] -- Up-to-date symlink: /home/htrice/go2_ros2_curr/install/go2_interfaces/include/go2_interfaces/go2_interfaces/msg/detail/bms_state__rosidl_typesupport_fastrtps_c.h
[0.564s] -- Up-to-date symlink: /home/htrice/go2_ros2_curr/install/go2_interfaces/include/go2_interfaces/go2_interfaces/msg/detail/error__rosidl_typesupport_fastrtps_c.h
[0.564s] -- Up-to-date symlink: /home/htrice/go2_ros2_curr/install/go2_interfaces/include/go2_interfaces/go2_interfaces/msg/detail/go2_cmd__rosidl_typesupport_fastrtps_c.h
[0.564s] -- Up-to-date symlink: /home/htrice/go2_ros2_curr/install/go2_interfaces/include/go2_interfaces/go2_interfaces/msg/detail/go2_front_video_data__rosidl_typesupport_fastrtps_c.h
[0.564s] -- Up-to-date symlink: /home/htrice/go2_ros2_curr/install/go2_interfaces/include/go2_interfaces/go2_interfaces/msg/detail/go2_move__rosidl_typesupport_fastrtps_c.h
[0.564s] -- Up-to-date symlink: /home/htrice/go2_ros2_curr/install/go2_interfaces/include/go2_interfaces/go2_interfaces/msg/detail/go2_rpy_cmd__rosidl_typesupport_fastrtps_c.h
[0.564s] -- Up-to-date symlink: /home/htrice/go2_ros2_curr/install/go2_interfaces/include/go2_interfaces/go2_interfaces/msg/detail/go2_state__rosidl_typesupport_fastrtps_c.h
[0.565s] -- Up-to-date symlink: /home/htrice/go2_ros2_curr/install/go2_interfaces/include/go2_interfaces/go2_interfaces/msg/detail/height_map__rosidl_typesupport_fastrtps_c.h
[0.565s] -- Up-to-date symlink: /home/htrice/go2_ros2_curr/install/go2_interfaces/include/go2_interfaces/go2_interfaces/msg/detail/imu__rosidl_typesupport_fastrtps_c.h
[0.565s] -- Up-to-date symlink: /home/htrice/go2_ros2_curr/install/go2_interfaces/include/go2_interfaces/go2_interfaces/msg/detail/interface_config__rosidl_typesupport_fastrtps_c.h
[0.565s] -- Up-to-date symlink: /home/htrice/go2_ros2_curr/install/go2_interfaces/include/go2_interfaces/go2_interfaces/msg/detail/lidar_state__rosidl_typesupport_fastrtps_c.h
[0.565s] -- Up-to-date symlink: /home/htrice/go2_ros2_curr/install/go2_interfaces/include/go2_interfaces/go2_interfaces/msg/detail/low_cmd__rosidl_typesupport_fastrtps_c.h
[0.565s] -- Up-to-date symlink: /home/htrice/go2_ros2_curr/install/go2_interfaces/include/go2_interfaces/go2_interfaces/msg/detail/low_state__rosidl_typesupport_fastrtps_c.h
[0.565s] -- Up-to-date symlink: /home/htrice/go2_ros2_curr/install/go2_interfaces/include/go2_interfaces/go2_interfaces/msg/detail/motor_cmd__rosidl_typesupport_fastrtps_c.h
[0.566s] -- Up-to-date symlink: /home/htrice/go2_ros2_curr/install/go2_interfaces/include/go2_interfaces/go2_interfaces/msg/detail/motor_cmds__rosidl_typesupport_fastrtps_c.h
[0.566s] -- Up-to-date symlink: /home/htrice/go2_ros2_curr/install/go2_interfaces/include/go2_interfaces/go2_interfaces/msg/detail/motor_state__rosidl_typesupport_fastrtps_c.h
[0.566s] -- Up-to-date symlink: /home/htrice/go2_ros2_curr/install/go2_interfaces/include/go2_interfaces/go2_interfaces/msg/detail/motor_states__rosidl_typesupport_fastrtps_c.h
[0.566s] -- Up-to-date symlink: /home/htrice/go2_ros2_curr/install/go2_interfaces/include/go2_interfaces/go2_interfaces/msg/detail/path_point__rosidl_typesupport_fastrtps_c.h
[0.566s] -- Up-to-date symlink: /home/htrice/go2_ros2_curr/install/go2_interfaces/include/go2_interfaces/go2_interfaces/msg/detail/req__rosidl_typesupport_fastrtps_c.h
[0.566s] -- Up-to-date symlink: /home/htrice/go2_ros2_curr/install/go2_interfaces/include/go2_interfaces/go2_interfaces/msg/detail/res__rosidl_typesupport_fastrtps_c.h
[0.566s] -- Up-to-date symlink: /home/htrice/go2_ros2_curr/install/go2_interfaces/include/go2_interfaces/go2_interfaces/msg/detail/sport_mode_cmd__rosidl_typesupport_fastrtps_c.h
[0.567s] -- Up-to-date symlink: /home/htrice/go2_ros2_curr/install/go2_interfaces/include/go2_interfaces/go2_interfaces/msg/detail/sport_mode_state__rosidl_typesupport_fastrtps_c.h
[0.567s] -- Up-to-date symlink: /home/htrice/go2_ros2_curr/install/go2_interfaces/include/go2_interfaces/go2_interfaces/msg/detail/time_spec__rosidl_typesupport_fastrtps_c.h
[0.567s] -- Up-to-date symlink: /home/htrice/go2_ros2_curr/install/go2_interfaces/include/go2_interfaces/go2_interfaces/msg/detail/uwb_state__rosidl_typesupport_fastrtps_c.h
[0.567s] -- Up-to-date symlink: /home/htrice/go2_ros2_curr/install/go2_interfaces/include/go2_interfaces/go2_interfaces/msg/detail/uwb_switch__rosidl_typesupport_fastrtps_c.h
[0.567s] -- Up-to-date symlink: /home/htrice/go2_ros2_curr/install/go2_interfaces/include/go2_interfaces/go2_interfaces/msg/detail/voxel_height_map_state__rosidl_typesupport_fastrtps_c.h
[0.567s] -- Up-to-date symlink: /home/htrice/go2_ros2_curr/install/go2_interfaces/include/go2_interfaces/go2_interfaces/msg/detail/voxel_map_compressed__rosidl_typesupport_fastrtps_c.h
[0.567s] -- Up-to-date symlink: /home/htrice/go2_ros2_curr/install/go2_interfaces/include/go2_interfaces/go2_interfaces/msg/detail/web_rtc_req__rosidl_typesupport_fastrtps_c.h
[0.567s] -- Up-to-date symlink: /home/htrice/go2_ros2_curr/install/go2_interfaces/include/go2_interfaces/go2_interfaces/msg/detail/wireless_controller__rosidl_typesupport_fastrtps_c.h
[0.567s] -- Up-to-date symlink: /home/htrice/go2_ros2_curr/install/go2_interfaces/include/go2_interfaces/go2_interfaces/msg/rosidl_typesupport_fastrtps_c__visibility_control.h
[0.569s] -- Up-to-date symlink: /home/htrice/go2_ros2_curr/install/go2_interfaces/include/go2_interfaces/go2_interfaces/msg/audio_data.hpp
[0.569s] -- Up-to-date symlink: /home/htrice/go2_ros2_curr/install/go2_interfaces/include/go2_interfaces/go2_interfaces/msg/bms_cmd.hpp
[0.569s] -- Up-to-date symlink: /home/htrice/go2_ros2_curr/install/go2_interfaces/include/go2_interfaces/go2_interfaces/msg/bms_state.hpp
[0.569s] -- Up-to-date symlink: /home/htrice/go2_ros2_curr/install/go2_interfaces/include/go2_interfaces/go2_interfaces/msg/detail/audio_data__builder.hpp
[0.569s] -- Up-to-date symlink: /home/htrice/go2_ros2_curr/install/go2_interfaces/include/go2_interfaces/go2_interfaces/msg/detail/audio_data__struct.hpp
[0.570s] -- Up-to-date symlink: /home/htrice/go2_ros2_curr/install/go2_interfaces/include/go2_interfaces/go2_interfaces/msg/detail/audio_data__traits.hpp
[0.570s] -- Up-to-date symlink: /home/htrice/go2_ros2_curr/install/go2_interfaces/include/go2_interfaces/go2_interfaces/msg/detail/audio_data__type_support.hpp
[0.570s] -- Up-to-date symlink: /home/htrice/go2_ros2_curr/install/go2_interfaces/include/go2_interfaces/go2_interfaces/msg/detail/bms_cmd__builder.hpp
[0.570s] -- Up-to-date symlink: /home/htrice/go2_ros2_curr/install/go2_interfaces/include/go2_interfaces/go2_interfaces/msg/detail/bms_cmd__struct.hpp
[0.570s] -- Up-to-date symlink: /home/htrice/go2_ros2_curr/install/go2_interfaces/include/go2_interfaces/go2_interfaces/msg/detail/bms_cmd__traits.hpp
[0.570s] -- Up-to-date symlink: /home/htrice/go2_ros2_curr/install/go2_interfaces/include/go2_interfaces/go2_interfaces/msg/detail/bms_cmd__type_support.hpp
[0.570s] -- Up-to-date symlink: /home/htrice/go2_ros2_curr/install/go2_interfaces/include/go2_interfaces/go2_interfaces/msg/detail/bms_state__builder.hpp
[0.571s] -- Up-to-date symlink: /home/htrice/go2_ros2_curr/install/go2_interfaces/include/go2_interfaces/go2_interfaces/msg/detail/bms_state__struct.hpp
[0.571s] -- Up-to-date symlink: /home/htrice/go2_ros2_curr/install/go2_interfaces/include/go2_interfaces/go2_interfaces/msg/detail/bms_state__traits.hpp
[0.571s] -- Up-to-date symlink: /home/htrice/go2_ros2_curr/install/go2_interfaces/include/go2_interfaces/go2_interfaces/msg/detail/bms_state__type_support.hpp
[0.571s] -- Up-to-date symlink: /home/htrice/go2_ros2_curr/install/go2_interfaces/include/go2_interfaces/go2_interfaces/msg/detail/error__builder.hpp
[0.571s] -- Up-to-date symlink: /home/htrice/go2_ros2_curr/install/go2_interfaces/include/go2_interfaces/go2_interfaces/msg/detail/error__struct.hpp
[0.571s] -- Up-to-date symlink: /home/htrice/go2_ros2_curr/install/go2_interfaces/include/go2_interfaces/go2_interfaces/msg/detail/error__traits.hpp
[0.572s] -- Up-to-date symlink: /home/htrice/go2_ros2_curr/install/go2_interfaces/include/go2_interfaces/go2_interfaces/msg/detail/error__type_support.hpp
[0.572s] -- Up-to-date symlink: /home/htrice/go2_ros2_curr/install/go2_interfaces/include/go2_interfaces/go2_interfaces/msg/detail/go2_cmd__builder.hpp
[0.572s] -- Up-to-date symlink: /home/htrice/go2_ros2_curr/install/go2_interfaces/include/go2_interfaces/go2_interfaces/msg/detail/go2_cmd__struct.hpp
[0.572s] -- Up-to-date symlink: /home/htrice/go2_ros2_curr/install/go2_interfaces/include/go2_interfaces/go2_interfaces/msg/detail/go2_cmd__traits.hpp
[0.572s] -- Up-to-date symlink: /home/htrice/go2_ros2_curr/install/go2_interfaces/include/go2_interfaces/go2_interfaces/msg/detail/go2_cmd__type_support.hpp
[0.572s] -- Up-to-date symlink: /home/htrice/go2_ros2_curr/install/go2_interfaces/include/go2_interfaces/go2_interfaces/msg/detail/go2_front_video_data__builder.hpp
[0.572s] -- Up-to-date symlink: /home/htrice/go2_ros2_curr/install/go2_interfaces/include/go2_interfaces/go2_interfaces/msg/detail/go2_front_video_data__struct.hpp
[0.572s] -- Up-to-date symlink: /home/htrice/go2_ros2_curr/install/go2_interfaces/include/go2_interfaces/go2_interfaces/msg/detail/go2_front_video_data__traits.hpp
[0.572s] -- Up-to-date symlink: /home/htrice/go2_ros2_curr/install/go2_interfaces/include/go2_interfaces/go2_interfaces/msg/detail/go2_front_video_data__type_support.hpp
[0.573s] -- Up-to-date symlink: /home/htrice/go2_ros2_curr/install/go2_interfaces/include/go2_interfaces/go2_interfaces/msg/detail/go2_move__builder.hpp
[0.573s] -- Up-to-date symlink: /home/htrice/go2_ros2_curr/install/go2_interfaces/include/go2_interfaces/go2_interfaces/msg/detail/go2_move__struct.hpp
[0.573s] -- Up-to-date symlink: /home/htrice/go2_ros2_curr/install/go2_interfaces/include/go2_interfaces/go2_interfaces/msg/detail/go2_move__traits.hpp
[0.573s] -- Up-to-date symlink: /home/htrice/go2_ros2_curr/install/go2_interfaces/include/go2_interfaces/go2_interfaces/msg/detail/go2_move__type_support.hpp
[0.573s] -- Up-to-date symlink: /home/htrice/go2_ros2_curr/install/go2_interfaces/include/go2_interfaces/go2_interfaces/msg/detail/go2_rpy_cmd__builder.hpp
[0.573s] -- Up-to-date symlink: /home/htrice/go2_ros2_curr/install/go2_interfaces/include/go2_interfaces/go2_interfaces/msg/detail/go2_rpy_cmd__struct.hpp
[0.573s] -- Up-to-date symlink: /home/htrice/go2_ros2_curr/install/go2_interfaces/include/go2_interfaces/go2_interfaces/msg/detail/go2_rpy_cmd__traits.hpp
[0.573s] -- Up-to-date symlink: /home/htrice/go2_ros2_curr/install/go2_interfaces/include/go2_interfaces/go2_interfaces/msg/detail/go2_rpy_cmd__type_support.hpp
[0.574s] -- Up-to-date symlink: /home/htrice/go2_ros2_curr/install/go2_interfaces/include/go2_interfaces/go2_interfaces/msg/detail/go2_state__builder.hpp
[0.574s] -- Up-to-date symlink: /home/htrice/go2_ros2_curr/install/go2_interfaces/include/go2_interfaces/go2_interfaces/msg/detail/go2_state__struct.hpp
[0.574s] -- Up-to-date symlink: /home/htrice/go2_ros2_curr/install/go2_interfaces/include/go2_interfaces/go2_interfaces/msg/detail/go2_state__traits.hpp
[0.574s] -- Up-to-date symlink: /home/htrice/go2_ros2_curr/install/go2_interfaces/include/go2_interfaces/go2_interfaces/msg/detail/go2_state__type_support.hpp
[0.574s] -- Up-to-date symlink: /home/htrice/go2_ros2_curr/install/go2_interfaces/include/go2_interfaces/go2_interfaces/msg/detail/height_map__builder.hpp
[0.574s] -- Up-to-date symlink: /home/htrice/go2_ros2_curr/install/go2_interfaces/include/go2_interfaces/go2_interfaces/msg/detail/height_map__struct.hpp
[0.574s] -- Up-to-date symlink: /home/htrice/go2_ros2_curr/install/go2_interfaces/include/go2_interfaces/go2_interfaces/msg/detail/height_map__traits.hpp
[0.574s] -- Up-to-date symlink: /home/htrice/go2_ros2_curr/install/go2_interfaces/include/go2_interfaces/go2_interfaces/msg/detail/height_map__type_support.hpp
[0.574s] -- Up-to-date symlink: /home/htrice/go2_ros2_curr/install/go2_interfaces/include/go2_interfaces/go2_interfaces/msg/detail/imu__builder.hpp
[0.574s] -- Up-to-date symlink: /home/htrice/go2_ros2_curr/install/go2_interfaces/include/go2_interfaces/go2_interfaces/msg/detail/imu__struct.hpp
[0.575s] -- Up-to-date symlink: /home/htrice/go2_ros2_curr/install/go2_interfaces/include/go2_interfaces/go2_interfaces/msg/detail/imu__traits.hpp
[0.575s] -- Up-to-date symlink: /home/htrice/go2_ros2_curr/install/go2_interfaces/include/go2_interfaces/go2_interfaces/msg/detail/imu__type_support.hpp
[0.575s] -- Up-to-date symlink: /home/htrice/go2_ros2_curr/install/go2_interfaces/include/go2_interfaces/go2_interfaces/msg/detail/interface_config__builder.hpp
[0.575s] -- Up-to-date symlink: /home/htrice/go2_ros2_curr/install/go2_interfaces/include/go2_interfaces/go2_interfaces/msg/detail/interface_config__struct.hpp
[0.575s] -- Up-to-date symlink: /home/htrice/go2_ros2_curr/install/go2_interfaces/include/go2_interfaces/go2_interfaces/msg/detail/interface_config__traits.hpp
[0.575s] -- Up-to-date symlink: /home/htrice/go2_ros2_curr/install/go2_interfaces/include/go2_interfaces/go2_interfaces/msg/detail/interface_config__type_support.hpp
[0.575s] -- Up-to-date symlink: /home/htrice/go2_ros2_curr/install/go2_interfaces/include/go2_interfaces/go2_interfaces/msg/detail/lidar_state__builder.hpp
[0.575s] -- Up-to-date symlink: /home/htrice/go2_ros2_curr/install/go2_interfaces/include/go2_interfaces/go2_interfaces/msg/detail/lidar_state__struct.hpp
[0.576s] -- Up-to-date symlink: /home/htrice/go2_ros2_curr/install/go2_interfaces/include/go2_interfaces/go2_interfaces/msg/detail/lidar_state__traits.hpp
[0.576s] -- Up-to-date symlink: /home/htrice/go2_ros2_curr/install/go2_interfaces/include/go2_interfaces/go2_interfaces/msg/detail/lidar_state__type_support.hpp
[0.576s] -- Up-to-date symlink: /home/htrice/go2_ros2_curr/install/go2_interfaces/include/go2_interfaces/go2_interfaces/msg/detail/low_cmd__builder.hpp
[0.576s] -- Up-to-date symlink: /home/htrice/go2_ros2_curr/install/go2_interfaces/include/go2_interfaces/go2_interfaces/msg/detail/low_cmd__struct.hpp
[0.576s] -- Up-to-date symlink: /home/htrice/go2_ros2_curr/install/go2_interfaces/include/go2_interfaces/go2_interfaces/msg/detail/low_cmd__traits.hpp
[0.576s] -- Up-to-date symlink: /home/htrice/go2_ros2_curr/install/go2_interfaces/include/go2_interfaces/go2_interfaces/msg/detail/low_cmd__type_support.hpp
[0.576s] -- Up-to-date symlink: /home/htrice/go2_ros2_curr/install/go2_interfaces/include/go2_interfaces/go2_interfaces/msg/detail/low_state__builder.hpp
[0.576s] -- Up-to-date symlink: /home/htrice/go2_ros2_curr/install/go2_interfaces/include/go2_interfaces/go2_interfaces/msg/detail/low_state__struct.hpp
[0.576s] -- Up-to-date symlink: /home/htrice/go2_ros2_curr/install/go2_interfaces/include/go2_interfaces/go2_interfaces/msg/detail/low_state__traits.hpp
[0.577s] -- Up-to-date symlink: /home/htrice/go2_ros2_curr/install/go2_interfaces/include/go2_interfaces/go2_interfaces/msg/detail/low_state__type_support.hpp
[0.577s] -- Up-to-date symlink: /home/htrice/go2_ros2_curr/install/go2_interfaces/include/go2_interfaces/go2_interfaces/msg/detail/motor_cmd__builder.hpp
[0.577s] -- Up-to-date symlink: /home/htrice/go2_ros2_curr/install/go2_interfaces/include/go2_interfaces/go2_interfaces/msg/detail/motor_cmd__struct.hpp
[0.577s] -- Up-to-date symlink: /home/htrice/go2_ros2_curr/install/go2_interfaces/include/go2_interfaces/go2_interfaces/msg/detail/motor_cmd__traits.hpp
[0.577s] -- Up-to-date symlink: /home/htrice/go2_ros2_curr/install/go2_interfaces/include/go2_interfaces/go2_interfaces/msg/detail/motor_cmd__type_support.hpp
[0.577s] -- Up-to-date symlink: /home/htrice/go2_ros2_curr/install/go2_interfaces/include/go2_interfaces/go2_interfaces/msg/detail/motor_cmds__builder.hpp
[0.577s] -- Up-to-date symlink: /home/htrice/go2_ros2_curr/install/go2_interfaces/include/go2_interfaces/go2_interfaces/msg/detail/motor_cmds__struct.hpp
[0.578s] -- Up-to-date symlink: /home/htrice/go2_ros2_curr/install/go2_interfaces/include/go2_interfaces/go2_interfaces/msg/detail/motor_cmds__traits.hpp
[0.578s] -- Up-to-date symlink: /home/htrice/go2_ros2_curr/install/go2_interfaces/include/go2_interfaces/go2_interfaces/msg/detail/motor_cmds__type_support.hpp
[0.578s] -- Up-to-date symlink: /home/htrice/go2_ros2_curr/install/go2_interfaces/include/go2_interfaces/go2_interfaces/msg/detail/motor_state__builder.hpp
[0.578s] -- Up-to-date symlink: /home/htrice/go2_ros2_curr/install/go2_interfaces/include/go2_interfaces/go2_interfaces/msg/detail/motor_state__struct.hpp
[0.578s] -- Up-to-date symlink: /home/htrice/go2_ros2_curr/install/go2_interfaces/include/go2_interfaces/go2_interfaces/msg/detail/motor_state__traits.hpp
[0.578s] -- Up-to-date symlink: /home/htrice/go2_ros2_curr/install/go2_interfaces/include/go2_interfaces/go2_interfaces/msg/detail/motor_state__type_support.hpp
[0.578s] -- Up-to-date symlink: /home/htrice/go2_ros2_curr/install/go2_interfaces/include/go2_interfaces/go2_interfaces/msg/detail/motor_states__builder.hpp
[0.579s] -- Up-to-date symlink: /home/htrice/go2_ros2_curr/install/go2_interfaces/include/go2_interfaces/go2_interfaces/msg/detail/motor_states__struct.hpp
[0.579s] -- Up-to-date symlink: /home/htrice/go2_ros2_curr/install/go2_interfaces/include/go2_interfaces/go2_interfaces/msg/detail/motor_states__traits.hpp
[0.579s] -- Up-to-date symlink: /home/htrice/go2_ros2_curr/install/go2_interfaces/include/go2_interfaces/go2_interfaces/msg/detail/motor_states__type_support.hpp
[0.579s] -- Up-to-date symlink: /home/htrice/go2_ros2_curr/install/go2_interfaces/include/go2_interfaces/go2_interfaces/msg/detail/path_point__builder.hpp
[0.579s] -- Up-to-date symlink: /home/htrice/go2_ros2_curr/install/go2_interfaces/include/go2_interfaces/go2_interfaces/msg/detail/path_point__struct.hpp
[0.579s] -- Up-to-date symlink: /home/htrice/go2_ros2_curr/install/go2_interfaces/include/go2_interfaces/go2_interfaces/msg/detail/path_point__traits.hpp
[0.579s] -- Up-to-date symlink: /home/htrice/go2_ros2_curr/install/go2_interfaces/include/go2_interfaces/go2_interfaces/msg/detail/path_point__type_support.hpp
[0.579s] -- Up-to-date symlink: /home/htrice/go2_ros2_curr/install/go2_interfaces/include/go2_interfaces/go2_interfaces/msg/detail/req__builder.hpp
[0.579s] -- Up-to-date symlink: /home/htrice/go2_ros2_curr/install/go2_interfaces/include/go2_interfaces/go2_interfaces/msg/detail/req__struct.hpp
[0.580s] -- Up-to-date symlink: /home/htrice/go2_ros2_curr/install/go2_interfaces/include/go2_interfaces/go2_interfaces/msg/detail/req__traits.hpp
[0.580s] -- Up-to-date symlink: /home/htrice/go2_ros2_curr/install/go2_interfaces/include/go2_interfaces/go2_interfaces/msg/detail/req__type_support.hpp
[0.580s] -- Up-to-date symlink: /home/htrice/go2_ros2_curr/install/go2_interfaces/include/go2_interfaces/go2_interfaces/msg/detail/res__builder.hpp
[0.580s] -- Up-to-date symlink: /home/htrice/go2_ros2_curr/install/go2_interfaces/include/go2_interfaces/go2_interfaces/msg/detail/res__struct.hpp
[0.580s] -- Up-to-date symlink: /home/htrice/go2_ros2_curr/install/go2_interfaces/include/go2_interfaces/go2_interfaces/msg/detail/res__traits.hpp
[0.580s] -- Up-to-date symlink: /home/htrice/go2_ros2_curr/install/go2_interfaces/include/go2_interfaces/go2_interfaces/msg/detail/res__type_support.hpp
[0.580s] -- Up-to-date symlink: /home/htrice/go2_ros2_curr/install/go2_interfaces/include/go2_interfaces/go2_interfaces/msg/detail/sport_mode_cmd__builder.hpp
[0.580s] -- Up-to-date symlink: /home/htrice/go2_ros2_curr/install/go2_interfaces/include/go2_interfaces/go2_interfaces/msg/detail/sport_mode_cmd__struct.hpp
[0.580s] -- Up-to-date symlink: /home/htrice/go2_ros2_curr/install/go2_interfaces/include/go2_interfaces/go2_interfaces/msg/detail/sport_mode_cmd__traits.hpp
[0.581s] -- Up-to-date symlink: /home/htrice/go2_ros2_curr/install/go2_interfaces/include/go2_interfaces/go2_interfaces/msg/detail/sport_mode_cmd__type_support.hpp
[0.581s] -- Up-to-date symlink: /home/htrice/go2_ros2_curr/install/go2_interfaces/include/go2_interfaces/go2_interfaces/msg/detail/sport_mode_state__builder.hpp
[0.581s] -- Up-to-date symlink: /home/htrice/go2_ros2_curr/install/go2_interfaces/include/go2_interfaces/go2_interfaces/msg/detail/sport_mode_state__struct.hpp
[0.581s] -- Up-to-date symlink: /home/htrice/go2_ros2_curr/install/go2_interfaces/include/go2_interfaces/go2_interfaces/msg/detail/sport_mode_state__traits.hpp
[0.581s] -- Up-to-date symlink: /home/htrice/go2_ros2_curr/install/go2_interfaces/include/go2_interfaces/go2_interfaces/msg/detail/sport_mode_state__type_support.hpp
[0.581s] -- Up-to-date symlink: /home/htrice/go2_ros2_curr/install/go2_interfaces/include/go2_interfaces/go2_interfaces/msg/detail/time_spec__builder.hpp
[0.581s] -- Up-to-date symlink: /home/htrice/go2_ros2_curr/install/go2_interfaces/include/go2_interfaces/go2_interfaces/msg/detail/time_spec__struct.hpp
[0.581s] -- Up-to-date symlink: /home/htrice/go2_ros2_curr/install/go2_interfaces/include/go2_interfaces/go2_interfaces/msg/detail/time_spec__traits.hpp
[0.581s] -- Up-to-date symlink: /home/htrice/go2_ros2_curr/install/go2_interfaces/include/go2_interfaces/go2_interfaces/msg/detail/time_spec__type_support.hpp
[0.582s] -- Up-to-date symlink: /home/htrice/go2_ros2_curr/install/go2_interfaces/include/go2_interfaces/go2_interfaces/msg/detail/uwb_state__builder.hpp
[0.582s] -- Up-to-date symlink: /home/htrice/go2_ros2_curr/install/go2_interfaces/include/go2_interfaces/go2_interfaces/msg/detail/uwb_state__struct.hpp
[0.582s] -- Up-to-date symlink: /home/htrice/go2_ros2_curr/install/go2_interfaces/include/go2_interfaces/go2_interfaces/msg/detail/uwb_state__traits.hpp
[0.582s] -- Up-to-date symlink: /home/htrice/go2_ros2_curr/install/go2_interfaces/include/go2_interfaces/go2_interfaces/msg/detail/uwb_state__type_support.hpp
[0.582s] -- Up-to-date symlink: /home/htrice/go2_ros2_curr/install/go2_interfaces/include/go2_interfaces/go2_interfaces/msg/detail/uwb_switch__builder.hpp
[0.582s] -- Up-to-date symlink: /home/htrice/go2_ros2_curr/install/go2_interfaces/include/go2_interfaces/go2_interfaces/msg/detail/uwb_switch__struct.hpp
[0.582s] -- Up-to-date symlink: /home/htrice/go2_ros2_curr/install/go2_interfaces/include/go2_interfaces/go2_interfaces/msg/detail/uwb_switch__traits.hpp
[0.582s] -- Up-to-date symlink: /home/htrice/go2_ros2_curr/install/go2_interfaces/include/go2_interfaces/go2_interfaces/msg/detail/uwb_switch__type_support.hpp
[0.583s] -- Up-to-date symlink: /home/htrice/go2_ros2_curr/install/go2_interfaces/include/go2_interfaces/go2_interfaces/msg/detail/voxel_height_map_state__builder.hpp
[0.583s] -- Up-to-date symlink: /home/htrice/go2_ros2_curr/install/go2_interfaces/include/go2_interfaces/go2_interfaces/msg/detail/voxel_height_map_state__struct.hpp
[0.583s] -- Up-to-date symlink: /home/htrice/go2_ros2_curr/install/go2_interfaces/include/go2_interfaces/go2_interfaces/msg/detail/voxel_height_map_state__traits.hpp
[0.583s] -- Up-to-date symlink: /home/htrice/go2_ros2_curr/install/go2_interfaces/include/go2_interfaces/go2_interfaces/msg/detail/voxel_height_map_state__type_support.hpp
[0.583s] -- Up-to-date symlink: /home/htrice/go2_ros2_curr/install/go2_interfaces/include/go2_interfaces/go2_interfaces/msg/detail/voxel_map_compressed__builder.hpp
[0.583s] -- Up-to-date symlink: /home/htrice/go2_ros2_curr/install/go2_interfaces/include/go2_interfaces/go2_interfaces/msg/detail/voxel_map_compressed__struct.hpp
[0.583s] -- Up-to-date symlink: /home/htrice/go2_ros2_curr/install/go2_interfaces/include/go2_interfaces/go2_interfaces/msg/detail/voxel_map_compressed__traits.hpp
[0.584s] -- Up-to-date symlink: /home/htrice/go2_ros2_curr/install/go2_interfaces/include/go2_interfaces/go2_interfaces/msg/detail/voxel_map_compressed__type_support.hpp
[0.584s] -- Up-to-date symlink: /home/htrice/go2_ros2_curr/install/go2_interfaces/include/go2_interfaces/go2_interfaces/msg/detail/web_rtc_req__builder.hpp
[0.584s] -- Up-to-date symlink: /home/htrice/go2_ros2_curr/install/go2_interfaces/include/go2_interfaces/go2_interfaces/msg/detail/web_rtc_req__struct.hpp
[0.584s] -- Up-to-date symlink: /home/htrice/go2_ros2_curr/install/go2_interfaces/include/go2_interfaces/go2_interfaces/msg/detail/web_rtc_req__traits.hpp
[0.584s] -- Up-to-date symlink: /home/htrice/go2_ros2_curr/install/go2_interfaces/include/go2_interfaces/go2_interfaces/msg/detail/web_rtc_req__type_support.hpp
[0.584s] -- Up-to-date symlink: /home/htrice/go2_ros2_curr/install/go2_interfaces/include/go2_interfaces/go2_interfaces/msg/detail/wireless_controller__builder.hpp
[0.584s] -- Up-to-date symlink: /home/htrice/go2_ros2_curr/install/go2_interfaces/include/go2_interfaces/go2_interfaces/msg/detail/wireless_controller__struct.hpp
[0.584s] -- Up-to-date symlink: /home/htrice/go2_ros2_curr/install/go2_interfaces/include/go2_interfaces/go2_interfaces/msg/detail/wireless_controller__traits.hpp
[0.584s] -- Up-to-date symlink: /home/htrice/go2_ros2_curr/install/go2_interfaces/include/go2_interfaces/go2_interfaces/msg/detail/wireless_controller__type_support.hpp
[0.585s] -- Up-to-date symlink: /home/htrice/go2_ros2_curr/install/go2_interfaces/include/go2_interfaces/go2_interfaces/msg/error.hpp
[0.585s] -- Up-to-date symlink: /home/htrice/go2_ros2_curr/install/go2_interfaces/include/go2_interfaces/go2_interfaces/msg/go2_cmd.hpp
[0.585s] -- Up-to-date symlink: /home/htrice/go2_ros2_curr/install/go2_interfaces/include/go2_interfaces/go2_interfaces/msg/go2_front_video_data.hpp
[0.585s] -- Up-to-date symlink: /home/htrice/go2_ros2_curr/install/go2_interfaces/include/go2_interfaces/go2_interfaces/msg/go2_move.hpp
[0.585s] -- Up-to-date symlink: /home/htrice/go2_ros2_curr/install/go2_interfaces/include/go2_interfaces/go2_interfaces/msg/go2_rpy_cmd.hpp
[0.585s] -- Up-to-date symlink: /home/htrice/go2_ros2_curr/install/go2_interfaces/include/go2_interfaces/go2_interfaces/msg/go2_state.hpp
[0.585s] -- Up-to-date symlink: /home/htrice/go2_ros2_curr/install/go2_interfaces/include/go2_interfaces/go2_interfaces/msg/height_map.hpp
[0.585s] -- Up-to-date symlink: /home/htrice/go2_ros2_curr/install/go2_interfaces/include/go2_interfaces/go2_interfaces/msg/imu.hpp
[0.585s] -- Up-to-date symlink: /home/htrice/go2_ros2_curr/install/go2_interfaces/include/go2_interfaces/go2_interfaces/msg/interface_config.hpp
[0.586s] -- Up-to-date symlink: /home/htrice/go2_ros2_curr/install/go2_interfaces/include/go2_interfaces/go2_interfaces/msg/lidar_state.hpp
[0.586s] -- Up-to-date symlink: /home/htrice/go2_ros2_curr/install/go2_interfaces/include/go2_interfaces/go2_interfaces/msg/low_cmd.hpp
[0.586s] -- Up-to-date symlink: /home/htrice/go2_ros2_curr/install/go2_interfaces/include/go2_interfaces/go2_interfaces/msg/low_state.hpp
[0.586s] -- Up-to-date symlink: /home/htrice/go2_ros2_curr/install/go2_interfaces/include/go2_interfaces/go2_interfaces/msg/motor_cmd.hpp
[0.586s] -- Up-to-date symlink: /home/htrice/go2_ros2_curr/install/go2_interfaces/include/go2_interfaces/go2_interfaces/msg/motor_cmds.hpp
[0.586s] -- Up-to-date symlink: /home/htrice/go2_ros2_curr/install/go2_interfaces/include/go2_interfaces/go2_interfaces/msg/motor_state.hpp
[0.586s] -- Up-to-date symlink: /home/htrice/go2_ros2_curr/install/go2_interfaces/include/go2_interfaces/go2_interfaces/msg/motor_states.hpp
[0.586s] -- Up-to-date symlink: /home/htrice/go2_ros2_curr/install/go2_interfaces/include/go2_interfaces/go2_interfaces/msg/path_point.hpp
[0.586s] -- Up-to-date symlink: /home/htrice/go2_ros2_curr/install/go2_interfaces/include/go2_interfaces/go2_interfaces/msg/req.hpp
[0.587s] -- Up-to-date symlink: /home/htrice/go2_ros2_curr/install/go2_interfaces/include/go2_interfaces/go2_interfaces/msg/res.hpp
[0.587s] -- Up-to-date symlink: /home/htrice/go2_ros2_curr/install/go2_interfaces/include/go2_interfaces/go2_interfaces/msg/rosidl_generator_cpp__visibility_control.hpp
[0.587s] -- Up-to-date symlink: /home/htrice/go2_ros2_curr/install/go2_interfaces/include/go2_interfaces/go2_interfaces/msg/sport_mode_cmd.hpp
[0.587s] -- Up-to-date symlink: /home/htrice/go2_ros2_curr/install/go2_interfaces/include/go2_interfaces/go2_interfaces/msg/sport_mode_state.hpp
[0.587s] -- Up-to-date symlink: /home/htrice/go2_ros2_curr/install/go2_interfaces/include/go2_interfaces/go2_interfaces/msg/time_spec.hpp
[0.587s] -- Up-to-date symlink: /home/htrice/go2_ros2_curr/install/go2_interfaces/include/go2_interfaces/go2_interfaces/msg/uwb_state.hpp
[0.587s] -- Up-to-date symlink: /home/htrice/go2_ros2_curr/install/go2_interfaces/include/go2_interfaces/go2_interfaces/msg/uwb_switch.hpp
[0.587s] -- Up-to-date symlink: /home/htrice/go2_ros2_curr/install/go2_interfaces/include/go2_interfaces/go2_interfaces/msg/voxel_height_map_state.hpp
[0.587s] -- Up-to-date symlink: /home/htrice/go2_ros2_curr/install/go2_interfaces/include/go2_interfaces/go2_interfaces/msg/voxel_map_compressed.hpp
[0.587s] -- Up-to-date symlink: /home/htrice/go2_ros2_curr/install/go2_interfaces/include/go2_interfaces/go2_interfaces/msg/web_rtc_req.hpp
[0.588s] -- Up-to-date symlink: /home/htrice/go2_ros2_curr/install/go2_interfaces/include/go2_interfaces/go2_interfaces/msg/wireless_controller.hpp
[0.588s] -- Up-to-date symlink: /home/htrice/go2_ros2_curr/install/go2_interfaces/include/go2_interfaces/go2_interfaces/msg/detail/audio_data__rosidl_typesupport_fastrtps_cpp.hpp
[0.589s] -- Up-to-date symlink: /home/htrice/go2_ros2_curr/install/go2_interfaces/include/go2_interfaces/go2_interfaces/msg/detail/bms_cmd__rosidl_typesupport_fastrtps_cpp.hpp
[0.589s] -- Up-to-date symlink: /home/htrice/go2_ros2_curr/install/go2_interfaces/include/go2_interfaces/go2_interfaces/msg/detail/bms_state__rosidl_typesupport_fastrtps_cpp.hpp
[0.589s] -- Up-to-date symlink: /home/htrice/go2_ros2_curr/install/go2_interfaces/include/go2_interfaces/go2_interfaces/msg/detail/error__rosidl_typesupport_fastrtps_cpp.hpp
[0.589s] -- Up-to-date symlink: /home/htrice/go2_ros2_curr/install/go2_interfaces/include/go2_interfaces/go2_interfaces/msg/detail/go2_cmd__rosidl_typesupport_fastrtps_cpp.hpp
[0.589s] -- Up-to-date symlink: /home/htrice/go2_ros2_curr/install/go2_interfaces/include/go2_interfaces/go2_interfaces/msg/detail/go2_front_video_data__rosidl_typesupport_fastrtps_cpp.hpp
[0.589s] -- Up-to-date symlink: /home/htrice/go2_ros2_curr/install/go2_interfaces/include/go2_interfaces/go2_interfaces/msg/detail/go2_move__rosidl_typesupport_fastrtps_cpp.hpp
[0.590s] -- Up-to-date symlink: /home/htrice/go2_ros2_curr/install/go2_interfaces/include/go2_interfaces/go2_interfaces/msg/detail/go2_rpy_cmd__rosidl_typesupport_fastrtps_cpp.hpp
[0.590s] -- Up-to-date symlink: /home/htrice/go2_ros2_curr/install/go2_interfaces/include/go2_interfaces/go2_interfaces/msg/detail/go2_state__rosidl_typesupport_fastrtps_cpp.hpp
[0.590s] -- Up-to-date symlink: /home/htrice/go2_ros2_curr/install/go2_interfaces/include/go2_interfaces/go2_interfaces/msg/detail/height_map__rosidl_typesupport_fastrtps_cpp.hpp
[0.590s] -- Up-to-date symlink: /home/htrice/go2_ros2_curr/install/go2_interfaces/include/go2_interfaces/go2_interfaces/msg/detail/imu__rosidl_typesupport_fastrtps_cpp.hpp
[0.590s] -- Up-to-date symlink: /home/htrice/go2_ros2_curr/install/go2_interfaces/include/go2_interfaces/go2_interfaces/msg/detail/interface_config__rosidl_typesupport_fastrtps_cpp.hpp
[0.590s] -- Up-to-date symlink: /home/htrice/go2_ros2_curr/install/go2_interfaces/include/go2_interfaces/go2_interfaces/msg/detail/lidar_state__rosidl_typesupport_fastrtps_cpp.hpp
[0.590s] -- Up-to-date symlink: /home/htrice/go2_ros2_curr/install/go2_interfaces/include/go2_interfaces/go2_interfaces/msg/detail/low_cmd__rosidl_typesupport_fastrtps_cpp.hpp
[0.590s] -- Up-to-date symlink: /home/htrice/go2_ros2_curr/install/go2_interfaces/include/go2_interfaces/go2_interfaces/msg/detail/low_state__rosidl_typesupport_fastrtps_cpp.hpp
[0.591s] -- Up-to-date symlink: /home/htrice/go2_ros2_curr/install/go2_interfaces/include/go2_interfaces/go2_interfaces/msg/detail/motor_cmd__rosidl_typesupport_fastrtps_cpp.hpp
[0.591s] -- Up-to-date symlink: /home/htrice/go2_ros2_curr/install/go2_interfaces/include/go2_interfaces/go2_interfaces/msg/detail/motor_cmds__rosidl_typesupport_fastrtps_cpp.hpp
[0.591s] -- Up-to-date symlink: /home/htrice/go2_ros2_curr/install/go2_interfaces/include/go2_interfaces/go2_interfaces/msg/detail/motor_state__rosidl_typesupport_fastrtps_cpp.hpp
[0.591s] -- Up-to-date symlink: /home/htrice/go2_ros2_curr/install/go2_interfaces/include/go2_interfaces/go2_interfaces/msg/detail/motor_states__rosidl_typesupport_fastrtps_cpp.hpp
[0.591s] -- Up-to-date symlink: /home/htrice/go2_ros2_curr/install/go2_interfaces/include/go2_interfaces/go2_interfaces/msg/detail/path_point__rosidl_typesupport_fastrtps_cpp.hpp
[0.591s] -- Up-to-date symlink: /home/htrice/go2_ros2_curr/install/go2_interfaces/include/go2_interfaces/go2_interfaces/msg/detail/req__rosidl_typesupport_fastrtps_cpp.hpp
[0.591s] -- Up-to-date symlink: /home/htrice/go2_ros2_curr/install/go2_interfaces/include/go2_interfaces/go2_interfaces/msg/detail/res__rosidl_typesupport_fastrtps_cpp.hpp
[0.591s] -- Up-to-date symlink: /home/htrice/go2_ros2_curr/install/go2_interfaces/include/go2_interfaces/go2_interfaces/msg/detail/sport_mode_cmd__rosidl_typesupport_fastrtps_cpp.hpp
[0.592s] -- Up-to-date symlink: /home/htrice/go2_ros2_curr/install/go2_interfaces/include/go2_interfaces/go2_interfaces/msg/detail/sport_mode_state__rosidl_typesupport_fastrtps_cpp.hpp
[0.592s] -- Up-to-date symlink: /home/htrice/go2_ros2_curr/install/go2_interfaces/include/go2_interfaces/go2_interfaces/msg/detail/time_spec__rosidl_typesupport_fastrtps_cpp.hpp
[0.592s] -- Up-to-date symlink: /home/htrice/go2_ros2_curr/install/go2_interfaces/include/go2_interfaces/go2_interfaces/msg/detail/uwb_state__rosidl_typesupport_fastrtps_cpp.hpp
[0.592s] -- Up-to-date symlink: /home/htrice/go2_ros2_curr/install/go2_interfaces/include/go2_interfaces/go2_interfaces/msg/detail/uwb_switch__rosidl_typesupport_fastrtps_cpp.hpp
[0.592s] -- Up-to-date symlink: /home/htrice/go2_ros2_curr/install/go2_interfaces/include/go2_interfaces/go2_interfaces/msg/detail/voxel_height_map_state__rosidl_typesupport_fastrtps_cpp.hpp
[0.592s] -- Up-to-date symlink: /home/htrice/go2_ros2_curr/install/go2_interfaces/include/go2_interfaces/go2_interfaces/msg/detail/voxel_map_compressed__rosidl_typesupport_fastrtps_cpp.hpp
[0.592s] -- Up-to-date symlink: /home/htrice/go2_ros2_curr/install/go2_interfaces/include/go2_interfaces/go2_interfaces/msg/detail/web_rtc_req__rosidl_typesupport_fastrtps_cpp.hpp
[0.592s] -- Up-to-date symlink: /home/htrice/go2_ros2_curr/install/go2_interfaces/include/go2_interfaces/go2_interfaces/msg/detail/wireless_controller__rosidl_typesupport_fastrtps_cpp.hpp
[0.592s] -- Up-to-date symlink: /home/htrice/go2_ros2_curr/install/go2_interfaces/include/go2_interfaces/go2_interfaces/msg/rosidl_typesupport_fastrtps_cpp__visibility_control.h
[0.593s] -- Up-to-date symlink: /home/htrice/go2_ros2_curr/install/go2_interfaces/include/go2_interfaces/go2_interfaces/msg/detail/audio_data__rosidl_typesupport_introspection_c.h
[0.593s] -- Up-to-date symlink: /home/htrice/go2_ros2_curr/install/go2_interfaces/include/go2_interfaces/go2_interfaces/msg/detail/bms_cmd__rosidl_typesupport_introspection_c.h
[0.593s] -- Up-to-date symlink: /home/htrice/go2_ros2_curr/install/go2_interfaces/include/go2_interfaces/go2_interfaces/msg/detail/bms_state__rosidl_typesupport_introspection_c.h
[0.593s] -- Up-to-date symlink: /home/htrice/go2_ros2_curr/install/go2_interfaces/include/go2_interfaces/go2_interfaces/msg/detail/error__rosidl_typesupport_introspection_c.h
[0.594s] -- Up-to-date symlink: /home/htrice/go2_ros2_curr/install/go2_interfaces/include/go2_interfaces/go2_interfaces/msg/detail/go2_cmd__rosidl_typesupport_introspection_c.h
[0.594s] -- Up-to-date symlink: /home/htrice/go2_ros2_curr/install/go2_interfaces/include/go2_interfaces/go2_interfaces/msg/detail/go2_front_video_data__rosidl_typesupport_introspection_c.h
[0.594s] -- Up-to-date symlink: /home/htrice/go2_ros2_curr/install/go2_interfaces/include/go2_interfaces/go2_interfaces/msg/detail/go2_move__rosidl_typesupport_introspection_c.h
[0.594s] -- Up-to-date symlink: /home/htrice/go2_ros2_curr/install/go2_interfaces/include/go2_interfaces/go2_interfaces/msg/detail/go2_rpy_cmd__rosidl_typesupport_introspection_c.h
[0.594s] -- Up-to-date symlink: /home/htrice/go2_ros2_curr/install/go2_interfaces/include/go2_interfaces/go2_interfaces/msg/detail/go2_state__rosidl_typesupport_introspection_c.h
[0.594s] -- Up-to-date symlink: /home/htrice/go2_ros2_curr/install/go2_interfaces/include/go2_interfaces/go2_interfaces/msg/detail/height_map__rosidl_typesupport_introspection_c.h
[0.594s] -- Up-to-date symlink: /home/htrice/go2_ros2_curr/install/go2_interfaces/include/go2_interfaces/go2_interfaces/msg/detail/imu__rosidl_typesupport_introspection_c.h
[0.594s] -- Up-to-date symlink: /home/htrice/go2_ros2_curr/install/go2_interfaces/include/go2_interfaces/go2_interfaces/msg/detail/interface_config__rosidl_typesupport_introspection_c.h
[0.595s] -- Up-to-date symlink: /home/htrice/go2_ros2_curr/install/go2_interfaces/include/go2_interfaces/go2_interfaces/msg/detail/lidar_state__rosidl_typesupport_introspection_c.h
[0.595s] -- Up-to-date symlink: /home/htrice/go2_ros2_curr/install/go2_interfaces/include/go2_interfaces/go2_interfaces/msg/detail/low_cmd__rosidl_typesupport_introspection_c.h
[0.595s] -- Up-to-date symlink: /home/htrice/go2_ros2_curr/install/go2_interfaces/include/go2_interfaces/go2_interfaces/msg/detail/low_state__rosidl_typesupport_introspection_c.h
[0.595s] -- Up-to-date symlink: /home/htrice/go2_ros2_curr/install/go2_interfaces/include/go2_interfaces/go2_interfaces/msg/detail/motor_cmd__rosidl_typesupport_introspection_c.h
[0.595s] -- Up-to-date symlink: /home/htrice/go2_ros2_curr/install/go2_interfaces/include/go2_interfaces/go2_interfaces/msg/detail/motor_cmds__rosidl_typesupport_introspection_c.h
[0.595s] -- Up-to-date symlink: /home/htrice/go2_ros2_curr/install/go2_interfaces/include/go2_interfaces/go2_interfaces/msg/detail/motor_state__rosidl_typesupport_introspection_c.h
[0.595s] -- Up-to-date symlink: /home/htrice/go2_ros2_curr/install/go2_interfaces/include/go2_interfaces/go2_interfaces/msg/detail/motor_states__rosidl_typesupport_introspection_c.h
[0.596s] -- Up-to-date symlink: /home/htrice/go2_ros2_curr/install/go2_interfaces/include/go2_interfaces/go2_interfaces/msg/detail/path_point__rosidl_typesupport_introspection_c.h
[0.596s] -- Up-to-date symlink: /home/htrice/go2_ros2_curr/install/go2_interfaces/include/go2_interfaces/go2_interfaces/msg/detail/req__rosidl_typesupport_introspection_c.h
[0.596s] -- Up-to-date symlink: /home/htrice/go2_ros2_curr/install/go2_interfaces/include/go2_interfaces/go2_interfaces/msg/detail/res__rosidl_typesupport_introspection_c.h
[0.596s] -- Up-to-date symlink: /home/htrice/go2_ros2_curr/install/go2_interfaces/include/go2_interfaces/go2_interfaces/msg/detail/sport_mode_cmd__rosidl_typesupport_introspection_c.h
[0.596s] -- Up-to-date symlink: /home/htrice/go2_ros2_curr/install/go2_interfaces/include/go2_interfaces/go2_interfaces/msg/detail/sport_mode_state__rosidl_typesupport_introspection_c.h
[0.596s] -- Up-to-date symlink: /home/htrice/go2_ros2_curr/install/go2_interfaces/include/go2_interfaces/go2_interfaces/msg/detail/time_spec__rosidl_typesupport_introspection_c.h
[0.596s] -- Up-to-date symlink: /home/htrice/go2_ros2_curr/install/go2_interfaces/include/go2_interfaces/go2_interfaces/msg/detail/uwb_state__rosidl_typesupport_introspection_c.h
[0.597s] -- Up-to-date symlink: /home/htrice/go2_ros2_curr/install/go2_interfaces/include/go2_interfaces/go2_interfaces/msg/detail/uwb_switch__rosidl_typesupport_introspection_c.h
[0.597s] -- Up-to-date symlink: /home/htrice/go2_ros2_curr/install/go2_interfaces/include/go2_interfaces/go2_interfaces/msg/detail/voxel_height_map_state__rosidl_typesupport_introspection_c.h
[0.597s] -- Up-to-date symlink: /home/htrice/go2_ros2_curr/install/go2_interfaces/include/go2_interfaces/go2_interfaces/msg/detail/voxel_map_compressed__rosidl_typesupport_introspection_c.h
[0.597s] -- Up-to-date symlink: /home/htrice/go2_ros2_curr/install/go2_interfaces/include/go2_interfaces/go2_interfaces/msg/detail/web_rtc_req__rosidl_typesupport_introspection_c.h
[0.597s] -- Up-to-date symlink: /home/htrice/go2_ros2_curr/install/go2_interfaces/include/go2_interfaces/go2_interfaces/msg/detail/wireless_controller__rosidl_typesupport_introspection_c.h
[0.597s] -- Up-to-date symlink: /home/htrice/go2_ros2_curr/install/go2_interfaces/include/go2_interfaces/go2_interfaces/msg/rosidl_typesupport_introspection_c__visibility_control.h
[0.598s] -- Up-to-date symlink: /home/htrice/go2_ros2_curr/install/go2_interfaces/include/go2_interfaces/go2_interfaces/msg/detail/audio_data__rosidl_typesupport_introspection_cpp.hpp
[0.598s] -- Up-to-date symlink: /home/htrice/go2_ros2_curr/install/go2_interfaces/include/go2_interfaces/go2_interfaces/msg/detail/bms_cmd__rosidl_typesupport_introspection_cpp.hpp
[0.598s] -- Up-to-date symlink: /home/htrice/go2_ros2_curr/install/go2_interfaces/include/go2_interfaces/go2_interfaces/msg/detail/bms_state__rosidl_typesupport_introspection_cpp.hpp
[0.598s] -- Up-to-date symlink: /home/htrice/go2_ros2_curr/install/go2_interfaces/include/go2_interfaces/go2_interfaces/msg/detail/error__rosidl_typesupport_introspection_cpp.hpp
[0.598s] -- Up-to-date symlink: /home/htrice/go2_ros2_curr/install/go2_interfaces/include/go2_interfaces/go2_interfaces/msg/detail/go2_cmd__rosidl_typesupport_introspection_cpp.hpp
[0.598s] -- Up-to-date symlink: /home/htrice/go2_ros2_curr/install/go2_interfaces/include/go2_interfaces/go2_interfaces/msg/detail/go2_front_video_data__rosidl_typesupport_introspection_cpp.hpp
[0.598s] -- Up-to-date symlink: /home/htrice/go2_ros2_curr/install/go2_interfaces/include/go2_interfaces/go2_interfaces/msg/detail/go2_move__rosidl_typesupport_introspection_cpp.hpp
[0.598s] -- Up-to-date symlink: /home/htrice/go2_ros2_curr/install/go2_interfaces/include/go2_interfaces/go2_interfaces/msg/detail/go2_rpy_cmd__rosidl_typesupport_introspection_cpp.hpp
[0.599s] -- Up-to-date symlink: /home/htrice/go2_ros2_curr/install/go2_interfaces/include/go2_interfaces/go2_interfaces/msg/detail/go2_state__rosidl_typesupport_introspection_cpp.hpp
[0.599s] -- Up-to-date symlink: /home/htrice/go2_ros2_curr/install/go2_interfaces/include/go2_interfaces/go2_interfaces/msg/detail/height_map__rosidl_typesupport_introspection_cpp.hpp
[0.599s] -- Up-to-date symlink: /home/htrice/go2_ros2_curr/install/go2_interfaces/include/go2_interfaces/go2_interfaces/msg/detail/imu__rosidl_typesupport_introspection_cpp.hpp
[0.599s] -- Up-to-date symlink: /home/htrice/go2_ros2_curr/install/go2_interfaces/include/go2_interfaces/go2_interfaces/msg/detail/interface_config__rosidl_typesupport_introspection_cpp.hpp
[0.599s] -- Up-to-date symlink: /home/htrice/go2_ros2_curr/install/go2_interfaces/include/go2_interfaces/go2_interfaces/msg/detail/lidar_state__rosidl_typesupport_introspection_cpp.hpp
[0.599s] -- Up-to-date symlink: /home/htrice/go2_ros2_curr/install/go2_interfaces/include/go2_interfaces/go2_interfaces/msg/detail/low_cmd__rosidl_typesupport_introspection_cpp.hpp
[0.599s] -- Up-to-date symlink: /home/htrice/go2_ros2_curr/install/go2_interfaces/include/go2_interfaces/go2_interfaces/msg/detail/low_state__rosidl_typesupport_introspection_cpp.hpp
[0.599s] -- Up-to-date symlink: /home/htrice/go2_ros2_curr/install/go2_interfaces/include/go2_interfaces/go2_interfaces/msg/detail/motor_cmd__rosidl_typesupport_introspection_cpp.hpp
[0.600s] -- Up-to-date symlink: /home/htrice/go2_ros2_curr/install/go2_interfaces/include/go2_interfaces/go2_interfaces/msg/detail/motor_cmds__rosidl_typesupport_introspection_cpp.hpp
[0.600s] -- Up-to-date symlink: /home/htrice/go2_ros2_curr/install/go2_interfaces/include/go2_interfaces/go2_interfaces/msg/detail/motor_state__rosidl_typesupport_introspection_cpp.hpp
[0.600s] -- Up-to-date symlink: /home/htrice/go2_ros2_curr/install/go2_interfaces/include/go2_interfaces/go2_interfaces/msg/detail/motor_states__rosidl_typesupport_introspection_cpp.hpp
[0.600s] -- Up-to-date symlink: /home/htrice/go2_ros2_curr/install/go2_interfaces/include/go2_interfaces/go2_interfaces/msg/detail/path_point__rosidl_typesupport_introspection_cpp.hpp
[0.600s] -- Up-to-date symlink: /home/htrice/go2_ros2_curr/install/go2_interfaces/include/go2_interfaces/go2_interfaces/msg/detail/req__rosidl_typesupport_introspection_cpp.hpp
[0.600s] -- Up-to-date symlink: /home/htrice/go2_ros2_curr/install/go2_interfaces/include/go2_interfaces/go2_interfaces/msg/detail/res__rosidl_typesupport_introspection_cpp.hpp
[0.600s] -- Up-to-date symlink: /home/htrice/go2_ros2_curr/install/go2_interfaces/include/go2_interfaces/go2_interfaces/msg/detail/sport_mode_cmd__rosidl_typesupport_introspection_cpp.hpp
[0.601s] -- Up-to-date symlink: /home/htrice/go2_ros2_curr/install/go2_interfaces/include/go2_interfaces/go2_interfaces/msg/detail/sport_mode_state__rosidl_typesupport_introspection_cpp.hpp
[0.601s] -- Up-to-date symlink: /home/htrice/go2_ros2_curr/install/go2_interfaces/include/go2_interfaces/go2_interfaces/msg/detail/time_spec__rosidl_typesupport_introspection_cpp.hpp
[0.601s] -- Up-to-date symlink: /home/htrice/go2_ros2_curr/install/go2_interfaces/include/go2_interfaces/go2_interfaces/msg/detail/uwb_state__rosidl_typesupport_introspection_cpp.hpp
[0.601s] -- Up-to-date symlink: /home/htrice/go2_ros2_curr/install/go2_interfaces/include/go2_interfaces/go2_interfaces/msg/detail/uwb_switch__rosidl_typesupport_introspection_cpp.hpp
[0.601s] -- Up-to-date symlink: /home/htrice/go2_ros2_curr/install/go2_interfaces/include/go2_interfaces/go2_interfaces/msg/detail/voxel_height_map_state__rosidl_typesupport_introspection_cpp.hpp
[0.601s] -- Up-to-date symlink: /home/htrice/go2_ros2_curr/install/go2_interfaces/include/go2_interfaces/go2_interfaces/msg/detail/voxel_map_compressed__rosidl_typesupport_introspection_cpp.hpp
[0.602s] -- Up-to-date symlink: /home/htrice/go2_ros2_curr/install/go2_interfaces/include/go2_interfaces/go2_interfaces/msg/detail/web_rtc_req__rosidl_typesupport_introspection_cpp.hpp
[0.602s] -- Up-to-date symlink: /home/htrice/go2_ros2_curr/install/go2_interfaces/include/go2_interfaces/go2_interfaces/msg/detail/wireless_controller__rosidl_typesupport_introspection_cpp.hpp
[0.602s] -- Up-to-date symlink: /home/htrice/go2_ros2_curr/install/go2_interfaces/share/go2_interfaces/environment/pythonpath.sh
[0.602s] -- Up-to-date symlink: /home/htrice/go2_ros2_curr/install/go2_interfaces/share/go2_interfaces/environment/pythonpath.dsv
[0.602s] -- Up-to-date symlink: /home/htrice/go2_ros2_curr/install/go2_interfaces/local/lib/python3.10/dist-packages/go2_interfaces-0.0.0-py3.10.egg-info/PKG-INFO
[0.602s] -- Up-to-date symlink: /home/htrice/go2_ros2_curr/install/go2_interfaces/local/lib/python3.10/dist-packages/go2_interfaces-0.0.0-py3.10.egg-info/SOURCES.txt
[0.602s] -- Up-to-date symlink: /home/htrice/go2_ros2_curr/install/go2_interfaces/local/lib/python3.10/dist-packages/go2_interfaces-0.0.0-py3.10.egg-info/dependency_links.txt
[0.602s] -- Up-to-date symlink: /home/htrice/go2_ros2_curr/install/go2_interfaces/local/lib/python3.10/dist-packages/go2_interfaces-0.0.0-py3.10.egg-info/top_level.txt
[0.604s] -- Up-to-date symlink: /home/htrice/go2_ros2_curr/install/go2_interfaces/local/lib/python3.10/dist-packages/go2_interfaces/__init__.py
[0.604s] -- Up-to-date symlink: /home/htrice/go2_ros2_curr/install/go2_interfaces/local/lib/python3.10/dist-packages/go2_interfaces/_go2_interfaces_s.ep.rosidl_typesupport_c.c
[0.604s] -- Up-to-date symlink: /home/htrice/go2_ros2_curr/install/go2_interfaces/local/lib/python3.10/dist-packages/go2_interfaces/_go2_interfaces_s.ep.rosidl_typesupport_fastrtps_c.c
[0.605s] -- Up-to-date symlink: /home/htrice/go2_ros2_curr/install/go2_interfaces/local/lib/python3.10/dist-packages/go2_interfaces/_go2_interfaces_s.ep.rosidl_typesupport_introspection_c.c
[0.605s] -- Up-to-date symlink: /home/htrice/go2_ros2_curr/install/go2_interfaces/local/lib/python3.10/dist-packages/go2_interfaces/go2_interfaces_s__rosidl_typesupport_c.cpython-310-x86_64-linux-gnu.so
[0.605s] -- Up-to-date symlink: /home/htrice/go2_ros2_curr/install/go2_interfaces/local/lib/python3.10/dist-packages/go2_interfaces/go2_interfaces_s__rosidl_typesupport_fastrtps_c.cpython-310-x86_64-linux-gnu.so
[0.605s] -- Up-to-date symlink: /home/htrice/go2_ros2_curr/install/go2_interfaces/local/lib/python3.10/dist-packages/go2_interfaces/go2_interfaces_s__rosidl_typesupport_introspection_c.cpython-310-x86_64-linux-gnu.so
[0.605s] -- Up-to-date symlink: /home/htrice/go2_ros2_curr/install/go2_interfaces/local/lib/python3.10/dist-packages/go2_interfaces/libgo2_interfaces__rosidl_generator_py.so
[0.605s] -- Up-to-date symlink: /home/htrice/go2_ros2_curr/install/go2_interfaces/local/lib/python3.10/dist-packages/go2_interfaces/msg/__init__.py
[0.605s] -- Up-to-date symlink: /home/htrice/go2_ros2_curr/install/go2_interfaces/local/lib/python3.10/dist-packages/go2_interfaces/msg/_audio_data.py
[0.605s] -- Up-to-date symlink: /home/htrice/go2_ros2_curr/install/go2_interfaces/local/lib/python3.10/dist-packages/go2_interfaces/msg/_audio_data_s.c
[0.606s] -- Up-to-date symlink: /home/htrice/go2_ros2_curr/install/go2_interfaces/local/lib/python3.10/dist-packages/go2_interfaces/msg/_bms_cmd.py
[0.606s] -- Up-to-date symlink: /home/htrice/go2_ros2_curr/install/go2_interfaces/local/lib/python3.10/dist-packages/go2_interfaces/msg/_bms_cmd_s.c
[0.606s] -- Up-to-date symlink: /home/htrice/go2_ros2_curr/install/go2_interfaces/local/lib/python3.10/dist-packages/go2_interfaces/msg/_bms_state.py
[0.606s] -- Up-to-date symlink: /home/htrice/go2_ros2_curr/install/go2_interfaces/local/lib/python3.10/dist-packages/go2_interfaces/msg/_bms_state_s.c
[0.606s] -- Up-to-date symlink: /home/htrice/go2_ros2_curr/install/go2_interfaces/local/lib/python3.10/dist-packages/go2_interfaces/msg/_error.py
[0.606s] -- Up-to-date symlink: /home/htrice/go2_ros2_curr/install/go2_interfaces/local/lib/python3.10/dist-packages/go2_interfaces/msg/_error_s.c
[0.606s] -- Up-to-date symlink: /home/htrice/go2_ros2_curr/install/go2_interfaces/local/lib/python3.10/dist-packages/go2_interfaces/msg/_go2_cmd.py
[0.606s] -- Up-to-date symlink: /home/htrice/go2_ros2_curr/install/go2_interfaces/local/lib/python3.10/dist-packages/go2_interfaces/msg/_go2_cmd_s.c
[0.607s] -- Up-to-date symlink: /home/htrice/go2_ros2_curr/install/go2_interfaces/local/lib/python3.10/dist-packages/go2_interfaces/msg/_go2_front_video_data.py
[0.607s] -- Up-to-date symlink: /home/htrice/go2_ros2_curr/install/go2_interfaces/local/lib/python3.10/dist-packages/go2_interfaces/msg/_go2_front_video_data_s.c
[0.607s] -- Up-to-date symlink: /home/htrice/go2_ros2_curr/install/go2_interfaces/local/lib/python3.10/dist-packages/go2_interfaces/msg/_go2_move.py
[0.607s] -- Up-to-date symlink: /home/htrice/go2_ros2_curr/install/go2_interfaces/local/lib/python3.10/dist-packages/go2_interfaces/msg/_go2_move_s.c
[0.607s] -- Up-to-date symlink: /home/htrice/go2_ros2_curr/install/go2_interfaces/local/lib/python3.10/dist-packages/go2_interfaces/msg/_go2_rpy_cmd.py
[0.607s] -- Up-to-date symlink: /home/htrice/go2_ros2_curr/install/go2_interfaces/local/lib/python3.10/dist-packages/go2_interfaces/msg/_go2_rpy_cmd_s.c
[0.607s] -- Up-to-date symlink: /home/htrice/go2_ros2_curr/install/go2_interfaces/local/lib/python3.10/dist-packages/go2_interfaces/msg/_go2_state.py
[0.608s] -- Up-to-date symlink: /home/htrice/go2_ros2_curr/install/go2_interfaces/local/lib/python3.10/dist-packages/go2_interfaces/msg/_go2_state_s.c
[0.608s] -- Up-to-date symlink: /home/htrice/go2_ros2_curr/install/go2_interfaces/local/lib/python3.10/dist-packages/go2_interfaces/msg/_height_map.py
[0.608s] -- Up-to-date symlink: /home/htrice/go2_ros2_curr/install/go2_interfaces/local/lib/python3.10/dist-packages/go2_interfaces/msg/_height_map_s.c
[0.608s] -- Up-to-date symlink: /home/htrice/go2_ros2_curr/install/go2_interfaces/local/lib/python3.10/dist-packages/go2_interfaces/msg/_imu.py
[0.608s] -- Up-to-date symlink: /home/htrice/go2_ros2_curr/install/go2_interfaces/local/lib/python3.10/dist-packages/go2_interfaces/msg/_imu_s.c
[0.608s] -- Up-to-date symlink: /home/htrice/go2_ros2_curr/install/go2_interfaces/local/lib/python3.10/dist-packages/go2_interfaces/msg/_interface_config.py
[0.609s] -- Up-to-date symlink: /home/htrice/go2_ros2_curr/install/go2_interfaces/local/lib/python3.10/dist-packages/go2_interfaces/msg/_interface_config_s.c
[0.609s] -- Up-to-date symlink: /home/htrice/go2_ros2_curr/install/go2_interfaces/local/lib/python3.10/dist-packages/go2_interfaces/msg/_lidar_state.py
[0.609s] -- Up-to-date symlink: /home/htrice/go2_ros2_curr/install/go2_interfaces/local/lib/python3.10/dist-packages/go2_interfaces/msg/_lidar_state_s.c
[0.609s] -- Up-to-date symlink: /home/htrice/go2_ros2_curr/install/go2_interfaces/local/lib/python3.10/dist-packages/go2_interfaces/msg/_low_cmd.py
[0.609s] -- Up-to-date symlink: /home/htrice/go2_ros2_curr/install/go2_interfaces/local/lib/python3.10/dist-packages/go2_interfaces/msg/_low_cmd_s.c
[0.609s] -- Up-to-date symlink: /home/htrice/go2_ros2_curr/install/go2_interfaces/local/lib/python3.10/dist-packages/go2_interfaces/msg/_low_state.py
[0.609s] -- Up-to-date symlink: /home/htrice/go2_ros2_curr/install/go2_interfaces/local/lib/python3.10/dist-packages/go2_interfaces/msg/_low_state_s.c
[0.609s] -- Up-to-date symlink: /home/htrice/go2_ros2_curr/install/go2_interfaces/local/lib/python3.10/dist-packages/go2_interfaces/msg/_motor_cmd.py
[0.610s] -- Up-to-date symlink: /home/htrice/go2_ros2_curr/install/go2_interfaces/local/lib/python3.10/dist-packages/go2_interfaces/msg/_motor_cmd_s.c
[0.610s] -- Up-to-date symlink: /home/htrice/go2_ros2_curr/install/go2_interfaces/local/lib/python3.10/dist-packages/go2_interfaces/msg/_motor_cmds.py
[0.610s] -- Up-to-date symlink: /home/htrice/go2_ros2_curr/install/go2_interfaces/local/lib/python3.10/dist-packages/go2_interfaces/msg/_motor_cmds_s.c
[0.610s] -- Up-to-date symlink: /home/htrice/go2_ros2_curr/install/go2_interfaces/local/lib/python3.10/dist-packages/go2_interfaces/msg/_motor_state.py
[0.610s] -- Up-to-date symlink: /home/htrice/go2_ros2_curr/install/go2_interfaces/local/lib/python3.10/dist-packages/go2_interfaces/msg/_motor_state_s.c
[0.610s] -- Up-to-date symlink: /home/htrice/go2_ros2_curr/install/go2_interfaces/local/lib/python3.10/dist-packages/go2_interfaces/msg/_motor_states.py
[0.610s] -- Up-to-date symlink: /home/htrice/go2_ros2_curr/install/go2_interfaces/local/lib/python3.10/dist-packages/go2_interfaces/msg/_motor_states_s.c
[0.611s] -- Up-to-date symlink: /home/htrice/go2_ros2_curr/install/go2_interfaces/local/lib/python3.10/dist-packages/go2_interfaces/msg/_path_point.py
[0.611s] -- Up-to-date symlink: /home/htrice/go2_ros2_curr/install/go2_interfaces/local/lib/python3.10/dist-packages/go2_interfaces/msg/_path_point_s.c
[0.611s] -- Up-to-date symlink: /home/htrice/go2_ros2_curr/install/go2_interfaces/local/lib/python3.10/dist-packages/go2_interfaces/msg/_req.py
[0.611s] -- Up-to-date symlink: /home/htrice/go2_ros2_curr/install/go2_interfaces/local/lib/python3.10/dist-packages/go2_interfaces/msg/_req_s.c
[0.611s] -- Up-to-date symlink: /home/htrice/go2_ros2_curr/install/go2_interfaces/local/lib/python3.10/dist-packages/go2_interfaces/msg/_res.py
[0.611s] -- Up-to-date symlink: /home/htrice/go2_ros2_curr/install/go2_interfaces/local/lib/python3.10/dist-packages/go2_interfaces/msg/_res_s.c
[0.611s] -- Up-to-date symlink: /home/htrice/go2_ros2_curr/install/go2_interfaces/local/lib/python3.10/dist-packages/go2_interfaces/msg/_sport_mode_cmd.py
[0.611s] -- Up-to-date symlink: /home/htrice/go2_ros2_curr/install/go2_interfaces/local/lib/python3.10/dist-packages/go2_interfaces/msg/_sport_mode_cmd_s.c
[0.611s] -- Up-to-date symlink: /home/htrice/go2_ros2_curr/install/go2_interfaces/local/lib/python3.10/dist-packages/go2_interfaces/msg/_sport_mode_state.py
[0.612s] -- Up-to-date symlink: /home/htrice/go2_ros2_curr/install/go2_interfaces/local/lib/python3.10/dist-packages/go2_interfaces/msg/_sport_mode_state_s.c
[0.612s] -- Up-to-date symlink: /home/htrice/go2_ros2_curr/install/go2_interfaces/local/lib/python3.10/dist-packages/go2_interfaces/msg/_time_spec.py
[0.612s] -- Up-to-date symlink: /home/htrice/go2_ros2_curr/install/go2_interfaces/local/lib/python3.10/dist-packages/go2_interfaces/msg/_time_spec_s.c
[0.612s] -- Up-to-date symlink: /home/htrice/go2_ros2_curr/install/go2_interfaces/local/lib/python3.10/dist-packages/go2_interfaces/msg/_uwb_state.py
[0.612s] -- Up-to-date symlink: /home/htrice/go2_ros2_curr/install/go2_interfaces/local/lib/python3.10/dist-packages/go2_interfaces/msg/_uwb_state_s.c
[0.612s] -- Up-to-date symlink: /home/htrice/go2_ros2_curr/install/go2_interfaces/local/lib/python3.10/dist-packages/go2_interfaces/msg/_uwb_switch.py
[0.612s] -- Up-to-date symlink: /home/htrice/go2_ros2_curr/install/go2_interfaces/local/lib/python3.10/dist-packages/go2_interfaces/msg/_uwb_switch_s.c
[0.612s] -- Up-to-date symlink: /home/htrice/go2_ros2_curr/install/go2_interfaces/local/lib/python3.10/dist-packages/go2_interfaces/msg/_voxel_height_map_state.py
[0.612s] -- Up-to-date symlink: /home/htrice/go2_ros2_curr/install/go2_interfaces/local/lib/python3.10/dist-packages/go2_interfaces/msg/_voxel_height_map_state_s.c
[0.613s] -- Up-to-date symlink: /home/htrice/go2_ros2_curr/install/go2_interfaces/local/lib/python3.10/dist-packages/go2_interfaces/msg/_voxel_map_compressed.py
[0.613s] -- Up-to-date symlink: /home/htrice/go2_ros2_curr/install/go2_interfaces/local/lib/python3.10/dist-packages/go2_interfaces/msg/_voxel_map_compressed_s.c
[0.613s] -- Up-to-date symlink: /home/htrice/go2_ros2_curr/install/go2_interfaces/local/lib/python3.10/dist-packages/go2_interfaces/msg/_web_rtc_req.py
[0.613s] -- Up-to-date symlink: /home/htrice/go2_ros2_curr/install/go2_interfaces/local/lib/python3.10/dist-packages/go2_interfaces/msg/_web_rtc_req_s.c
[0.613s] -- Up-to-date symlink: /home/htrice/go2_ros2_curr/install/go2_interfaces/local/lib/python3.10/dist-packages/go2_interfaces/msg/_wireless_controller.py
[0.613s] -- Up-to-date symlink: /home/htrice/go2_ros2_curr/install/go2_interfaces/local/lib/python3.10/dist-packages/go2_interfaces/msg/_wireless_controller_s.c
[0.614s] -- Up-to-date symlink: /home/htrice/go2_ros2_curr/install/go2_interfaces/local/lib/python3.10/dist-packages/go2_interfaces/go2_interfaces_s__rosidl_typesupport_fastrtps_c.cpython-310-x86_64-linux-gnu.so
[0.614s] -- Up-to-date symlink: /home/htrice/go2_ros2_curr/install/go2_interfaces/local/lib/python3.10/dist-packages/go2_interfaces/go2_interfaces_s__rosidl_typesupport_introspection_c.cpython-310-x86_64-linux-gnu.so
[0.614s] -- Up-to-date symlink: /home/htrice/go2_ros2_curr/install/go2_interfaces/local/lib/python3.10/dist-packages/go2_interfaces/go2_interfaces_s__rosidl_typesupport_c.cpython-310-x86_64-linux-gnu.so
[0.614s] -- Up-to-date symlink: /home/htrice/go2_ros2_curr/install/go2_interfaces/share/go2_interfaces/msg/Go2Cmd.idl
[0.614s] -- Up-to-date symlink: /home/htrice/go2_ros2_curr/install/go2_interfaces/share/go2_interfaces/msg/Go2State.idl
[0.614s] -- Up-to-date symlink: /home/htrice/go2_ros2_curr/install/go2_interfaces/share/go2_interfaces/msg/Go2Move.idl
[0.614s] -- Up-to-date symlink: /home/htrice/go2_ros2_curr/install/go2_interfaces/share/go2_interfaces/msg/Go2RpyCmd.idl
[0.615s] -- Up-to-date symlink: /home/htrice/go2_ros2_curr/install/go2_interfaces/share/go2_interfaces/msg/IMU.idl
[0.615s] -- Up-to-date symlink: /home/htrice/go2_ros2_curr/install/go2_interfaces/share/go2_interfaces/msg/AudioData.idl
[0.615s] -- Up-to-date symlink: /home/htrice/go2_ros2_curr/install/go2_interfaces/share/go2_interfaces/msg/BmsCmd.idl
[0.615s] -- Up-to-date symlink: /home/htrice/go2_ros2_curr/install/go2_interfaces/share/go2_interfaces/msg/BmsState.idl
[0.615s] -- Up-to-date symlink: /home/htrice/go2_ros2_curr/install/go2_interfaces/share/go2_interfaces/msg/Error.idl
[0.615s] -- Up-to-date symlink: /home/htrice/go2_ros2_curr/install/go2_interfaces/share/go2_interfaces/msg/Go2FrontVideoData.idl
[0.615s] -- Up-to-date symlink: /home/htrice/go2_ros2_curr/install/go2_interfaces/share/go2_interfaces/msg/HeightMap.idl
[0.615s] -- Up-to-date symlink: /home/htrice/go2_ros2_curr/install/go2_interfaces/share/go2_interfaces/msg/InterfaceConfig.idl
[0.616s] -- Up-to-date symlink: /home/htrice/go2_ros2_curr/install/go2_interfaces/share/go2_interfaces/msg/LidarState.idl
[0.616s] -- Up-to-date symlink: /home/htrice/go2_ros2_curr/install/go2_interfaces/share/go2_interfaces/msg/LowCmd.idl
[0.616s] -- Up-to-date symlink: /home/htrice/go2_ros2_curr/install/go2_interfaces/share/go2_interfaces/msg/LowState.idl
[0.616s] -- Up-to-date symlink: /home/htrice/go2_ros2_curr/install/go2_interfaces/share/go2_interfaces/msg/MotorCmd.idl
[0.616s] -- Up-to-date symlink: /home/htrice/go2_ros2_curr/install/go2_interfaces/share/go2_interfaces/msg/MotorCmds.idl
[0.616s] -- Up-to-date symlink: /home/htrice/go2_ros2_curr/install/go2_interfaces/share/go2_interfaces/msg/MotorState.idl
[0.616s] -- Up-to-date symlink: /home/htrice/go2_ros2_curr/install/go2_interfaces/share/go2_interfaces/msg/MotorStates.idl
[0.616s] -- Up-to-date symlink: /home/htrice/go2_ros2_curr/install/go2_interfaces/share/go2_interfaces/msg/PathPoint.idl
[0.617s] -- Up-to-date symlink: /home/htrice/go2_ros2_curr/install/go2_interfaces/share/go2_interfaces/msg/Req.idl
[0.617s] -- Up-to-date symlink: /home/htrice/go2_ros2_curr/install/go2_interfaces/share/go2_interfaces/msg/Res.idl
[0.617s] -- Up-to-date symlink: /home/htrice/go2_ros2_curr/install/go2_interfaces/share/go2_interfaces/msg/SportModeCmd.idl
[0.617s] -- Up-to-date symlink: /home/htrice/go2_ros2_curr/install/go2_interfaces/share/go2_interfaces/msg/SportModeState.idl
[0.617s] -- Up-to-date symlink: /home/htrice/go2_ros2_curr/install/go2_interfaces/share/go2_interfaces/msg/TimeSpec.idl
[0.617s] -- Up-to-date symlink: /home/htrice/go2_ros2_curr/install/go2_interfaces/share/go2_interfaces/msg/UwbState.idl
[0.617s] -- Up-to-date symlink: /home/htrice/go2_ros2_curr/install/go2_interfaces/share/go2_interfaces/msg/UwbSwitch.idl
[0.617s] -- Up-to-date symlink: /home/htrice/go2_ros2_curr/install/go2_interfaces/share/go2_interfaces/msg/VoxelMapCompressed.idl
[0.618s] -- Up-to-date symlink: /home/htrice/go2_ros2_curr/install/go2_interfaces/share/go2_interfaces/msg/VoxelHeightMapState.idl
[0.618s] -- Up-to-date symlink: /home/htrice/go2_ros2_curr/install/go2_interfaces/share/go2_interfaces/msg/WebRtcReq.idl
[0.618s] -- Up-to-date symlink: /home/htrice/go2_ros2_curr/install/go2_interfaces/share/go2_interfaces/msg/WirelessController.idl
[0.618s] -- Up-to-date symlink: /home/htrice/go2_ros2_curr/install/go2_interfaces/share/go2_interfaces/msg/Go2Cmd.msg
[0.618s] -- Up-to-date symlink: /home/htrice/go2_ros2_curr/install/go2_interfaces/share/go2_interfaces/msg/Go2State.msg
[0.618s] -- Up-to-date symlink: /home/htrice/go2_ros2_curr/install/go2_interfaces/share/go2_interfaces/msg/Go2Move.msg
[0.618s] -- Up-to-date symlink: /home/htrice/go2_ros2_curr/install/go2_interfaces/share/go2_interfaces/msg/Go2RpyCmd.msg
[0.619s] -- Up-to-date symlink: /home/htrice/go2_ros2_curr/install/go2_interfaces/share/go2_interfaces/msg/IMU.msg
[0.619s] -- Up-to-date symlink: /home/htrice/go2_ros2_curr/install/go2_interfaces/share/go2_interfaces/msg/AudioData.msg
[0.619s] -- Up-to-date symlink: /home/htrice/go2_ros2_curr/install/go2_interfaces/share/go2_interfaces/msg/BmsCmd.msg
[0.619s] -- Up-to-date symlink: /home/htrice/go2_ros2_curr/install/go2_interfaces/share/go2_interfaces/msg/BmsState.msg
[0.619s] -- Up-to-date symlink: /home/htrice/go2_ros2_curr/install/go2_interfaces/share/go2_interfaces/msg/Error.msg
[0.619s] -- Up-to-date symlink: /home/htrice/go2_ros2_curr/install/go2_interfaces/share/go2_interfaces/msg/Go2FrontVideoData.msg
[0.619s] -- Up-to-date symlink: /home/htrice/go2_ros2_curr/install/go2_interfaces/share/go2_interfaces/msg/HeightMap.msg
[0.619s] -- Up-to-date symlink: /home/htrice/go2_ros2_curr/install/go2_interfaces/share/go2_interfaces/msg/InterfaceConfig.msg
[0.620s] -- Up-to-date symlink: /home/htrice/go2_ros2_curr/install/go2_interfaces/share/go2_interfaces/msg/LidarState.msg
[0.620s] -- Up-to-date symlink: /home/htrice/go2_ros2_curr/install/go2_interfaces/share/go2_interfaces/msg/LowCmd.msg
[0.620s] -- Up-to-date symlink: /home/htrice/go2_ros2_curr/install/go2_interfaces/share/go2_interfaces/msg/LowState.msg
[0.620s] -- Up-to-date symlink: /home/htrice/go2_ros2_curr/install/go2_interfaces/share/go2_interfaces/msg/MotorCmd.msg
[0.620s] -- Up-to-date symlink: /home/htrice/go2_ros2_curr/install/go2_interfaces/share/go2_interfaces/msg/MotorCmds.msg
[0.621s] -- Up-to-date symlink: /home/htrice/go2_ros2_curr/install/go2_interfaces/share/go2_interfaces/msg/MotorState.msg
[0.621s] -- Up-to-date symlink: /home/htrice/go2_ros2_curr/install/go2_interfaces/share/go2_interfaces/msg/MotorStates.msg
[0.621s] -- Up-to-date symlink: /home/htrice/go2_ros2_curr/install/go2_interfaces/share/go2_interfaces/msg/PathPoint.msg
[0.621s] -- Up-to-date symlink: /home/htrice/go2_ros2_curr/install/go2_interfaces/share/go2_interfaces/msg/Req.msg
[0.621s] -- Up-to-date symlink: /home/htrice/go2_ros2_curr/install/go2_interfaces/share/go2_interfaces/msg/Res.msg
[0.621s] -- Up-to-date symlink: /home/htrice/go2_ros2_curr/install/go2_interfaces/share/go2_interfaces/msg/SportModeCmd.msg
[0.621s] -- Up-to-date symlink: /home/htrice/go2_ros2_curr/install/go2_interfaces/share/go2_interfaces/msg/SportModeState.msg
[0.621s] -- Up-to-date symlink: /home/htrice/go2_ros2_curr/install/go2_interfaces/share/go2_interfaces/msg/TimeSpec.msg
[0.622s] -- Up-to-date symlink: /home/htrice/go2_ros2_curr/install/go2_interfaces/share/go2_interfaces/msg/UwbState.msg
[0.622s] -- Up-to-date symlink: /home/htrice/go2_ros2_curr/install/go2_interfaces/share/go2_interfaces/msg/UwbSwitch.msg
[0.622s] -- Up-to-date symlink: /home/htrice/go2_ros2_curr/install/go2_interfaces/share/go2_interfaces/msg/VoxelMapCompressed.msg
[0.622s] -- Up-to-date symlink: /home/htrice/go2_ros2_curr/install/go2_interfaces/share/go2_interfaces/msg/VoxelHeightMapState.msg
[0.622s] -- Up-to-date symlink: /home/htrice/go2_ros2_curr/install/go2_interfaces/share/go2_interfaces/msg/WebRtcReq.msg
[0.622s] -- Up-to-date symlink: /home/htrice/go2_ros2_curr/install/go2_interfaces/share/go2_interfaces/msg/WirelessController.msg
[0.622s] -- Up-to-date symlink: /home/htrice/go2_ros2_curr/install/go2_interfaces/share/ament_index/resource_index/package_run_dependencies/go2_interfaces
[0.622s] -- Up-to-date symlink: /home/htrice/go2_ros2_curr/install/go2_interfaces/share/ament_index/resource_index/parent_prefix_path/go2_interfaces
[0.622s] -- Up-to-date symlink: /home/htrice/go2_ros2_curr/install/go2_interfaces/share/go2_interfaces/environment/ament_prefix_path.sh
[0.623s] -- Up-to-date symlink: /home/htrice/go2_ros2_curr/install/go2_interfaces/share/go2_interfaces/environment/ament_prefix_path.dsv
[0.623s] -- Up-to-date symlink: /home/htrice/go2_ros2_curr/install/go2_interfaces/share/go2_interfaces/environment/path.sh
[0.623s] -- Up-to-date symlink: /home/htrice/go2_ros2_curr/install/go2_interfaces/share/go2_interfaces/environment/path.dsv
[0.623s] -- Up-to-date symlink: /home/htrice/go2_ros2_curr/install/go2_interfaces/share/go2_interfaces/local_setup.bash
[0.623s] -- Up-to-date symlink: /home/htrice/go2_ros2_curr/install/go2_interfaces/share/go2_interfaces/local_setup.sh
[0.623s] -- Up-to-date symlink: /home/htrice/go2_ros2_curr/install/go2_interfaces/share/go2_interfaces/local_setup.zsh
[0.623s] -- Up-to-date symlink: /home/htrice/go2_ros2_curr/install/go2_interfaces/share/go2_interfaces/local_setup.dsv
[0.624s] -- Symlinking: /home/htrice/go2_ros2_curr/install/go2_interfaces/share/go2_interfaces/package.dsv
[0.636s] -- Up-to-date symlink: /home/htrice/go2_ros2_curr/install/go2_interfaces/share/ament_index/resource_index/packages/go2_interfaces
[0.636s] -- Up-to-date symlink: /home/htrice/go2_ros2_curr/install/go2_interfaces/share/go2_interfaces/cmake/rosidl_cmake-extras.cmake
[0.636s] -- Up-to-date symlink: /home/htrice/go2_ros2_curr/install/go2_interfaces/share/go2_interfaces/cmake/ament_cmake_export_dependencies-extras.cmake
[0.636s] -- Up-to-date symlink: /home/htrice/go2_ros2_curr/install/go2_interfaces/share/go2_interfaces/cmake/ament_cmake_export_include_directories-extras.cmake
[0.636s] -- Up-to-date symlink: /home/htrice/go2_ros2_curr/install/go2_interfaces/share/go2_interfaces/cmake/ament_cmake_export_libraries-extras.cmake
[0.637s] -- Up-to-date symlink: /home/htrice/go2_ros2_curr/install/go2_interfaces/share/go2_interfaces/cmake/ament_cmake_export_targets-extras.cmake
[0.637s] -- Up-to-date symlink: /home/htrice/go2_ros2_curr/install/go2_interfaces/share/go2_interfaces/cmake/rosidl_cmake_export_typesupport_targets-extras.cmake
[0.637s] -- Up-to-date symlink: /home/htrice/go2_ros2_curr/install/go2_interfaces/share/go2_interfaces/cmake/rosidl_cmake_export_typesupport_libraries-extras.cmake
[0.637s] -- Up-to-date symlink: /home/htrice/go2_ros2_curr/install/go2_interfaces/share/go2_interfaces/cmake/go2_interfacesConfig.cmake
[0.637s] -- Up-to-date symlink: /home/htrice/go2_ros2_curr/install/go2_interfaces/share/go2_interfaces/cmake/go2_interfacesConfig-version.cmake
[0.637s] -- Up-to-date symlink: /home/htrice/go2_ros2_curr/install/go2_interfaces/share/go2_interfaces/package.xml
[0.637s] -- Up-to-date: /home/htrice/go2_ros2_curr/install/go2_interfaces/lib/libgo2_interfaces__rosidl_generator_c.so
[0.638s] -- Up-to-date: /home/htrice/go2_ros2_curr/install/go2_interfaces/lib/libgo2_interfaces__rosidl_typesupport_fastrtps_c.so
[0.638s] -- Up-to-date: /home/htrice/go2_ros2_curr/install/go2_interfaces/lib/libgo2_interfaces__rosidl_typesupport_fastrtps_cpp.so
[0.638s] -- Up-to-date: /home/htrice/go2_ros2_curr/install/go2_interfaces/lib/libgo2_interfaces__rosidl_typesupport_introspection_c.so
[0.639s] -- Up-to-date: /home/htrice/go2_ros2_curr/install/go2_interfaces/lib/libgo2_interfaces__rosidl_typesupport_c.so
[0.639s] -- Up-to-date: /home/htrice/go2_ros2_curr/install/go2_interfaces/lib/libgo2_interfaces__rosidl_typesupport_introspection_cpp.so
[0.639s] -- Up-to-date: /home/htrice/go2_ros2_curr/install/go2_interfaces/lib/libgo2_interfaces__rosidl_typesupport_cpp.so
[0.675s] Listing '/home/htrice/go2_ros2_curr/install/go2_interfaces/local/lib/python3.10/dist-packages/go2_interfaces'...
[0.675s] Listing '/home/htrice/go2_ros2_curr/install/go2_interfaces/local/lib/python3.10/dist-packages/go2_interfaces/msg'...
[0.679s] -- Up-to-date: /home/htrice/go2_ros2_curr/install/go2_interfaces/lib/libgo2_interfaces__rosidl_generator_py.so
[0.679s] -- Up-to-date: /home/htrice/go2_ros2_curr/install/go2_interfaces/share/go2_interfaces/cmake/export_go2_interfaces__rosidl_generator_cExport.cmake
[0.679s] -- Up-to-date: /home/htrice/go2_ros2_curr/install/go2_interfaces/share/go2_interfaces/cmake/export_go2_interfaces__rosidl_generator_cExport-noconfig.cmake
[0.680s] -- Up-to-date: /home/htrice/go2_ros2_curr/install/go2_interfaces/share/go2_interfaces/cmake/export_go2_interfaces__rosidl_typesupport_fastrtps_cExport.cmake
[0.680s] -- Up-to-date: /home/htrice/go2_ros2_curr/install/go2_interfaces/share/go2_interfaces/cmake/export_go2_interfaces__rosidl_typesupport_fastrtps_cExport-noconfig.cmake
[0.680s] -- Up-to-date: /home/htrice/go2_ros2_curr/install/go2_interfaces/share/go2_interfaces/cmake/export_go2_interfaces__rosidl_generator_cppExport.cmake
[0.680s] -- Up-to-date: /home/htrice/go2_ros2_curr/install/go2_interfaces/share/go2_interfaces/cmake/export_go2_interfaces__rosidl_typesupport_fastrtps_cppExport.cmake
[0.680s] -- Up-to-date: /home/htrice/go2_ros2_curr/install/go2_interfaces/share/go2_interfaces/cmake/export_go2_interfaces__rosidl_typesupport_fastrtps_cppExport-noconfig.cmake
[0.681s] -- Up-to-date: /home/htrice/go2_ros2_curr/install/go2_interfaces/share/go2_interfaces/cmake/go2_interfaces__rosidl_typesupport_introspection_cExport.cmake
[0.681s] -- Up-to-date: /home/htrice/go2_ros2_curr/install/go2_interfaces/share/go2_interfaces/cmake/go2_interfaces__rosidl_typesupport_introspection_cExport-noconfig.cmake
[0.681s] -- Up-to-date: /home/htrice/go2_ros2_curr/install/go2_interfaces/share/go2_interfaces/cmake/go2_interfaces__rosidl_typesupport_cExport.cmake
[0.681s] -- Up-to-date: /home/htrice/go2_ros2_curr/install/go2_interfaces/share/go2_interfaces/cmake/go2_interfaces__rosidl_typesupport_cExport-noconfig.cmake
[0.681s] -- Up-to-date: /home/htrice/go2_ros2_curr/install/go2_interfaces/share/go2_interfaces/cmake/go2_interfaces__rosidl_typesupport_introspection_cppExport.cmake
[0.681s] -- Up-to-date: /home/htrice/go2_ros2_curr/install/go2_interfaces/share/go2_interfaces/cmake/go2_interfaces__rosidl_typesupport_introspection_cppExport-noconfig.cmake
[0.681s] -- Up-to-date: /home/htrice/go2_ros2_curr/install/go2_interfaces/share/go2_interfaces/cmake/go2_interfaces__rosidl_typesupport_cppExport.cmake
[0.682s] -- Up-to-date: /home/htrice/go2_ros2_curr/install/go2_interfaces/share/go2_interfaces/cmake/go2_interfaces__rosidl_typesupport_cppExport-noconfig.cmake
[0.682s] -- Up-to-date: /home/htrice/go2_ros2_curr/install/go2_interfaces/share/go2_interfaces/cmake/export_go2_interfaces__rosidl_generator_pyExport.cmake
[0.682s] -- Up-to-date: /home/htrice/go2_ros2_curr/install/go2_interfaces/share/go2_interfaces/cmake/export_go2_interfaces__rosidl_generator_pyExport-noconfig.cmake
[0.684s] Invoked command in '/home/htrice/go2_ros2_curr/build/go2_interfaces' returned '0': CMAKE_PREFIX_PATH=/opt/ros/humble /usr/bin/cmake --install /home/htrice/go2_ros2_curr/build/go2_interfaces
